[0.008s] Invoking command in '/home/rokey/mini_pjt_ws/build/mini_pjt_interfaces': CMAKE_PREFIX_PATH=/opt/ros/humble /usr/bin/cmake --build /home/rokey/mini_pjt_ws/build/mini_pjt_interfaces -- -j22 -l22
[0.044s] [  2%] Built target mini_pjt_interfaces__cpp
[0.045s] [  4%] Built target mini_pjt_interfaces__rs
[0.048s] [ 14%] Built target mini_pjt_interfaces__rosidl_generator_c
[0.053s] [ 14%] Built target ament_cmake_python_symlink_mini_pjt_interfaces
[0.061s] [ 25%] Built target mini_pjt_interfaces__rosidl_typesupport_c
[0.061s] [ 35%] Built target mini_pjt_interfaces__rosidl_typesupport_introspection_c
[0.061s] [ 45%] Built target mini_pjt_interfaces__rosidl_typesupport_fastrtps_c
[0.063s] [ 56%] Built target mini_pjt_interfaces__rosidl_typesupport_introspection_cpp
[0.065s] [ 77%] Built target mini_pjt_interfaces__rosidl_typesupport_fastrtps_cpp
[0.065s] [ 77%] Built target mini_pjt_interfaces__rosidl_typesupport_cpp
[0.078s] [ 77%] Built target mini_pjt_interfaces
[0.093s] [ 79%] Built target mini_pjt_interfaces__py
[0.108s] [ 87%] Built target mini_pjt_interfaces__rosidl_generator_py
[0.124s] [ 91%] Built target mini_pjt_interfaces__rosidl_typesupport_introspection_c__pyext
[0.124s] [ 95%] Built target mini_pjt_interfaces__rosidl_typesupport_c__pyext
[0.125s] [100%] Built target mini_pjt_interfaces__rosidl_typesupport_fastrtps_c__pyext
[0.203s] running egg_info
[0.203s] writing mini_pjt_interfaces.egg-info/PKG-INFO
[0.203s] writing dependency_links to mini_pjt_interfaces.egg-info/dependency_links.txt
[0.203s] writing top-level names to mini_pjt_interfaces.egg-info/top_level.txt
[0.205s] reading manifest file 'mini_pjt_interfaces.egg-info/SOURCES.txt'
[0.206s] writing manifest file 'mini_pjt_interfaces.egg-info/SOURCES.txt'
[0.224s] [100%] Built target ament_cmake_python_build_mini_pjt_interfaces_egg
[0.233s] Invoked command in '/home/rokey/mini_pjt_ws/build/mini_pjt_interfaces' returned '0': CMAKE_PREFIX_PATH=/opt/ros/humble /usr/bin/cmake --build /home/rokey/mini_pjt_ws/build/mini_pjt_interfaces -- -j22 -l22
[0.240s] Invoking command in '/home/rokey/mini_pjt_ws/build/mini_pjt_interfaces': CMAKE_PREFIX_PATH=/opt/ros/humble /usr/bin/cmake --install /home/rokey/mini_pjt_ws/build/mini_pjt_interfaces
[0.245s] -- Install configuration: ""
[0.245s] -- Execute custom install script
[0.245s] -- Up-to-date symlink: /home/rokey/mini_pjt_ws/install/mini_pjt_interfaces/share/ament_index/resource_index/rosidl_interfaces/mini_pjt_interfaces
[0.245s] -- Up-to-date symlink: /home/rokey/mini_pjt_ws/install/mini_pjt_interfaces/include/mini_pjt_interfaces/mini_pjt_interfaces/msg/detail/detection__functions.h
[0.246s] -- Up-to-date symlink: /home/rokey/mini_pjt_ws/install/mini_pjt_interfaces/include/mini_pjt_interfaces/mini_pjt_interfaces/msg/detail/detection__struct.h
[0.246s] -- Up-to-date symlink: /home/rokey/mini_pjt_ws/install/mini_pjt_interfaces/include/mini_pjt_interfaces/mini_pjt_interfaces/msg/detail/detection__type_support.h
[0.246s] -- Up-to-date symlink: /home/rokey/mini_pjt_ws/install/mini_pjt_interfaces/include/mini_pjt_interfaces/mini_pjt_interfaces/msg/detail/detection_array__functions.h
[0.246s] -- Up-to-date symlink: /home/rokey/mini_pjt_ws/install/mini_pjt_interfaces/include/mini_pjt_interfaces/mini_pjt_interfaces/msg/detail/detection_array__struct.h
[0.246s] -- Up-to-date symlink: /home/rokey/mini_pjt_ws/install/mini_pjt_interfaces/include/mini_pjt_interfaces/mini_pjt_interfaces/msg/detail/detection_array__type_support.h
[0.246s] -- Up-to-date symlink: /home/rokey/mini_pjt_ws/install/mini_pjt_interfaces/include/mini_pjt_interfaces/mini_pjt_interfaces/msg/detail/robot_state__functions.h
[0.246s] -- Up-to-date symlink: /home/rokey/mini_pjt_ws/install/mini_pjt_interfaces/include/mini_pjt_interfaces/mini_pjt_interfaces/msg/detail/robot_state__struct.h
[0.246s] -- Up-to-date symlink: /home/rokey/mini_pjt_ws/install/mini_pjt_interfaces/include/mini_pjt_interfaces/mini_pjt_interfaces/msg/detail/robot_state__type_support.h
[0.246s] -- Up-to-date symlink: /home/rokey/mini_pjt_ws/install/mini_pjt_interfaces/include/mini_pjt_interfaces/mini_pjt_interfaces/msg/detection.h
[0.246s] -- Up-to-date symlink: /home/rokey/mini_pjt_ws/install/mini_pjt_interfaces/include/mini_pjt_interfaces/mini_pjt_interfaces/msg/detection_array.h
[0.246s] -- Up-to-date symlink: /home/rokey/mini_pjt_ws/install/mini_pjt_interfaces/include/mini_pjt_interfaces/mini_pjt_interfaces/msg/robot_state.h
[0.246s] -- Up-to-date symlink: /home/rokey/mini_pjt_ws/install/mini_pjt_interfaces/include/mini_pjt_interfaces/mini_pjt_interfaces/msg/rosidl_generator_c__visibility_control.h
[0.246s] -- Up-to-date symlink: /home/rokey/mini_pjt_ws/install/mini_pjt_interfaces/share/mini_pjt_interfaces/environment/library_path.sh
[0.246s] -- Up-to-date symlink: /home/rokey/mini_pjt_ws/install/mini_pjt_interfaces/share/mini_pjt_interfaces/environment/library_path.dsv
[0.246s] -- Up-to-date symlink: /home/rokey/mini_pjt_ws/install/mini_pjt_interfaces/include/mini_pjt_interfaces/mini_pjt_interfaces/msg/detail/detection__rosidl_typesupport_fastrtps_c.h
[0.246s] -- Up-to-date symlink: /home/rokey/mini_pjt_ws/install/mini_pjt_interfaces/include/mini_pjt_interfaces/mini_pjt_interfaces/msg/detail/detection_array__rosidl_typesupport_fastrtps_c.h
[0.246s] -- Up-to-date symlink: /home/rokey/mini_pjt_ws/install/mini_pjt_interfaces/include/mini_pjt_interfaces/mini_pjt_interfaces/msg/detail/robot_state__rosidl_typesupport_fastrtps_c.h
[0.246s] -- Up-to-date symlink: /home/rokey/mini_pjt_ws/install/mini_pjt_interfaces/include/mini_pjt_interfaces/mini_pjt_interfaces/msg/rosidl_typesupport_fastrtps_c__visibility_control.h
[0.247s] -- Up-to-date symlink: /home/rokey/mini_pjt_ws/install/mini_pjt_interfaces/include/mini_pjt_interfaces/mini_pjt_interfaces/msg/detail/detection__rosidl_typesupport_introspection_c.h
[0.247s] -- Up-to-date symlink: /home/rokey/mini_pjt_ws/install/mini_pjt_interfaces/include/mini_pjt_interfaces/mini_pjt_interfaces/msg/detail/detection_array__rosidl_typesupport_introspection_c.h
[0.247s] -- Up-to-date symlink: /home/rokey/mini_pjt_ws/install/mini_pjt_interfaces/include/mini_pjt_interfaces/mini_pjt_interfaces/msg/detail/robot_state__rosidl_typesupport_introspection_c.h
[0.247s] -- Up-to-date symlink: /home/rokey/mini_pjt_ws/install/mini_pjt_interfaces/include/mini_pjt_interfaces/mini_pjt_interfaces/msg/rosidl_typesupport_introspection_c__visibility_control.h
[0.247s] -- Up-to-date symlink: /home/rokey/mini_pjt_ws/install/mini_pjt_interfaces/include/mini_pjt_interfaces/mini_pjt_interfaces/msg/detail/detection__builder.hpp
[0.247s] -- Up-to-date symlink: /home/rokey/mini_pjt_ws/install/mini_pjt_interfaces/include/mini_pjt_interfaces/mini_pjt_interfaces/msg/detail/detection__struct.hpp
[0.247s] -- Up-to-date symlink: /home/rokey/mini_pjt_ws/install/mini_pjt_interfaces/include/mini_pjt_interfaces/mini_pjt_interfaces/msg/detail/detection__traits.hpp
[0.247s] -- Up-to-date symlink: /home/rokey/mini_pjt_ws/install/mini_pjt_interfaces/include/mini_pjt_interfaces/mini_pjt_interfaces/msg/detail/detection__type_support.hpp
[0.247s] -- Up-to-date symlink: /home/rokey/mini_pjt_ws/install/mini_pjt_interfaces/include/mini_pjt_interfaces/mini_pjt_interfaces/msg/detail/detection_array__builder.hpp
[0.247s] -- Up-to-date symlink: /home/rokey/mini_pjt_ws/install/mini_pjt_interfaces/include/mini_pjt_interfaces/mini_pjt_interfaces/msg/detail/detection_array__struct.hpp
[0.247s] -- Up-to-date symlink: /home/rokey/mini_pjt_ws/install/mini_pjt_interfaces/include/mini_pjt_interfaces/mini_pjt_interfaces/msg/detail/detection_array__traits.hpp
[0.247s] -- Up-to-date symlink: /home/rokey/mini_pjt_ws/install/mini_pjt_interfaces/include/mini_pjt_interfaces/mini_pjt_interfaces/msg/detail/detection_array__type_support.hpp
[0.247s] -- Up-to-date symlink: /home/rokey/mini_pjt_ws/install/mini_pjt_interfaces/include/mini_pjt_interfaces/mini_pjt_interfaces/msg/detail/robot_state__builder.hpp
[0.247s] -- Up-to-date symlink: /home/rokey/mini_pjt_ws/install/mini_pjt_interfaces/include/mini_pjt_interfaces/mini_pjt_interfaces/msg/detail/robot_state__struct.hpp
[0.247s] -- Up-to-date symlink: /home/rokey/mini_pjt_ws/install/mini_pjt_interfaces/include/mini_pjt_interfaces/mini_pjt_interfaces/msg/detail/robot_state__traits.hpp
[0.247s] -- Up-to-date symlink: /home/rokey/mini_pjt_ws/install/mini_pjt_interfaces/include/mini_pjt_interfaces/mini_pjt_interfaces/msg/detail/robot_state__type_support.hpp
[0.247s] -- Up-to-date symlink: /home/rokey/mini_pjt_ws/install/mini_pjt_interfaces/include/mini_pjt_interfaces/mini_pjt_interfaces/msg/detection.hpp
[0.247s] -- Up-to-date symlink: /home/rokey/mini_pjt_ws/install/mini_pjt_interfaces/include/mini_pjt_interfaces/mini_pjt_interfaces/msg/detection_array.hpp
[0.248s] -- Up-to-date symlink: /home/rokey/mini_pjt_ws/install/mini_pjt_interfaces/include/mini_pjt_interfaces/mini_pjt_interfaces/msg/robot_state.hpp
[0.248s] -- Up-to-date symlink: /home/rokey/mini_pjt_ws/install/mini_pjt_interfaces/include/mini_pjt_interfaces/mini_pjt_interfaces/msg/rosidl_generator_cpp__visibility_control.hpp
[0.248s] -- Up-to-date symlink: /home/rokey/mini_pjt_ws/install/mini_pjt_interfaces/include/mini_pjt_interfaces/mini_pjt_interfaces/msg/detail/detection__rosidl_typesupport_fastrtps_cpp.hpp
[0.248s] -- Up-to-date symlink: /home/rokey/mini_pjt_ws/install/mini_pjt_interfaces/include/mini_pjt_interfaces/mini_pjt_interfaces/msg/detail/detection_array__rosidl_typesupport_fastrtps_cpp.hpp
[0.248s] -- Up-to-date symlink: /home/rokey/mini_pjt_ws/install/mini_pjt_interfaces/include/mini_pjt_interfaces/mini_pjt_interfaces/msg/detail/robot_state__rosidl_typesupport_fastrtps_cpp.hpp
[0.248s] -- Up-to-date symlink: /home/rokey/mini_pjt_ws/install/mini_pjt_interfaces/include/mini_pjt_interfaces/mini_pjt_interfaces/msg/rosidl_typesupport_fastrtps_cpp__visibility_control.h
[0.248s] -- Up-to-date symlink: /home/rokey/mini_pjt_ws/install/mini_pjt_interfaces/include/mini_pjt_interfaces/mini_pjt_interfaces/msg/detail/detection__rosidl_typesupport_introspection_cpp.hpp
[0.248s] -- Up-to-date symlink: /home/rokey/mini_pjt_ws/install/mini_pjt_interfaces/include/mini_pjt_interfaces/mini_pjt_interfaces/msg/detail/detection_array__rosidl_typesupport_introspection_cpp.hpp
[0.248s] -- Up-to-date symlink: /home/rokey/mini_pjt_ws/install/mini_pjt_interfaces/include/mini_pjt_interfaces/mini_pjt_interfaces/msg/detail/robot_state__rosidl_typesupport_introspection_cpp.hpp
[0.248s] -- Up-to-date symlink: /home/rokey/mini_pjt_ws/install/mini_pjt_interfaces/share/mini_pjt_interfaces/environment/pythonpath.sh
[0.248s] -- Up-to-date symlink: /home/rokey/mini_pjt_ws/install/mini_pjt_interfaces/share/mini_pjt_interfaces/environment/pythonpath.dsv
[0.248s] -- Up-to-date symlink: /home/rokey/mini_pjt_ws/install/mini_pjt_interfaces/local/lib/python3.10/dist-packages/mini_pjt_interfaces-0.0.1-py3.10.egg-info/PKG-INFO
[0.248s] -- Up-to-date symlink: /home/rokey/mini_pjt_ws/install/mini_pjt_interfaces/local/lib/python3.10/dist-packages/mini_pjt_interfaces-0.0.1-py3.10.egg-info/SOURCES.txt
[0.248s] -- Up-to-date symlink: /home/rokey/mini_pjt_ws/install/mini_pjt_interfaces/local/lib/python3.10/dist-packages/mini_pjt_interfaces-0.0.1-py3.10.egg-info/dependency_links.txt
[0.248s] -- Up-to-date symlink: /home/rokey/mini_pjt_ws/install/mini_pjt_interfaces/local/lib/python3.10/dist-packages/mini_pjt_interfaces-0.0.1-py3.10.egg-info/top_level.txt
[0.249s] -- Up-to-date symlink: /home/rokey/mini_pjt_ws/install/mini_pjt_interfaces/local/lib/python3.10/dist-packages/mini_pjt_interfaces/__init__.py
[0.249s] -- Up-to-date symlink: /home/rokey/mini_pjt_ws/install/mini_pjt_interfaces/local/lib/python3.10/dist-packages/mini_pjt_interfaces/_mini_pjt_interfaces_s.ep.rosidl_typesupport_c.c
[0.249s] -- Up-to-date symlink: /home/rokey/mini_pjt_ws/install/mini_pjt_interfaces/local/lib/python3.10/dist-packages/mini_pjt_interfaces/_mini_pjt_interfaces_s.ep.rosidl_typesupport_fastrtps_c.c
[0.249s] -- Up-to-date symlink: /home/rokey/mini_pjt_ws/install/mini_pjt_interfaces/local/lib/python3.10/dist-packages/mini_pjt_interfaces/_mini_pjt_interfaces_s.ep.rosidl_typesupport_introspection_c.c
[0.249s] -- Up-to-date symlink: /home/rokey/mini_pjt_ws/install/mini_pjt_interfaces/local/lib/python3.10/dist-packages/mini_pjt_interfaces/libmini_pjt_interfaces__rosidl_generator_py.so
[0.249s] -- Up-to-date symlink: /home/rokey/mini_pjt_ws/install/mini_pjt_interfaces/local/lib/python3.10/dist-packages/mini_pjt_interfaces/mini_pjt_interfaces_s__rosidl_typesupport_c.cpython-310-x86_64-linux-gnu.so
[0.249s] -- Up-to-date symlink: /home/rokey/mini_pjt_ws/install/mini_pjt_interfaces/local/lib/python3.10/dist-packages/mini_pjt_interfaces/mini_pjt_interfaces_s__rosidl_typesupport_fastrtps_c.cpython-310-x86_64-linux-gnu.so
[0.249s] -- Up-to-date symlink: /home/rokey/mini_pjt_ws/install/mini_pjt_interfaces/local/lib/python3.10/dist-packages/mini_pjt_interfaces/mini_pjt_interfaces_s__rosidl_typesupport_introspection_c.cpython-310-x86_64-linux-gnu.so
[0.249s] -- Up-to-date symlink: /home/rokey/mini_pjt_ws/install/mini_pjt_interfaces/local/lib/python3.10/dist-packages/mini_pjt_interfaces/msg/__init__.py
[0.249s] -- Up-to-date symlink: /home/rokey/mini_pjt_ws/install/mini_pjt_interfaces/local/lib/python3.10/dist-packages/mini_pjt_interfaces/msg/_detection.py
[0.249s] -- Up-to-date symlink: /home/rokey/mini_pjt_ws/install/mini_pjt_interfaces/local/lib/python3.10/dist-packages/mini_pjt_interfaces/msg/_detection_array.py
[0.249s] -- Up-to-date symlink: /home/rokey/mini_pjt_ws/install/mini_pjt_interfaces/local/lib/python3.10/dist-packages/mini_pjt_interfaces/msg/_detection_array_s.c
[0.249s] -- Up-to-date symlink: /home/rokey/mini_pjt_ws/install/mini_pjt_interfaces/local/lib/python3.10/dist-packages/mini_pjt_interfaces/msg/_detection_s.c
[0.249s] -- Up-to-date symlink: /home/rokey/mini_pjt_ws/install/mini_pjt_interfaces/local/lib/python3.10/dist-packages/mini_pjt_interfaces/msg/_robot_state.py
[0.249s] -- Up-to-date symlink: /home/rokey/mini_pjt_ws/install/mini_pjt_interfaces/local/lib/python3.10/dist-packages/mini_pjt_interfaces/msg/_robot_state_s.c
[0.249s] -- Up-to-date symlink: /home/rokey/mini_pjt_ws/install/mini_pjt_interfaces/local/lib/python3.10/dist-packages/mini_pjt_interfaces/mini_pjt_interfaces_s__rosidl_typesupport_fastrtps_c.cpython-310-x86_64-linux-gnu.so
[0.249s] -- Up-to-date symlink: /home/rokey/mini_pjt_ws/install/mini_pjt_interfaces/local/lib/python3.10/dist-packages/mini_pjt_interfaces/mini_pjt_interfaces_s__rosidl_typesupport_introspection_c.cpython-310-x86_64-linux-gnu.so
[0.250s] -- Up-to-date symlink: /home/rokey/mini_pjt_ws/install/mini_pjt_interfaces/local/lib/python3.10/dist-packages/mini_pjt_interfaces/mini_pjt_interfaces_s__rosidl_typesupport_c.cpython-310-x86_64-linux-gnu.so
[0.250s] -- Up-to-date symlink: /home/rokey/mini_pjt_ws/install/mini_pjt_interfaces/share/ament_index/resource_index/rust_packages/mini_pjt_interfaces
[0.250s] -- Up-to-date symlink: /home/rokey/mini_pjt_ws/install/mini_pjt_interfaces/share/mini_pjt_interfaces/rust/Cargo.toml
[0.250s] -- Up-to-date symlink: /home/rokey/mini_pjt_ws/install/mini_pjt_interfaces/share/mini_pjt_interfaces/rust/build.rs
[0.250s] -- Up-to-date symlink: /home/rokey/mini_pjt_ws/install/mini_pjt_interfaces/share/mini_pjt_interfaces/rust/src/lib.rs
[0.250s] -- Up-to-date symlink: /home/rokey/mini_pjt_ws/install/mini_pjt_interfaces/share/mini_pjt_interfaces/rust/src/msg.rs
[0.250s] -- Up-to-date symlink: /home/rokey/mini_pjt_ws/install/mini_pjt_interfaces/share/mini_pjt_interfaces/rust/src/msg/rmw.rs
[0.250s] -- Up-to-date symlink: /home/rokey/mini_pjt_ws/install/mini_pjt_interfaces/share/mini_pjt_interfaces/msg/Detection.idl
[0.250s] -- Up-to-date symlink: /home/rokey/mini_pjt_ws/install/mini_pjt_interfaces/share/mini_pjt_interfaces/msg/DetectionArray.idl
[0.250s] -- Up-to-date symlink: /home/rokey/mini_pjt_ws/install/mini_pjt_interfaces/share/mini_pjt_interfaces/msg/RobotState.idl
[0.250s] -- Up-to-date symlink: /home/rokey/mini_pjt_ws/install/mini_pjt_interfaces/share/mini_pjt_interfaces/msg/Detection.msg
[0.250s] -- Up-to-date symlink: /home/rokey/mini_pjt_ws/install/mini_pjt_interfaces/share/mini_pjt_interfaces/msg/DetectionArray.msg
[0.250s] -- Up-to-date symlink: /home/rokey/mini_pjt_ws/install/mini_pjt_interfaces/share/mini_pjt_interfaces/msg/RobotState.msg
[0.250s] -- Up-to-date symlink: /home/rokey/mini_pjt_ws/install/mini_pjt_interfaces/share/ament_index/resource_index/package_run_dependencies/mini_pjt_interfaces
[0.250s] -- Up-to-date symlink: /home/rokey/mini_pjt_ws/install/mini_pjt_interfaces/share/ament_index/resource_index/parent_prefix_path/mini_pjt_interfaces
[0.250s] -- Up-to-date symlink: /home/rokey/mini_pjt_ws/install/mini_pjt_interfaces/share/mini_pjt_interfaces/environment/ament_prefix_path.sh
[0.250s] -- Up-to-date symlink: /home/rokey/mini_pjt_ws/install/mini_pjt_interfaces/share/mini_pjt_interfaces/environment/ament_prefix_path.dsv
[0.251s] -- Up-to-date symlink: /home/rokey/mini_pjt_ws/install/mini_pjt_interfaces/share/mini_pjt_interfaces/environment/path.sh
[0.251s] -- Up-to-date symlink: /home/rokey/mini_pjt_ws/install/mini_pjt_interfaces/share/mini_pjt_interfaces/environment/path.dsv
[0.251s] -- Up-to-date symlink: /home/rokey/mini_pjt_ws/install/mini_pjt_interfaces/share/mini_pjt_interfaces/local_setup.bash
[0.251s] -- Up-to-date symlink: /home/rokey/mini_pjt_ws/install/mini_pjt_interfaces/share/mini_pjt_interfaces/local_setup.sh
[0.251s] -- Up-to-date symlink: /home/rokey/mini_pjt_ws/install/mini_pjt_interfaces/share/mini_pjt_interfaces/local_setup.zsh
[0.251s] -- Up-to-date symlink: /home/rokey/mini_pjt_ws/install/mini_pjt_interfaces/share/mini_pjt_interfaces/local_setup.dsv
[0.251s] -- Symlinking: /home/rokey/mini_pjt_ws/install/mini_pjt_interfaces/share/mini_pjt_interfaces/package.dsv
[0.257s] -- Up-to-date symlink: /home/rokey/mini_pjt_ws/install/mini_pjt_interfaces/share/ament_index/resource_index/packages/mini_pjt_interfaces
[0.257s] -- Up-to-date symlink: /home/rokey/mini_pjt_ws/install/mini_pjt_interfaces/share/mini_pjt_interfaces/cmake/rosidl_cmake-extras.cmake
[0.257s] -- Up-to-date symlink: /home/rokey/mini_pjt_ws/install/mini_pjt_interfaces/share/mini_pjt_interfaces/cmake/ament_cmake_export_dependencies-extras.cmake
[0.257s] -- Up-to-date symlink: /home/rokey/mini_pjt_ws/install/mini_pjt_interfaces/share/mini_pjt_interfaces/cmake/ament_cmake_export_include_directories-extras.cmake
[0.258s] -- Up-to-date symlink: /home/rokey/mini_pjt_ws/install/mini_pjt_interfaces/share/mini_pjt_interfaces/cmake/ament_cmake_export_libraries-extras.cmake
[0.258s] -- Up-to-date symlink: /home/rokey/mini_pjt_ws/install/mini_pjt_interfaces/share/mini_pjt_interfaces/cmake/ament_cmake_export_targets-extras.cmake
[0.258s] -- Up-to-date symlink: /home/rokey/mini_pjt_ws/install/mini_pjt_interfaces/share/mini_pjt_interfaces/cmake/rosidl_cmake_export_typesupport_targets-extras.cmake
[0.258s] -- Up-to-date symlink: /home/rokey/mini_pjt_ws/install/mini_pjt_interfaces/share/mini_pjt_interfaces/cmake/rosidl_cmake_export_typesupport_libraries-extras.cmake
[0.258s] -- Up-to-date symlink: /home/rokey/mini_pjt_ws/install/mini_pjt_interfaces/share/mini_pjt_interfaces/cmake/rosidl_cmake_aggregate_target-extras.cmake
[0.258s] -- Up-to-date symlink: /home/rokey/mini_pjt_ws/install/mini_pjt_interfaces/share/mini_pjt_interfaces/cmake/mini_pjt_interfacesConfig.cmake
[0.258s] -- Up-to-date symlink: /home/rokey/mini_pjt_ws/install/mini_pjt_interfaces/share/mini_pjt_interfaces/cmake/mini_pjt_interfacesConfig-version.cmake
[0.258s] -- Up-to-date symlink: /home/rokey/mini_pjt_ws/install/mini_pjt_interfaces/share/mini_pjt_interfaces/package.xml
[0.258s] -- Up-to-date: /home/rokey/mini_pjt_ws/install/mini_pjt_interfaces/lib/libmini_pjt_interfaces__rosidl_generator_c.so
[0.258s] -- Up-to-date: /home/rokey/mini_pjt_ws/install/mini_pjt_interfaces/lib/libmini_pjt_interfaces__rosidl_typesupport_fastrtps_c.so
[0.258s] -- Up-to-date: /home/rokey/mini_pjt_ws/install/mini_pjt_interfaces/lib/libmini_pjt_interfaces__rosidl_typesupport_introspection_c.so
[0.258s] -- Up-to-date: /home/rokey/mini_pjt_ws/install/mini_pjt_interfaces/lib/libmini_pjt_interfaces__rosidl_typesupport_c.so
[0.258s] -- Up-to-date: /home/rokey/mini_pjt_ws/install/mini_pjt_interfaces/lib/libmini_pjt_interfaces__rosidl_typesupport_fastrtps_cpp.so
[0.258s] -- Up-to-date: /home/rokey/mini_pjt_ws/install/mini_pjt_interfaces/lib/libmini_pjt_interfaces__rosidl_typesupport_introspection_cpp.so
[0.259s] -- Up-to-date: /home/rokey/mini_pjt_ws/install/mini_pjt_interfaces/lib/libmini_pjt_interfaces__rosidl_typesupport_cpp.so
[0.277s] Listing '/home/rokey/mini_pjt_ws/install/mini_pjt_interfaces/local/lib/python3.10/dist-packages/mini_pjt_interfaces'...
[0.277s] Listing '/home/rokey/mini_pjt_ws/install/mini_pjt_interfaces/local/lib/python3.10/dist-packages/mini_pjt_interfaces/msg'...
[0.280s] -- Up-to-date: /home/rokey/mini_pjt_ws/install/mini_pjt_interfaces/lib/libmini_pjt_interfaces__rosidl_generator_py.so
[0.280s] -- Up-to-date: /home/rokey/mini_pjt_ws/install/mini_pjt_interfaces/share/mini_pjt_interfaces/cmake/export_mini_pjt_interfaces__rosidl_generator_cExport.cmake
[0.280s] -- Up-to-date: /home/rokey/mini_pjt_ws/install/mini_pjt_interfaces/share/mini_pjt_interfaces/cmake/export_mini_pjt_interfaces__rosidl_generator_cExport-noconfig.cmake
[0.280s] -- Up-to-date: /home/rokey/mini_pjt_ws/install/mini_pjt_interfaces/share/mini_pjt_interfaces/cmake/export_mini_pjt_interfaces__rosidl_typesupport_fastrtps_cExport.cmake
[0.280s] -- Up-to-date: /home/rokey/mini_pjt_ws/install/mini_pjt_interfaces/share/mini_pjt_interfaces/cmake/export_mini_pjt_interfaces__rosidl_typesupport_fastrtps_cExport-noconfig.cmake
[0.280s] -- Up-to-date: /home/rokey/mini_pjt_ws/install/mini_pjt_interfaces/share/mini_pjt_interfaces/cmake/mini_pjt_interfaces__rosidl_typesupport_introspection_cExport.cmake
[0.280s] -- Up-to-date: /home/rokey/mini_pjt_ws/install/mini_pjt_interfaces/share/mini_pjt_interfaces/cmake/mini_pjt_interfaces__rosidl_typesupport_introspection_cExport-noconfig.cmake
[0.280s] -- Up-to-date: /home/rokey/mini_pjt_ws/install/mini_pjt_interfaces/share/mini_pjt_interfaces/cmake/mini_pjt_interfaces__rosidl_typesupport_cExport.cmake
[0.280s] -- Up-to-date: /home/rokey/mini_pjt_ws/install/mini_pjt_interfaces/share/mini_pjt_interfaces/cmake/mini_pjt_interfaces__rosidl_typesupport_cExport-noconfig.cmake
[0.280s] -- Up-to-date: /home/rokey/mini_pjt_ws/install/mini_pjt_interfaces/share/mini_pjt_interfaces/cmake/export_mini_pjt_interfaces__rosidl_generator_cppExport.cmake
[0.280s] -- Up-to-date: /home/rokey/mini_pjt_ws/install/mini_pjt_interfaces/share/mini_pjt_interfaces/cmake/export_mini_pjt_interfaces__rosidl_typesupport_fastrtps_cppExport.cmake
[0.280s] -- Up-to-date: /home/rokey/mini_pjt_ws/install/mini_pjt_interfaces/share/mini_pjt_interfaces/cmake/export_mini_pjt_interfaces__rosidl_typesupport_fastrtps_cppExport-noconfig.cmake
[0.280s] -- Up-to-date: /home/rokey/mini_pjt_ws/install/mini_pjt_interfaces/share/mini_pjt_interfaces/cmake/mini_pjt_interfaces__rosidl_typesupport_introspection_cppExport.cmake
[0.280s] -- Up-to-date: /home/rokey/mini_pjt_ws/install/mini_pjt_interfaces/share/mini_pjt_interfaces/cmake/mini_pjt_interfaces__rosidl_typesupport_introspection_cppExport-noconfig.cmake
[0.280s] -- Up-to-date: /home/rokey/mini_pjt_ws/install/mini_pjt_interfaces/share/mini_pjt_interfaces/cmake/mini_pjt_interfaces__rosidl_typesupport_cppExport.cmake
[0.280s] -- Up-to-date: /home/rokey/mini_pjt_ws/install/mini_pjt_interfaces/share/mini_pjt_interfaces/cmake/mini_pjt_interfaces__rosidl_typesupport_cppExport-noconfig.cmake
[0.280s] -- Up-to-date: /home/rokey/mini_pjt_ws/install/mini_pjt_interfaces/share/mini_pjt_interfaces/cmake/export_mini_pjt_interfaces__rosidl_generator_pyExport.cmake
[0.280s] -- Up-to-date: /home/rokey/mini_pjt_ws/install/mini_pjt_interfaces/share/mini_pjt_interfaces/cmake/export_mini_pjt_interfaces__rosidl_generator_pyExport-noconfig.cmake
[0.281s] Invoked command in '/home/rokey/mini_pjt_ws/build/mini_pjt_interfaces' returned '0': CMAKE_PREFIX_PATH=/opt/ros/humble /usr/bin/cmake --install /home/rokey/mini_pjt_ws/build/mini_pjt_interfaces
