running develop
running egg_info
creating mini_pjt_control.egg-info
writing mini_pjt_control.egg-info/PKG-INFO
writing dependency_links to mini_pjt_control.egg-info/dependency_links.txt
writing entry points to mini_pjt_control.egg-info/entry_points.txt
writing requirements to mini_pjt_control.egg-info/requires.txt
writing top-level names to mini_pjt_control.egg-info/top_level.txt
writing manifest file 'mini_pjt_control.egg-info/SOURCES.txt'
reading manifest file 'mini_pjt_control.egg-info/SOURCES.txt'
writing manifest file 'mini_pjt_control.egg-info/SOURCES.txt'
running build_ext
Creating /home/rokey/mini_pjt_ws/install/mini_pjt_control/lib/python3.10/site-packages/mini-pjt-control.egg-link (link to .)
Installing approach_controller script to /home/rokey/mini_pjt_ws/install/mini_pjt_control/lib/mini_pjt_control
Installing mission_manager script to /home/rokey/mini_pjt_ws/install/mini_pjt_control/lib/mini_pjt_control

Installed /home/rokey/mini_pjt_ws/build/mini_pjt_control
running symlink_data
creating /home/rokey/mini_pjt_ws/install/mini_pjt_control/share/ament_index
creating /home/rokey/mini_pjt_ws/install/mini_pjt_control/share/ament_index/resource_index
creating /home/rokey/mini_pjt_ws/install/mini_pjt_control/share/ament_index/resource_index/packages
symbolically linking /home/rokey/mini_pjt_ws/build/mini_pjt_control/resource/mini_pjt_control -> /home/rokey/mini_pjt_ws/install/mini_pjt_control/share/ament_index/resource_index/packages
symbolically linking /home/rokey/mini_pjt_ws/build/mini_pjt_control/package.xml -> /home/rokey/mini_pjt_ws/install/mini_pjt_control/share/mini_pjt_control
