[0.679s] Invoking command in '/home/rokey/mini_pjt_ws/build/mini_pjt_control': AMENT_PREFIX_PATH=/home/rokey/mini_pjt_ws/install/mini_pjt_interfaces:${AMENT_PREFIX_PATH} CMAKE_PREFIX_PATH=/home/rokey/mini_pjt_ws/install/mini_pjt_interfaces LD_LIBRARY_PATH=/home/rokey/mini_pjt_ws/install/mini_pjt_interfaces/lib:${LD_LIBRARY_PATH} PYTHONPATH=/home/rokey/mini_pjt_ws/build/mini_pjt_control/prefix_override:/usr/lib/python3/dist-packages/colcon_core/task/python/colcon_distutils_commands:/home/rokey/mini_pjt_ws/install/mini_pjt_control/lib/python3.10/site-packages:/home/rokey/mini_pjt_ws/install/mini_pjt_interfaces/local/lib/python3.10/dist-packages:${PYTHONPATH} /usr/bin/python3 -W ignore:setup.py install is deprecated -W ignore:easy_install command is deprecated setup.py develop --editable --build-directory /home/rokey/mini_pjt_ws/build/mini_pjt_control/build --no-deps symlink_data
[0.825s] running develop
[0.922s] running egg_info
[0.923s] creating mini_pjt_control.egg-info
[0.923s] writing mini_pjt_control.egg-info/PKG-INFO
[0.923s] writing dependency_links to mini_pjt_control.egg-info/dependency_links.txt
[0.923s] writing entry points to mini_pjt_control.egg-info/entry_points.txt
[0.923s] writing requirements to mini_pjt_control.egg-info/requires.txt
[0.923s] writing top-level names to mini_pjt_control.egg-info/top_level.txt
[0.923s] writing manifest file 'mini_pjt_control.egg-info/SOURCES.txt'
[0.924s] reading manifest file 'mini_pjt_control.egg-info/SOURCES.txt'
[0.925s] writing manifest file 'mini_pjt_control.egg-info/SOURCES.txt'
[0.926s] running build_ext
[0.926s] Creating /home/rokey/mini_pjt_ws/install/mini_pjt_control/lib/python3.10/site-packages/mini-pjt-control.egg-link (link to .)
[0.926s] Installing approach_controller script to /home/rokey/mini_pjt_ws/install/mini_pjt_control/lib/mini_pjt_control
[0.927s] Installing mission_manager script to /home/rokey/mini_pjt_ws/install/mini_pjt_control/lib/mini_pjt_control
[0.927s] 
[0.927s] Installed /home/rokey/mini_pjt_ws/build/mini_pjt_control
[0.927s] running symlink_data
[0.927s] creating /home/rokey/mini_pjt_ws/install/mini_pjt_control/share/ament_index
[0.927s] creating /home/rokey/mini_pjt_ws/install/mini_pjt_control/share/ament_index/resource_index
[0.927s] creating /home/rokey/mini_pjt_ws/install/mini_pjt_control/share/ament_index/resource_index/packages
[0.927s] symbolically linking /home/rokey/mini_pjt_ws/build/mini_pjt_control/resource/mini_pjt_control -> /home/rokey/mini_pjt_ws/install/mini_pjt_control/share/ament_index/resource_index/packages
[0.927s] symbolically linking /home/rokey/mini_pjt_ws/build/mini_pjt_control/package.xml -> /home/rokey/mini_pjt_ws/install/mini_pjt_control/share/mini_pjt_control
[0.957s] Invoked command in '/home/rokey/mini_pjt_ws/build/mini_pjt_control' returned '0': AMENT_PREFIX_PATH=/home/rokey/mini_pjt_ws/install/mini_pjt_interfaces:${AMENT_PREFIX_PATH} CMAKE_PREFIX_PATH=/home/rokey/mini_pjt_ws/install/mini_pjt_interfaces LD_LIBRARY_PATH=/home/rokey/mini_pjt_ws/install/mini_pjt_interfaces/lib:${LD_LIBRARY_PATH} PYTHONPATH=/home/rokey/mini_pjt_ws/build/mini_pjt_control/prefix_override:/usr/lib/python3/dist-packages/colcon_core/task/python/colcon_distutils_commands:/home/rokey/mini_pjt_ws/install/mini_pjt_control/lib/python3.10/site-packages:/home/rokey/mini_pjt_ws/install/mini_pjt_interfaces/local/lib/python3.10/dist-packages:${PYTHONPATH} /usr/bin/python3 -W ignore:setup.py install is deprecated -W ignore:easy_install command is deprecated setup.py develop --editable --build-directory /home/rokey/mini_pjt_ws/build/mini_pjt_control/build --no-deps symlink_data
