[0.057s] DEBUG:colcon:Command line arguments: ['/usr/bin/colcon', 'build', '--symlink-install']
[0.057s] DEBUG:colcon:Parsed command line arguments: Namespace(log_base=None, log_level=None, verb_name='build', build_base='build', install_base='install', merge_install=False, symlink_install=True, test_result_base=None, continue_on_error=False, executor='parallel', parallel_workers=22, event_handlers=None, ignore_user_meta=False, metas=['./colcon.meta'], base_paths=['.'], packages_ignore=None, packages_ignore_regex=None, paths=None, packages_up_to=None, packages_up_to_regex=None, packages_above=None, packages_above_and_dependencies=None, packages_above_depth=None, packages_select_by_dep=None, packages_skip_by_dep=None, packages_skip_up_to=None, packages_select_build_failed=False, packages_skip_build_finished=False, packages_select_test_failures=False, packages_skip_test_passed=False, packages_select=None, packages_skip=None, packages_select_regex=None, packages_skip_regex=None, packages_start=None, packages_end=None, allow_overriding=[], cmake_args=None, cmake_target=None, cmake_target_skip_unavailable=False, cmake_clean_cache=False, cmake_clean_first=False, cmake_force_configure=False, ament_cmake_args=None, catkin_cmake_args=None, catkin_skip_building_tests=False, mixin_files=None, mixin=None, verb_parser=<colcon_mixin.mixin.mixin_argument.MixinArgumentDecorator object at 0x7487f3962e30>, verb_extension=<colcon_core.verb.build.BuildVerb object at 0x7487f3962440>, main=<bound method BuildVerb.main of <colcon_core.verb.build.BuildVerb object at 0x7487f3962440>>, mixin_verb=('build',))
[0.154s] Level 1:colcon.colcon_core.package_discovery:discover_packages(colcon_meta) check parameters
[0.154s] Level 1:colcon.colcon_core.package_discovery:discover_packages(recursive) check parameters
[0.154s] Level 1:colcon.colcon_core.package_discovery:discover_packages(ignore) check parameters
[0.154s] Level 1:colcon.colcon_core.package_discovery:discover_packages(path) check parameters
[0.154s] Level 1:colcon.colcon_core.package_discovery:discover_packages(colcon_meta) discover
[0.154s] Level 1:colcon.colcon_core.package_discovery:discover_packages(recursive) discover
[0.154s] INFO:colcon.colcon_core.package_discovery:Crawling recursively for packages in '/home/rokey/mini_pjt_ws'
[0.154s] Level 1:colcon.colcon_core.package_identification:_identify(.) by extensions ['ignore', 'ignore_ament_install']
[0.155s] Level 1:colcon.colcon_core.package_identification:_identify(.) by extension 'ignore'
[0.155s] Level 1:colcon.colcon_core.package_identification:_identify(.) by extension 'ignore_ament_install'
[0.155s] Level 1:colcon.colcon_core.package_identification:_identify(.) by extensions ['colcon_pkg']
[0.155s] Level 1:colcon.colcon_core.package_identification:_identify(.) by extension 'colcon_pkg'
[0.155s] Level 1:colcon.colcon_core.package_identification:_identify(.) by extensions ['colcon_meta']
[0.155s] Level 1:colcon.colcon_core.package_identification:_identify(.) by extension 'colcon_meta'
[0.155s] Level 1:colcon.colcon_core.package_identification:_identify(.) by extensions ['ros']
[0.155s] Level 1:colcon.colcon_core.package_identification:_identify(.) by extension 'ros'
[0.166s] Level 1:colcon.colcon_core.package_identification:_identify(.) by extensions ['cmake', 'python']
[0.166s] Level 1:colcon.colcon_core.package_identification:_identify(.) by extension 'cmake'
[0.166s] Level 1:colcon.colcon_core.package_identification:_identify(.) by extension 'python'
[0.166s] Level 1:colcon.colcon_core.package_identification:_identify(.) by extensions ['python_setup_py']
[0.166s] Level 1:colcon.colcon_core.package_identification:_identify(.) by extension 'python_setup_py'
[0.166s] Level 1:colcon.colcon_core.package_identification:_identify(build) by extensions ['ignore', 'ignore_ament_install']
[0.166s] Level 1:colcon.colcon_core.package_identification:_identify(build) by extension 'ignore'
[0.166s] Level 1:colcon.colcon_core.package_identification:_identify(build) ignored
[0.166s] Level 1:colcon.colcon_core.package_identification:_identify(install) by extensions ['ignore', 'ignore_ament_install']
[0.167s] Level 1:colcon.colcon_core.package_identification:_identify(install) by extension 'ignore'
[0.167s] Level 1:colcon.colcon_core.package_identification:_identify(install) ignored
[0.167s] Level 1:colcon.colcon_core.package_identification:_identify(log) by extensions ['ignore', 'ignore_ament_install']
[0.167s] Level 1:colcon.colcon_core.package_identification:_identify(log) by extension 'ignore'
[0.167s] Level 1:colcon.colcon_core.package_identification:_identify(log) ignored
[0.167s] Level 1:colcon.colcon_core.package_identification:_identify(src) by extensions ['ignore', 'ignore_ament_install']
[0.167s] Level 1:colcon.colcon_core.package_identification:_identify(src) by extension 'ignore'
[0.167s] Level 1:colcon.colcon_core.package_identification:_identify(src) by extension 'ignore_ament_install'
[0.167s] Level 1:colcon.colcon_core.package_identification:_identify(src) by extensions ['colcon_pkg']
[0.167s] Level 1:colcon.colcon_core.package_identification:_identify(src) by extension 'colcon_pkg'
[0.167s] Level 1:colcon.colcon_core.package_identification:_identify(src) by extensions ['colcon_meta']
[0.167s] Level 1:colcon.colcon_core.package_identification:_identify(src) by extension 'colcon_meta'
[0.167s] Level 1:colcon.colcon_core.package_identification:_identify(src) by extensions ['ros']
[0.167s] Level 1:colcon.colcon_core.package_identification:_identify(src) by extension 'ros'
[0.167s] Level 1:colcon.colcon_core.package_identification:_identify(src) by extensions ['cmake', 'python']
[0.167s] Level 1:colcon.colcon_core.package_identification:_identify(src) by extension 'cmake'
[0.167s] Level 1:colcon.colcon_core.package_identification:_identify(src) by extension 'python'
[0.167s] Level 1:colcon.colcon_core.package_identification:_identify(src) by extensions ['python_setup_py']
[0.167s] Level 1:colcon.colcon_core.package_identification:_identify(src) by extension 'python_setup_py'
[0.167s] Level 1:colcon.colcon_core.package_identification:_identify(src/mini_pjt_bringup) by extensions ['ignore', 'ignore_ament_install']
[0.167s] Level 1:colcon.colcon_core.package_identification:_identify(src/mini_pjt_bringup) by extension 'ignore'
[0.167s] Level 1:colcon.colcon_core.package_identification:_identify(src/mini_pjt_bringup) by extension 'ignore_ament_install'
[0.167s] Level 1:colcon.colcon_core.package_identification:_identify(src/mini_pjt_bringup) by extensions ['colcon_pkg']
[0.167s] Level 1:colcon.colcon_core.package_identification:_identify(src/mini_pjt_bringup) by extension 'colcon_pkg'
[0.167s] Level 1:colcon.colcon_core.package_identification:_identify(src/mini_pjt_bringup) by extensions ['colcon_meta']
[0.167s] Level 1:colcon.colcon_core.package_identification:_identify(src/mini_pjt_bringup) by extension 'colcon_meta'
[0.167s] Level 1:colcon.colcon_core.package_identification:_identify(src/mini_pjt_bringup) by extensions ['ros']
[0.167s] Level 1:colcon.colcon_core.package_identification:_identify(src/mini_pjt_bringup) by extension 'ros'
[0.168s] DEBUG:colcon.colcon_core.package_identification:Package 'src/mini_pjt_bringup' with type 'ros.ament_python' and name 'mini_pjt_bringup'
[0.168s] Level 1:colcon.colcon_core.package_identification:_identify(src/mini_pjt_control) by extensions ['ignore', 'ignore_ament_install']
[0.169s] Level 1:colcon.colcon_core.package_identification:_identify(src/mini_pjt_control) by extension 'ignore'
[0.169s] Level 1:colcon.colcon_core.package_identification:_identify(src/mini_pjt_control) by extension 'ignore_ament_install'
[0.169s] Level 1:colcon.colcon_core.package_identification:_identify(src/mini_pjt_control) by extensions ['colcon_pkg']
[0.169s] Level 1:colcon.colcon_core.package_identification:_identify(src/mini_pjt_control) by extension 'colcon_pkg'
[0.169s] Level 1:colcon.colcon_core.package_identification:_identify(src/mini_pjt_control) by extensions ['colcon_meta']
[0.169s] Level 1:colcon.colcon_core.package_identification:_identify(src/mini_pjt_control) by extension 'colcon_meta'
[0.169s] Level 1:colcon.colcon_core.package_identification:_identify(src/mini_pjt_control) by extensions ['ros']
[0.169s] Level 1:colcon.colcon_core.package_identification:_identify(src/mini_pjt_control) by extension 'ros'
[0.169s] DEBUG:colcon.colcon_core.package_identification:Package 'src/mini_pjt_control' with type 'ros.ament_python' and name 'mini_pjt_control'
[0.169s] Level 1:colcon.colcon_core.package_identification:_identify(src/mini_pjt_interfaces) by extensions ['ignore', 'ignore_ament_install']
[0.169s] Level 1:colcon.colcon_core.package_identification:_identify(src/mini_pjt_interfaces) by extension 'ignore'
[0.169s] Level 1:colcon.colcon_core.package_identification:_identify(src/mini_pjt_interfaces) by extension 'ignore_ament_install'
[0.169s] Level 1:colcon.colcon_core.package_identification:_identify(src/mini_pjt_interfaces) by extensions ['colcon_pkg']
[0.169s] Level 1:colcon.colcon_core.package_identification:_identify(src/mini_pjt_interfaces) by extension 'colcon_pkg'
[0.169s] Level 1:colcon.colcon_core.package_identification:_identify(src/mini_pjt_interfaces) by extensions ['colcon_meta']
[0.169s] Level 1:colcon.colcon_core.package_identification:_identify(src/mini_pjt_interfaces) by extension 'colcon_meta'
[0.169s] Level 1:colcon.colcon_core.package_identification:_identify(src/mini_pjt_interfaces) by extensions ['ros']
[0.169s] Level 1:colcon.colcon_core.package_identification:_identify(src/mini_pjt_interfaces) by extension 'ros'
[0.170s] DEBUG:colcon.colcon_core.package_identification:Package 'src/mini_pjt_interfaces' with type 'ros.ament_cmake' and name 'mini_pjt_interfaces'
[0.170s] Level 1:colcon.colcon_core.package_identification:_identify(src/mini_pjt_vision) by extensions ['ignore', 'ignore_ament_install']
[0.170s] Level 1:colcon.colcon_core.package_identification:_identify(src/mini_pjt_vision) by extension 'ignore'
[0.170s] Level 1:colcon.colcon_core.package_identification:_identify(src/mini_pjt_vision) by extension 'ignore_ament_install'
[0.170s] Level 1:colcon.colcon_core.package_identification:_identify(src/mini_pjt_vision) by extensions ['colcon_pkg']
[0.170s] Level 1:colcon.colcon_core.package_identification:_identify(src/mini_pjt_vision) by extension 'colcon_pkg'
[0.170s] Level 1:colcon.colcon_core.package_identification:_identify(src/mini_pjt_vision) by extensions ['colcon_meta']
[0.170s] Level 1:colcon.colcon_core.package_identification:_identify(src/mini_pjt_vision) by extension 'colcon_meta'
[0.170s] Level 1:colcon.colcon_core.package_identification:_identify(src/mini_pjt_vision) by extensions ['ros']
[0.170s] Level 1:colcon.colcon_core.package_identification:_identify(src/mini_pjt_vision) by extension 'ros'
[0.170s] DEBUG:colcon.colcon_core.package_identification:Package 'src/mini_pjt_vision' with type 'ros.ament_python' and name 'mini_pjt_vision'
[0.170s] Level 1:colcon.colcon_core.package_identification:_identify(test_data) by extensions ['ignore', 'ignore_ament_install']
[0.170s] Level 1:colcon.colcon_core.package_identification:_identify(test_data) by extension 'ignore'
[0.170s] Level 1:colcon.colcon_core.package_identification:_identify(test_data) by extension 'ignore_ament_install'
[0.170s] Level 1:colcon.colcon_core.package_identification:_identify(test_data) by extensions ['colcon_pkg']
[0.170s] Level 1:colcon.colcon_core.package_identification:_identify(test_data) by extension 'colcon_pkg'
[0.170s] Level 1:colcon.colcon_core.package_identification:_identify(test_data) by extensions ['colcon_meta']
[0.170s] Level 1:colcon.colcon_core.package_identification:_identify(test_data) by extension 'colcon_meta'
[0.170s] Level 1:colcon.colcon_core.package_identification:_identify(test_data) by extensions ['ros']
[0.170s] Level 1:colcon.colcon_core.package_identification:_identify(test_data) by extension 'ros'
[0.170s] Level 1:colcon.colcon_core.package_identification:_identify(test_data) by extensions ['cmake', 'python']
[0.170s] Level 1:colcon.colcon_core.package_identification:_identify(test_data) by extension 'cmake'
[0.170s] Level 1:colcon.colcon_core.package_identification:_identify(test_data) by extension 'python'
[0.170s] Level 1:colcon.colcon_core.package_identification:_identify(test_data) by extensions ['python_setup_py']
[0.171s] Level 1:colcon.colcon_core.package_identification:_identify(test_data) by extension 'python_setup_py'
[0.171s] Level 1:colcon.colcon_core.package_discovery:discover_packages(recursive) using defaults
[0.171s] Level 1:colcon.colcon_core.package_discovery:discover_packages(ignore) discover
[0.171s] Level 1:colcon.colcon_core.package_discovery:discover_packages(ignore) using defaults
[0.171s] Level 1:colcon.colcon_core.package_discovery:discover_packages(path) discover
[0.171s] Level 1:colcon.colcon_core.package_discovery:discover_packages(path) using defaults
[0.182s] Level 1:colcon.colcon_core.package_discovery:discover_packages(prefix_path) check parameters
[0.182s] Level 1:colcon.colcon_core.package_discovery:discover_packages(prefix_path) discover
[0.184s] DEBUG:colcon.colcon_installed_package_information.package_discovery:Found 390 installed packages in /opt/ros/humble
[0.185s] Level 1:colcon.colcon_core.package_discovery:discover_packages(prefix_path) using defaults
[0.209s] Level 5:colcon.colcon_core.verb:set package 'mini_pjt_interfaces' build argument 'cmake_args' from command line to 'None'
[0.209s] Level 5:colcon.colcon_core.verb:set package 'mini_pjt_interfaces' build argument 'cmake_target' from command line to 'None'
[0.209s] Level 5:colcon.colcon_core.verb:set package 'mini_pjt_interfaces' build argument 'cmake_target_skip_unavailable' from command line to 'False'
[0.209s] Level 5:colcon.colcon_core.verb:set package 'mini_pjt_interfaces' build argument 'cmake_clean_cache' from command line to 'False'
[0.209s] Level 5:colcon.colcon_core.verb:set package 'mini_pjt_interfaces' build argument 'cmake_clean_first' from command line to 'False'
[0.209s] Level 5:colcon.colcon_core.verb:set package 'mini_pjt_interfaces' build argument 'cmake_force_configure' from command line to 'False'
[0.209s] Level 5:colcon.colcon_core.verb:set package 'mini_pjt_interfaces' build argument 'ament_cmake_args' from command line to 'None'
[0.209s] Level 5:colcon.colcon_core.verb:set package 'mini_pjt_interfaces' build argument 'catkin_cmake_args' from command line to 'None'
[0.209s] Level 5:colcon.colcon_core.verb:set package 'mini_pjt_interfaces' build argument 'catkin_skip_building_tests' from command line to 'False'
[0.209s] DEBUG:colcon.colcon_core.verb:Building package 'mini_pjt_interfaces' with the following arguments: {'ament_cmake_args': None, 'build_base': '/home/rokey/mini_pjt_ws/build/mini_pjt_interfaces', 'catkin_cmake_args': None, 'catkin_skip_building_tests': False, 'cmake_args': None, 'cmake_clean_cache': False, 'cmake_clean_first': False, 'cmake_force_configure': False, 'cmake_target': None, 'cmake_target_skip_unavailable': False, 'install_base': '/home/rokey/mini_pjt_ws/install/mini_pjt_interfaces', 'merge_install': False, 'path': '/home/rokey/mini_pjt_ws/src/mini_pjt_interfaces', 'symlink_install': True, 'test_result_base': None}
[0.209s] Level 5:colcon.colcon_core.verb:set package 'mini_pjt_control' build argument 'cmake_args' from command line to 'None'
[0.209s] Level 5:colcon.colcon_core.verb:set package 'mini_pjt_control' build argument 'cmake_target' from command line to 'None'
[0.209s] Level 5:colcon.colcon_core.verb:set package 'mini_pjt_control' build argument 'cmake_target_skip_unavailable' from command line to 'False'
[0.209s] Level 5:colcon.colcon_core.verb:set package 'mini_pjt_control' build argument 'cmake_clean_cache' from command line to 'False'
[0.209s] Level 5:colcon.colcon_core.verb:set package 'mini_pjt_control' build argument 'cmake_clean_first' from command line to 'False'
[0.209s] Level 5:colcon.colcon_core.verb:set package 'mini_pjt_control' build argument 'cmake_force_configure' from command line to 'False'
[0.209s] Level 5:colcon.colcon_core.verb:set package 'mini_pjt_control' build argument 'ament_cmake_args' from command line to 'None'
[0.209s] Level 5:colcon.colcon_core.verb:set package 'mini_pjt_control' build argument 'catkin_cmake_args' from command line to 'None'
[0.209s] Level 5:colcon.colcon_core.verb:set package 'mini_pjt_control' build argument 'catkin_skip_building_tests' from command line to 'False'
[0.209s] DEBUG:colcon.colcon_core.verb:Building package 'mini_pjt_control' with the following arguments: {'ament_cmake_args': None, 'build_base': '/home/rokey/mini_pjt_ws/build/mini_pjt_control', 'catkin_cmake_args': None, 'catkin_skip_building_tests': False, 'cmake_args': None, 'cmake_clean_cache': False, 'cmake_clean_first': False, 'cmake_force_configure': False, 'cmake_target': None, 'cmake_target_skip_unavailable': False, 'install_base': '/home/rokey/mini_pjt_ws/install/mini_pjt_control', 'merge_install': False, 'path': '/home/rokey/mini_pjt_ws/src/mini_pjt_control', 'symlink_install': True, 'test_result_base': None}
[0.209s] Level 5:colcon.colcon_core.verb:set package 'mini_pjt_vision' build argument 'cmake_args' from command line to 'None'
[0.209s] Level 5:colcon.colcon_core.verb:set package 'mini_pjt_vision' build argument 'cmake_target' from command line to 'None'
[0.209s] Level 5:colcon.colcon_core.verb:set package 'mini_pjt_vision' build argument 'cmake_target_skip_unavailable' from command line to 'False'
[0.209s] Level 5:colcon.colcon_core.verb:set package 'mini_pjt_vision' build argument 'cmake_clean_cache' from command line to 'False'
[0.209s] Level 5:colcon.colcon_core.verb:set package 'mini_pjt_vision' build argument 'cmake_clean_first' from command line to 'False'
[0.209s] Level 5:colcon.colcon_core.verb:set package 'mini_pjt_vision' build argument 'cmake_force_configure' from command line to 'False'
[0.210s] Level 5:colcon.colcon_core.verb:set package 'mini_pjt_vision' build argument 'ament_cmake_args' from command line to 'None'
[0.210s] Level 5:colcon.colcon_core.verb:set package 'mini_pjt_vision' build argument 'catkin_cmake_args' from command line to 'None'
[0.210s] Level 5:colcon.colcon_core.verb:set package 'mini_pjt_vision' build argument 'catkin_skip_building_tests' from command line to 'False'
[0.210s] DEBUG:colcon.colcon_core.verb:Building package 'mini_pjt_vision' with the following arguments: {'ament_cmake_args': None, 'build_base': '/home/rokey/mini_pjt_ws/build/mini_pjt_vision', 'catkin_cmake_args': None, 'catkin_skip_building_tests': False, 'cmake_args': None, 'cmake_clean_cache': False, 'cmake_clean_first': False, 'cmake_force_configure': False, 'cmake_target': None, 'cmake_target_skip_unavailable': False, 'install_base': '/home/rokey/mini_pjt_ws/install/mini_pjt_vision', 'merge_install': False, 'path': '/home/rokey/mini_pjt_ws/src/mini_pjt_vision', 'symlink_install': True, 'test_result_base': None}
[0.210s] Level 5:colcon.colcon_core.verb:set package 'mini_pjt_bringup' build argument 'cmake_args' from command line to 'None'
[0.210s] Level 5:colcon.colcon_core.verb:set package 'mini_pjt_bringup' build argument 'cmake_target' from command line to 'None'
[0.210s] Level 5:colcon.colcon_core.verb:set package 'mini_pjt_bringup' build argument 'cmake_target_skip_unavailable' from command line to 'False'
[0.210s] Level 5:colcon.colcon_core.verb:set package 'mini_pjt_bringup' build argument 'cmake_clean_cache' from command line to 'False'
[0.210s] Level 5:colcon.colcon_core.verb:set package 'mini_pjt_bringup' build argument 'cmake_clean_first' from command line to 'False'
[0.210s] Level 5:colcon.colcon_core.verb:set package 'mini_pjt_bringup' build argument 'cmake_force_configure' from command line to 'False'
[0.210s] Level 5:colcon.colcon_core.verb:set package 'mini_pjt_bringup' build argument 'ament_cmake_args' from command line to 'None'
[0.210s] Level 5:colcon.colcon_core.verb:set package 'mini_pjt_bringup' build argument 'catkin_cmake_args' from command line to 'None'
[0.210s] Level 5:colcon.colcon_core.verb:set package 'mini_pjt_bringup' build argument 'catkin_skip_building_tests' from command line to 'False'
[0.210s] DEBUG:colcon.colcon_core.verb:Building package 'mini_pjt_bringup' with the following arguments: {'ament_cmake_args': None, 'build_base': '/home/rokey/mini_pjt_ws/build/mini_pjt_bringup', 'catkin_cmake_args': None, 'catkin_skip_building_tests': False, 'cmake_args': None, 'cmake_clean_cache': False, 'cmake_clean_first': False, 'cmake_force_configure': False, 'cmake_target': None, 'cmake_target_skip_unavailable': False, 'install_base': '/home/rokey/mini_pjt_ws/install/mini_pjt_bringup', 'merge_install': False, 'path': '/home/rokey/mini_pjt_ws/src/mini_pjt_bringup', 'symlink_install': True, 'test_result_base': None}
[0.210s] INFO:colcon.colcon_core.executor:Executing jobs using 'parallel' executor
[0.211s] DEBUG:colcon.colcon_parallel_executor.executor.parallel:run_until_complete
[0.211s] INFO:colcon.colcon_ros.task.ament_cmake.build:Building ROS package in '/home/rokey/mini_pjt_ws/src/mini_pjt_interfaces' with build type 'ament_cmake'
[0.211s] INFO:colcon.colcon_cmake.task.cmake.build:Building CMake package in '/home/rokey/mini_pjt_ws/src/mini_pjt_interfaces'
[0.212s] INFO:colcon.colcon_core.plugin_system:Skipping extension 'colcon_core.shell.bat': Not used on non-Windows systems
[0.212s] INFO:colcon.colcon_core.shell:Skip shell extension 'powershell' for command environment: Not usable outside of PowerShell
[0.212s] DEBUG:colcon.colcon_core.shell:Skip shell extension 'dsv' for command environment
[0.220s] DEBUG:colcon.colcon_core.event_handler.log_command:Invoking command in '/home/rokey/mini_pjt_ws/build/mini_pjt_interfaces': CMAKE_PREFIX_PATH=/opt/ros/humble /usr/bin/cmake --build /home/rokey/mini_pjt_ws/build/mini_pjt_interfaces -- -j22 -l22
[0.455s] DEBUG:colcon.colcon_core.event_handler.log_command:Invoked command in '/home/rokey/mini_pjt_ws/build/mini_pjt_interfaces' returned '0': CMAKE_PREFIX_PATH=/opt/ros/humble /usr/bin/cmake --build /home/rokey/mini_pjt_ws/build/mini_pjt_interfaces -- -j22 -l22
[0.462s] DEBUG:colcon.colcon_core.event_handler.log_command:Invoking command in '/home/rokey/mini_pjt_ws/build/mini_pjt_interfaces': CMAKE_PREFIX_PATH=/opt/ros/humble /usr/bin/cmake --install /home/rokey/mini_pjt_ws/build/mini_pjt_interfaces
[0.510s] Level 1:colcon.colcon_core.environment:create_environment_scripts_only(mini_pjt_interfaces)
[0.511s] DEBUG:colcon.colcon_core.event_handler.log_command:Invoked command in '/home/rokey/mini_pjt_ws/build/mini_pjt_interfaces' returned '0': CMAKE_PREFIX_PATH=/opt/ros/humble /usr/bin/cmake --install /home/rokey/mini_pjt_ws/build/mini_pjt_interfaces
[0.512s] Level 1:colcon.colcon_core.environment:checking '/home/rokey/mini_pjt_ws/install/mini_pjt_interfaces' for CMake module files
[0.512s] Level 1:colcon.colcon_core.environment:checking '/home/rokey/mini_pjt_ws/install/mini_pjt_interfaces' for CMake config files
[0.512s] Level 1:colcon.colcon_core.shell:create_environment_hook('mini_pjt_interfaces', 'cmake_prefix_path')
[0.513s] INFO:colcon.colcon_core.shell:Creating environment hook '/home/rokey/mini_pjt_ws/install/mini_pjt_interfaces/share/mini_pjt_interfaces/hook/cmake_prefix_path.ps1'
[0.513s] INFO:colcon.colcon_core.shell:Creating environment descriptor '/home/rokey/mini_pjt_ws/install/mini_pjt_interfaces/share/mini_pjt_interfaces/hook/cmake_prefix_path.dsv'
[0.513s] INFO:colcon.colcon_core.shell:Creating environment hook '/home/rokey/mini_pjt_ws/install/mini_pjt_interfaces/share/mini_pjt_interfaces/hook/cmake_prefix_path.sh'
[0.514s] Level 1:colcon.colcon_core.environment:checking '/home/rokey/mini_pjt_ws/install/mini_pjt_interfaces/lib'
[0.514s] Level 1:colcon.colcon_core.shell:create_environment_hook('mini_pjt_interfaces', 'ld_library_path_lib')
[0.514s] INFO:colcon.colcon_core.shell:Creating environment hook '/home/rokey/mini_pjt_ws/install/mini_pjt_interfaces/share/mini_pjt_interfaces/hook/ld_library_path_lib.ps1'
[0.514s] INFO:colcon.colcon_core.shell:Creating environment descriptor '/home/rokey/mini_pjt_ws/install/mini_pjt_interfaces/share/mini_pjt_interfaces/hook/ld_library_path_lib.dsv'
[0.515s] INFO:colcon.colcon_core.shell:Creating environment hook '/home/rokey/mini_pjt_ws/install/mini_pjt_interfaces/share/mini_pjt_interfaces/hook/ld_library_path_lib.sh'
[0.515s] Level 1:colcon.colcon_core.environment:checking '/home/rokey/mini_pjt_ws/install/mini_pjt_interfaces/bin'
[0.515s] Level 1:colcon.colcon_core.environment:checking '/home/rokey/mini_pjt_ws/install/mini_pjt_interfaces/lib/pkgconfig/mini_pjt_interfaces.pc'
[0.515s] Level 1:colcon.colcon_core.environment:checking '/home/rokey/mini_pjt_ws/install/mini_pjt_interfaces/lib/python3.10/site-packages'
[0.515s] Level 1:colcon.colcon_core.environment:checking '/home/rokey/mini_pjt_ws/install/mini_pjt_interfaces/bin'
[0.515s] INFO:colcon.colcon_core.shell:Creating package script '/home/rokey/mini_pjt_ws/install/mini_pjt_interfaces/share/mini_pjt_interfaces/package.ps1'
[0.516s] INFO:colcon.colcon_core.shell:Creating package descriptor '/home/rokey/mini_pjt_ws/install/mini_pjt_interfaces/share/mini_pjt_interfaces/package.dsv'
[0.516s] INFO:colcon.colcon_core.shell:Creating package script '/home/rokey/mini_pjt_ws/install/mini_pjt_interfaces/share/mini_pjt_interfaces/package.sh'
[0.517s] INFO:colcon.colcon_core.shell:Creating package script '/home/rokey/mini_pjt_ws/install/mini_pjt_interfaces/share/mini_pjt_interfaces/package.bash'
[0.517s] INFO:colcon.colcon_core.shell:Creating package script '/home/rokey/mini_pjt_ws/install/mini_pjt_interfaces/share/mini_pjt_interfaces/package.zsh'
[0.517s] Level 1:colcon.colcon_core.environment:create_file_with_runtime_dependencies(/home/rokey/mini_pjt_ws/install/mini_pjt_interfaces/share/colcon-core/packages/mini_pjt_interfaces)
[0.518s] Level 1:colcon.colcon_core.environment:create_environment_scripts_only(mini_pjt_interfaces)
[0.518s] Level 1:colcon.colcon_core.environment:checking '/home/rokey/mini_pjt_ws/install/mini_pjt_interfaces' for CMake module files
[0.518s] Level 1:colcon.colcon_core.environment:checking '/home/rokey/mini_pjt_ws/install/mini_pjt_interfaces' for CMake config files
[0.519s] Level 1:colcon.colcon_core.shell:create_environment_hook('mini_pjt_interfaces', 'cmake_prefix_path')
[0.519s] INFO:colcon.colcon_core.shell:Creating environment hook '/home/rokey/mini_pjt_ws/install/mini_pjt_interfaces/share/mini_pjt_interfaces/hook/cmake_prefix_path.ps1'
[0.519s] INFO:colcon.colcon_core.shell:Creating environment descriptor '/home/rokey/mini_pjt_ws/install/mini_pjt_interfaces/share/mini_pjt_interfaces/hook/cmake_prefix_path.dsv'
[0.519s] INFO:colcon.colcon_core.shell:Creating environment hook '/home/rokey/mini_pjt_ws/install/mini_pjt_interfaces/share/mini_pjt_interfaces/hook/cmake_prefix_path.sh'
[0.520s] Level 1:colcon.colcon_core.environment:checking '/home/rokey/mini_pjt_ws/install/mini_pjt_interfaces/lib'
[0.520s] Level 1:colcon.colcon_core.shell:create_environment_hook('mini_pjt_interfaces', 'ld_library_path_lib')
[0.520s] INFO:colcon.colcon_core.shell:Creating environment hook '/home/rokey/mini_pjt_ws/install/mini_pjt_interfaces/share/mini_pjt_interfaces/hook/ld_library_path_lib.ps1'
[0.520s] INFO:colcon.colcon_core.shell:Creating environment descriptor '/home/rokey/mini_pjt_ws/install/mini_pjt_interfaces/share/mini_pjt_interfaces/hook/ld_library_path_lib.dsv'
[0.520s] INFO:colcon.colcon_core.shell:Creating environment hook '/home/rokey/mini_pjt_ws/install/mini_pjt_interfaces/share/mini_pjt_interfaces/hook/ld_library_path_lib.sh'
[0.520s] Level 1:colcon.colcon_core.environment:checking '/home/rokey/mini_pjt_ws/install/mini_pjt_interfaces/bin'
[0.520s] Level 1:colcon.colcon_core.environment:checking '/home/rokey/mini_pjt_ws/install/mini_pjt_interfaces/lib/pkgconfig/mini_pjt_interfaces.pc'
[0.520s] Level 1:colcon.colcon_core.environment:checking '/home/rokey/mini_pjt_ws/install/mini_pjt_interfaces/lib/python3.10/site-packages'
[0.521s] Level 1:colcon.colcon_core.environment:checking '/home/rokey/mini_pjt_ws/install/mini_pjt_interfaces/bin'
[0.521s] INFO:colcon.colcon_core.shell:Creating package script '/home/rokey/mini_pjt_ws/install/mini_pjt_interfaces/share/mini_pjt_interfaces/package.ps1'
[0.521s] INFO:colcon.colcon_core.shell:Creating package descriptor '/home/rokey/mini_pjt_ws/install/mini_pjt_interfaces/share/mini_pjt_interfaces/package.dsv'
[0.521s] INFO:colcon.colcon_core.shell:Creating package script '/home/rokey/mini_pjt_ws/install/mini_pjt_interfaces/share/mini_pjt_interfaces/package.sh'
[0.522s] INFO:colcon.colcon_core.shell:Creating package script '/home/rokey/mini_pjt_ws/install/mini_pjt_interfaces/share/mini_pjt_interfaces/package.bash'
[0.522s] INFO:colcon.colcon_core.shell:Creating package script '/home/rokey/mini_pjt_ws/install/mini_pjt_interfaces/share/mini_pjt_interfaces/package.zsh'
[0.522s] Level 1:colcon.colcon_core.environment:create_file_with_runtime_dependencies(/home/rokey/mini_pjt_ws/install/mini_pjt_interfaces/share/colcon-core/packages/mini_pjt_interfaces)
[0.522s] INFO:colcon.colcon_ros.task.ament_python.build:Building ROS package in '/home/rokey/mini_pjt_ws/src/mini_pjt_control' with build type 'ament_python'
[0.522s] Level 1:colcon.colcon_core.shell:create_environment_hook('mini_pjt_control', 'ament_prefix_path')
[0.522s] INFO:colcon.colcon_core.shell:Creating environment hook '/home/rokey/mini_pjt_ws/install/mini_pjt_control/share/mini_pjt_control/hook/ament_prefix_path.ps1'
[0.523s] INFO:colcon.colcon_core.shell:Creating environment descriptor '/home/rokey/mini_pjt_ws/install/mini_pjt_control/share/mini_pjt_control/hook/ament_prefix_path.dsv'
[0.523s] INFO:colcon.colcon_core.shell:Creating environment hook '/home/rokey/mini_pjt_ws/install/mini_pjt_control/share/mini_pjt_control/hook/ament_prefix_path.sh'
[0.523s] INFO:colcon.colcon_core.shell:Skip shell extension 'powershell' for command environment: Not usable outside of PowerShell
[0.523s] DEBUG:colcon.colcon_core.shell:Skip shell extension 'dsv' for command environment
[0.525s] INFO:colcon.colcon_ros.task.ament_python.build:Building ROS package in '/home/rokey/mini_pjt_ws/src/mini_pjt_vision' with build type 'ament_python'
[0.525s] Level 1:colcon.colcon_core.shell:create_environment_hook('mini_pjt_vision', 'ament_prefix_path')
[0.525s] INFO:colcon.colcon_core.shell:Creating environment hook '/home/rokey/mini_pjt_ws/install/mini_pjt_vision/share/mini_pjt_vision/hook/ament_prefix_path.ps1'
[0.526s] INFO:colcon.colcon_core.shell:Creating environment descriptor '/home/rokey/mini_pjt_ws/install/mini_pjt_vision/share/mini_pjt_vision/hook/ament_prefix_path.dsv'
[0.526s] INFO:colcon.colcon_core.shell:Creating environment hook '/home/rokey/mini_pjt_ws/install/mini_pjt_vision/share/mini_pjt_vision/hook/ament_prefix_path.sh'
[0.526s] INFO:colcon.colcon_core.shell:Skip shell extension 'powershell' for command environment: Not usable outside of PowerShell
[0.526s] DEBUG:colcon.colcon_core.shell:Skip shell extension 'dsv' for command environment
[0.696s] INFO:colcon.colcon_core.task.python.build:Building Python package in '/home/rokey/mini_pjt_ws/src/mini_pjt_vision'
[0.696s] INFO:colcon.colcon_core.shell:Skip shell extension 'powershell' for command environment: Not usable outside of PowerShell
[0.696s] DEBUG:colcon.colcon_core.shell:Skip shell extension 'dsv' for command environment
[0.855s] INFO:colcon.colcon_core.task.python.build:Building Python package in '/home/rokey/mini_pjt_ws/src/mini_pjt_control'
[0.855s] INFO:colcon.colcon_core.shell:Skip shell extension 'powershell' for command environment: Not usable outside of PowerShell
[0.855s] DEBUG:colcon.colcon_core.shell:Skip shell extension 'dsv' for command environment
[1.068s] DEBUG:colcon.colcon_core.task.python.build:Available setuptools commands: build, install, rotate, alias, bdist_egg, update_catalog, install_egg_info, symlink_data, develop, bdist_dumb, easy_install, bdist_wheel, dist_info, test, compile_catalog, bdist_rpm, build_clib, bdist, register, clean, build_py, setopt, upload_docs, install_data, egg_info, install_scripts, build_scripts, extract_messages, install_lib, install_headers, init_catalog, sdist, saveopts, upload, check, build_ext
[1.082s] DEBUG:colcon.colcon_core.task.python.build:Available setuptools commands: build, install, rotate, alias, bdist_egg, update_catalog, install_egg_info, symlink_data, develop, bdist_dumb, easy_install, bdist_wheel, dist_info, test, compile_catalog, bdist_rpm, build_clib, bdist, register, clean, build_py, setopt, upload_docs, install_data, egg_info, install_scripts, build_scripts, extract_messages, install_lib, install_headers, init_catalog, sdist, saveopts, upload, check, build_ext
[1.275s] DEBUG:colcon.colcon_core.task.python.build:Available setuptools 'develop' options: --multi-version, --quiet, --no-user-cfg, --always-copy, --index-url, --record, --prefix, --uninstall, --zip-ok, --verbose, --find-links, --exclude-scripts, --egg-path, --always-unzip, --no-deps, --help, --allow-hosts, --site-dirs, --user, --version, --dry-run, --editable, --upgrade, --no-find-links, --local-snapshots-ok, --script-dir, --build-directory, --install-dir, --optimize
[1.277s] DEBUG:colcon.colcon_core.event_handler.log_command:Invoking command in '/home/rokey/mini_pjt_ws/build/mini_pjt_vision': AMENT_PREFIX_PATH=/home/rokey/mini_pjt_ws/install/mini_pjt_interfaces:${AMENT_PREFIX_PATH} CMAKE_PREFIX_PATH=/home/rokey/mini_pjt_ws/install/mini_pjt_interfaces LD_LIBRARY_PATH=/home/rokey/mini_pjt_ws/install/mini_pjt_interfaces/lib:${LD_LIBRARY_PATH} PYTHONPATH=/home/rokey/mini_pjt_ws/build/mini_pjt_vision/prefix_override:/usr/lib/python3/dist-packages/colcon_core/task/python/colcon_distutils_commands:/home/rokey/mini_pjt_ws/install/mini_pjt_vision/lib/python3.10/site-packages:/home/rokey/mini_pjt_ws/install/mini_pjt_interfaces/local/lib/python3.10/dist-packages:${PYTHONPATH} /usr/bin/python3 -W ignore:setup.py install is deprecated -W ignore:easy_install command is deprecated setup.py develop --editable --build-directory /home/rokey/mini_pjt_ws/build/mini_pjt_vision/build --no-deps symlink_data
[1.278s] DEBUG:colcon.colcon_core.task.python.build:Available setuptools 'develop' options: --multi-version, --quiet, --no-user-cfg, --always-copy, --index-url, --record, --prefix, --uninstall, --zip-ok, --verbose, --find-links, --exclude-scripts, --egg-path, --always-unzip, --no-deps, --help, --allow-hosts, --site-dirs, --user, --version, --dry-run, --editable, --upgrade, --no-find-links, --local-snapshots-ok, --script-dir, --build-directory, --install-dir, --optimize
[1.279s] DEBUG:colcon.colcon_core.event_handler.log_command:Invoking command in '/home/rokey/mini_pjt_ws/build/mini_pjt_control': AMENT_PREFIX_PATH=/home/rokey/mini_pjt_ws/install/mini_pjt_interfaces:${AMENT_PREFIX_PATH} CMAKE_PREFIX_PATH=/home/rokey/mini_pjt_ws/install/mini_pjt_interfaces LD_LIBRARY_PATH=/home/rokey/mini_pjt_ws/install/mini_pjt_interfaces/lib:${LD_LIBRARY_PATH} PYTHONPATH=/home/rokey/mini_pjt_ws/build/mini_pjt_control/prefix_override:/usr/lib/python3/dist-packages/colcon_core/task/python/colcon_distutils_commands:/home/rokey/mini_pjt_ws/install/mini_pjt_control/lib/python3.10/site-packages:/home/rokey/mini_pjt_ws/install/mini_pjt_interfaces/local/lib/python3.10/dist-packages:${PYTHONPATH} /usr/bin/python3 -W ignore:setup.py install is deprecated -W ignore:easy_install command is deprecated setup.py develop --editable --build-directory /home/rokey/mini_pjt_ws/build/mini_pjt_control/build --no-deps symlink_data
[1.551s] Level 1:colcon.colcon_core.shell:create_environment_hook('mini_pjt_vision', 'pythonpath_develop')
[1.552s] INFO:colcon.colcon_core.shell:Creating environment hook '/home/rokey/mini_pjt_ws/build/mini_pjt_vision/share/mini_pjt_vision/hook/pythonpath_develop.ps1'
[1.552s] INFO:colcon.colcon_core.shell:Creating environment descriptor '/home/rokey/mini_pjt_ws/build/mini_pjt_vision/share/mini_pjt_vision/hook/pythonpath_develop.dsv'
[1.552s] INFO:colcon.colcon_core.shell:Creating environment hook '/home/rokey/mini_pjt_ws/build/mini_pjt_vision/share/mini_pjt_vision/hook/pythonpath_develop.sh'
[1.553s] DEBUG:colcon.colcon_core.event_handler.log_command:Invoked command in '/home/rokey/mini_pjt_ws/build/mini_pjt_vision' returned '0': AMENT_PREFIX_PATH=/home/rokey/mini_pjt_ws/install/mini_pjt_interfaces:${AMENT_PREFIX_PATH} CMAKE_PREFIX_PATH=/home/rokey/mini_pjt_ws/install/mini_pjt_interfaces LD_LIBRARY_PATH=/home/rokey/mini_pjt_ws/install/mini_pjt_interfaces/lib:${LD_LIBRARY_PATH} PYTHONPATH=/home/rokey/mini_pjt_ws/build/mini_pjt_vision/prefix_override:/usr/lib/python3/dist-packages/colcon_core/task/python/colcon_distutils_commands:/home/rokey/mini_pjt_ws/install/mini_pjt_vision/lib/python3.10/site-packages:/home/rokey/mini_pjt_ws/install/mini_pjt_interfaces/local/lib/python3.10/dist-packages:${PYTHONPATH} /usr/bin/python3 -W ignore:setup.py install is deprecated -W ignore:easy_install command is deprecated setup.py develop --editable --build-directory /home/rokey/mini_pjt_ws/build/mini_pjt_vision/build --no-deps symlink_data
[1.553s] Level 1:colcon.colcon_core.environment:checking '/home/rokey/mini_pjt_ws/install/mini_pjt_vision' for CMake module files
[1.554s] Level 1:colcon.colcon_core.environment:checking '/home/rokey/mini_pjt_ws/install/mini_pjt_vision' for CMake config files
[1.554s] Level 1:colcon.colcon_core.environment:checking '/home/rokey/mini_pjt_ws/install/mini_pjt_vision/lib'
[1.554s] Level 1:colcon.colcon_core.environment:checking '/home/rokey/mini_pjt_ws/install/mini_pjt_vision/bin'
[1.554s] Level 1:colcon.colcon_core.environment:checking '/home/rokey/mini_pjt_ws/install/mini_pjt_vision/lib/pkgconfig/mini_pjt_vision.pc'
[1.554s] Level 1:colcon.colcon_core.environment:checking '/home/rokey/mini_pjt_ws/install/mini_pjt_vision/lib/python3.10/site-packages'
[1.554s] Level 1:colcon.colcon_core.shell:create_environment_hook('mini_pjt_vision', 'pythonpath')
[1.554s] INFO:colcon.colcon_core.shell:Creating environment hook '/home/rokey/mini_pjt_ws/install/mini_pjt_vision/share/mini_pjt_vision/hook/pythonpath.ps1'
[1.555s] INFO:colcon.colcon_core.shell:Creating environment descriptor '/home/rokey/mini_pjt_ws/install/mini_pjt_vision/share/mini_pjt_vision/hook/pythonpath.dsv'
[1.555s] INFO:colcon.colcon_core.shell:Creating environment hook '/home/rokey/mini_pjt_ws/install/mini_pjt_vision/share/mini_pjt_vision/hook/pythonpath.sh'
[1.555s] Level 1:colcon.colcon_core.environment:checking '/home/rokey/mini_pjt_ws/install/mini_pjt_vision/bin'
[1.555s] Level 1:colcon.colcon_core.environment:create_environment_scripts_only(mini_pjt_vision)
[1.555s] INFO:colcon.colcon_core.shell:Creating package script '/home/rokey/mini_pjt_ws/install/mini_pjt_vision/share/mini_pjt_vision/package.ps1'
[1.556s] INFO:colcon.colcon_core.shell:Creating package descriptor '/home/rokey/mini_pjt_ws/install/mini_pjt_vision/share/mini_pjt_vision/package.dsv'
[1.556s] INFO:colcon.colcon_core.shell:Creating package script '/home/rokey/mini_pjt_ws/install/mini_pjt_vision/share/mini_pjt_vision/package.sh'
[1.556s] INFO:colcon.colcon_core.shell:Creating package script '/home/rokey/mini_pjt_ws/install/mini_pjt_vision/share/mini_pjt_vision/package.bash'
[1.556s] INFO:colcon.colcon_core.shell:Creating package script '/home/rokey/mini_pjt_ws/install/mini_pjt_vision/share/mini_pjt_vision/package.zsh'
[1.557s] Level 1:colcon.colcon_core.environment:create_file_with_runtime_dependencies(/home/rokey/mini_pjt_ws/install/mini_pjt_vision/share/colcon-core/packages/mini_pjt_vision)
[1.559s] Level 1:colcon.colcon_core.shell:create_environment_hook('mini_pjt_control', 'pythonpath_develop')
[1.559s] INFO:colcon.colcon_core.shell:Creating environment hook '/home/rokey/mini_pjt_ws/build/mini_pjt_control/share/mini_pjt_control/hook/pythonpath_develop.ps1'
[1.560s] INFO:colcon.colcon_core.shell:Creating environment descriptor '/home/rokey/mini_pjt_ws/build/mini_pjt_control/share/mini_pjt_control/hook/pythonpath_develop.dsv'
[1.560s] INFO:colcon.colcon_core.shell:Creating environment hook '/home/rokey/mini_pjt_ws/build/mini_pjt_control/share/mini_pjt_control/hook/pythonpath_develop.sh'
[1.560s] Level 1:colcon.colcon_core.environment:checking '/home/rokey/mini_pjt_ws/install/mini_pjt_control' for CMake module files
[1.561s] Level 1:colcon.colcon_core.environment:checking '/home/rokey/mini_pjt_ws/install/mini_pjt_control' for CMake config files
[1.561s] Level 1:colcon.colcon_core.environment:checking '/home/rokey/mini_pjt_ws/install/mini_pjt_control/lib'
[1.561s] Level 1:colcon.colcon_core.environment:checking '/home/rokey/mini_pjt_ws/install/mini_pjt_control/bin'
[1.561s] Level 1:colcon.colcon_core.environment:checking '/home/rokey/mini_pjt_ws/install/mini_pjt_control/lib/pkgconfig/mini_pjt_control.pc'
[1.561s] Level 1:colcon.colcon_core.environment:checking '/home/rokey/mini_pjt_ws/install/mini_pjt_control/lib/python3.10/site-packages'
[1.561s] Level 1:colcon.colcon_core.shell:create_environment_hook('mini_pjt_control', 'pythonpath')
[1.561s] INFO:colcon.colcon_core.shell:Creating environment hook '/home/rokey/mini_pjt_ws/install/mini_pjt_control/share/mini_pjt_control/hook/pythonpath.ps1'
[1.561s] DEBUG:colcon.colcon_core.event_handler.log_command:Invoked command in '/home/rokey/mini_pjt_ws/build/mini_pjt_control' returned '0': AMENT_PREFIX_PATH=/home/rokey/mini_pjt_ws/install/mini_pjt_interfaces:${AMENT_PREFIX_PATH} CMAKE_PREFIX_PATH=/home/rokey/mini_pjt_ws/install/mini_pjt_interfaces LD_LIBRARY_PATH=/home/rokey/mini_pjt_ws/install/mini_pjt_interfaces/lib:${LD_LIBRARY_PATH} PYTHONPATH=/home/rokey/mini_pjt_ws/build/mini_pjt_control/prefix_override:/usr/lib/python3/dist-packages/colcon_core/task/python/colcon_distutils_commands:/home/rokey/mini_pjt_ws/install/mini_pjt_control/lib/python3.10/site-packages:/home/rokey/mini_pjt_ws/install/mini_pjt_interfaces/local/lib/python3.10/dist-packages:${PYTHONPATH} /usr/bin/python3 -W ignore:setup.py install is deprecated -W ignore:easy_install command is deprecated setup.py develop --editable --build-directory /home/rokey/mini_pjt_ws/build/mini_pjt_control/build --no-deps symlink_data
[1.562s] INFO:colcon.colcon_core.shell:Creating environment descriptor '/home/rokey/mini_pjt_ws/install/mini_pjt_control/share/mini_pjt_control/hook/pythonpath.dsv'
[1.562s] INFO:colcon.colcon_core.shell:Creating environment hook '/home/rokey/mini_pjt_ws/install/mini_pjt_control/share/mini_pjt_control/hook/pythonpath.sh'
[1.562s] Level 1:colcon.colcon_core.environment:checking '/home/rokey/mini_pjt_ws/install/mini_pjt_control/bin'
[1.562s] Level 1:colcon.colcon_core.environment:create_environment_scripts_only(mini_pjt_control)
[1.563s] INFO:colcon.colcon_core.shell:Creating package script '/home/rokey/mini_pjt_ws/install/mini_pjt_control/share/mini_pjt_control/package.ps1'
[1.563s] INFO:colcon.colcon_core.shell:Creating package descriptor '/home/rokey/mini_pjt_ws/install/mini_pjt_control/share/mini_pjt_control/package.dsv'
[1.563s] INFO:colcon.colcon_core.shell:Creating package script '/home/rokey/mini_pjt_ws/install/mini_pjt_control/share/mini_pjt_control/package.sh'
[1.563s] INFO:colcon.colcon_core.shell:Creating package script '/home/rokey/mini_pjt_ws/install/mini_pjt_control/share/mini_pjt_control/package.bash'
[1.563s] INFO:colcon.colcon_core.shell:Creating package script '/home/rokey/mini_pjt_ws/install/mini_pjt_control/share/mini_pjt_control/package.zsh'
[1.564s] Level 1:colcon.colcon_core.environment:create_file_with_runtime_dependencies(/home/rokey/mini_pjt_ws/install/mini_pjt_control/share/colcon-core/packages/mini_pjt_control)
[1.564s] INFO:colcon.colcon_ros.task.ament_python.build:Building ROS package in '/home/rokey/mini_pjt_ws/src/mini_pjt_bringup' with build type 'ament_python'
[1.564s] Level 1:colcon.colcon_core.shell:create_environment_hook('mini_pjt_bringup', 'ament_prefix_path')
[1.564s] INFO:colcon.colcon_core.shell:Creating environment hook '/home/rokey/mini_pjt_ws/install/mini_pjt_bringup/share/mini_pjt_bringup/hook/ament_prefix_path.ps1'
[1.564s] INFO:colcon.colcon_core.shell:Creating environment descriptor '/home/rokey/mini_pjt_ws/install/mini_pjt_bringup/share/mini_pjt_bringup/hook/ament_prefix_path.dsv'
[1.564s] INFO:colcon.colcon_core.shell:Creating environment hook '/home/rokey/mini_pjt_ws/install/mini_pjt_bringup/share/mini_pjt_bringup/hook/ament_prefix_path.sh'
[1.565s] INFO:colcon.colcon_core.shell:Skip shell extension 'powershell' for command environment: Not usable outside of PowerShell
[1.565s] DEBUG:colcon.colcon_core.shell:Skip shell extension 'dsv' for command environment
[1.729s] INFO:colcon.colcon_core.task.python.build:Building Python package in '/home/rokey/mini_pjt_ws/src/mini_pjt_bringup'
[1.729s] INFO:colcon.colcon_core.shell:Skip shell extension 'powershell' for command environment: Not usable outside of PowerShell
[1.729s] DEBUG:colcon.colcon_core.shell:Skip shell extension 'dsv' for command environment
[1.959s] DEBUG:colcon.colcon_core.task.python.build:Available setuptools commands: build, install, rotate, alias, bdist_egg, update_catalog, install_egg_info, symlink_data, develop, bdist_dumb, easy_install, bdist_wheel, dist_info, test, compile_catalog, bdist_rpm, build_clib, bdist, register, clean, build_py, setopt, upload_docs, install_data, egg_info, install_scripts, build_scripts, extract_messages, install_lib, install_headers, init_catalog, sdist, saveopts, upload, check, build_ext
[2.154s] DEBUG:colcon.colcon_core.task.python.build:Available setuptools 'develop' options: --multi-version, --quiet, --no-user-cfg, --always-copy, --index-url, --record, --prefix, --uninstall, --zip-ok, --verbose, --find-links, --exclude-scripts, --egg-path, --always-unzip, --no-deps, --help, --allow-hosts, --site-dirs, --user, --version, --dry-run, --editable, --upgrade, --no-find-links, --local-snapshots-ok, --script-dir, --build-directory, --install-dir, --optimize
[2.157s] DEBUG:colcon.colcon_core.event_handler.log_command:Invoking command in '/home/rokey/mini_pjt_ws/build/mini_pjt_bringup': AMENT_PREFIX_PATH=/home/rokey/mini_pjt_ws/install/mini_pjt_vision:/home/rokey/mini_pjt_ws/install/mini_pjt_control:/home/rokey/mini_pjt_ws/install/mini_pjt_interfaces:${AMENT_PREFIX_PATH} CMAKE_PREFIX_PATH=/home/rokey/mini_pjt_ws/install/mini_pjt_interfaces LD_LIBRARY_PATH=/home/rokey/mini_pjt_ws/install/mini_pjt_interfaces/lib:${LD_LIBRARY_PATH} PYTHONPATH=/home/rokey/mini_pjt_ws/build/mini_pjt_bringup/prefix_override:/usr/lib/python3/dist-packages/colcon_core/task/python/colcon_distutils_commands:/home/rokey/mini_pjt_ws/install/mini_pjt_bringup/lib/python3.10/site-packages:/home/rokey/mini_pjt_ws/build/mini_pjt_vision:/home/rokey/mini_pjt_ws/install/mini_pjt_vision/lib/python3.10/site-packages:/home/rokey/mini_pjt_ws/build/mini_pjt_control:/home/rokey/mini_pjt_ws/install/mini_pjt_control/lib/python3.10/site-packages:/home/rokey/mini_pjt_ws/install/mini_pjt_interfaces/local/lib/python3.10/dist-packages:${PYTHONPATH} /usr/bin/python3 -W ignore:setup.py install is deprecated -W ignore:easy_install command is deprecated setup.py develop --editable --build-directory /home/rokey/mini_pjt_ws/build/mini_pjt_bringup/build --no-deps symlink_data
[2.449s] Level 1:colcon.colcon_core.shell:create_environment_hook('mini_pjt_bringup', 'pythonpath_develop')
[2.450s] INFO:colcon.colcon_core.shell:Creating environment hook '/home/rokey/mini_pjt_ws/build/mini_pjt_bringup/share/mini_pjt_bringup/hook/pythonpath_develop.ps1'
[2.450s] DEBUG:colcon.colcon_core.event_handler.log_command:Invoked command in '/home/rokey/mini_pjt_ws/build/mini_pjt_bringup' returned '0': AMENT_PREFIX_PATH=/home/rokey/mini_pjt_ws/install/mini_pjt_vision:/home/rokey/mini_pjt_ws/install/mini_pjt_control:/home/rokey/mini_pjt_ws/install/mini_pjt_interfaces:${AMENT_PREFIX_PATH} CMAKE_PREFIX_PATH=/home/rokey/mini_pjt_ws/install/mini_pjt_interfaces LD_LIBRARY_PATH=/home/rokey/mini_pjt_ws/install/mini_pjt_interfaces/lib:${LD_LIBRARY_PATH} PYTHONPATH=/home/rokey/mini_pjt_ws/build/mini_pjt_bringup/prefix_override:/usr/lib/python3/dist-packages/colcon_core/task/python/colcon_distutils_commands:/home/rokey/mini_pjt_ws/install/mini_pjt_bringup/lib/python3.10/site-packages:/home/rokey/mini_pjt_ws/build/mini_pjt_vision:/home/rokey/mini_pjt_ws/install/mini_pjt_vision/lib/python3.10/site-packages:/home/rokey/mini_pjt_ws/build/mini_pjt_control:/home/rokey/mini_pjt_ws/install/mini_pjt_control/lib/python3.10/site-packages:/home/rokey/mini_pjt_ws/install/mini_pjt_interfaces/local/lib/python3.10/dist-packages:${PYTHONPATH} /usr/bin/python3 -W ignore:setup.py install is deprecated -W ignore:easy_install command is deprecated setup.py develop --editable --build-directory /home/rokey/mini_pjt_ws/build/mini_pjt_bringup/build --no-deps symlink_data
[2.451s] INFO:colcon.colcon_core.shell:Creating environment descriptor '/home/rokey/mini_pjt_ws/build/mini_pjt_bringup/share/mini_pjt_bringup/hook/pythonpath_develop.dsv'
[2.451s] INFO:colcon.colcon_core.shell:Creating environment hook '/home/rokey/mini_pjt_ws/build/mini_pjt_bringup/share/mini_pjt_bringup/hook/pythonpath_develop.sh'
[2.452s] Level 1:colcon.colcon_core.environment:checking '/home/rokey/mini_pjt_ws/install/mini_pjt_bringup' for CMake module files
[2.452s] Level 1:colcon.colcon_core.environment:checking '/home/rokey/mini_pjt_ws/install/mini_pjt_bringup' for CMake config files
[2.452s] Level 1:colcon.colcon_core.environment:checking '/home/rokey/mini_pjt_ws/install/mini_pjt_bringup/lib'
[2.452s] Level 1:colcon.colcon_core.environment:checking '/home/rokey/mini_pjt_ws/install/mini_pjt_bringup/bin'
[2.452s] Level 1:colcon.colcon_core.environment:checking '/home/rokey/mini_pjt_ws/install/mini_pjt_bringup/lib/pkgconfig/mini_pjt_bringup.pc'
[2.452s] Level 1:colcon.colcon_core.environment:checking '/home/rokey/mini_pjt_ws/install/mini_pjt_bringup/lib/python3.10/site-packages'
[2.452s] Level 1:colcon.colcon_core.shell:create_environment_hook('mini_pjt_bringup', 'pythonpath')
[2.453s] INFO:colcon.colcon_core.shell:Creating environment hook '/home/rokey/mini_pjt_ws/install/mini_pjt_bringup/share/mini_pjt_bringup/hook/pythonpath.ps1'
[2.453s] INFO:colcon.colcon_core.shell:Creating environment descriptor '/home/rokey/mini_pjt_ws/install/mini_pjt_bringup/share/mini_pjt_bringup/hook/pythonpath.dsv'
[2.453s] INFO:colcon.colcon_core.shell:Creating environment hook '/home/rokey/mini_pjt_ws/install/mini_pjt_bringup/share/mini_pjt_bringup/hook/pythonpath.sh'
[2.454s] Level 1:colcon.colcon_core.environment:checking '/home/rokey/mini_pjt_ws/install/mini_pjt_bringup/bin'
[2.454s] Level 1:colcon.colcon_core.environment:create_environment_scripts_only(mini_pjt_bringup)
[2.454s] INFO:colcon.colcon_core.shell:Creating package script '/home/rokey/mini_pjt_ws/install/mini_pjt_bringup/share/mini_pjt_bringup/package.ps1'
[2.455s] INFO:colcon.colcon_core.shell:Creating package descriptor '/home/rokey/mini_pjt_ws/install/mini_pjt_bringup/share/mini_pjt_bringup/package.dsv'
[2.455s] INFO:colcon.colcon_core.shell:Creating package script '/home/rokey/mini_pjt_ws/install/mini_pjt_bringup/share/mini_pjt_bringup/package.sh'
[2.455s] INFO:colcon.colcon_core.shell:Creating package script '/home/rokey/mini_pjt_ws/install/mini_pjt_bringup/share/mini_pjt_bringup/package.bash'
[2.456s] INFO:colcon.colcon_core.shell:Creating package script '/home/rokey/mini_pjt_ws/install/mini_pjt_bringup/share/mini_pjt_bringup/package.zsh'
[2.456s] Level 1:colcon.colcon_core.environment:create_file_with_runtime_dependencies(/home/rokey/mini_pjt_ws/install/mini_pjt_bringup/share/colcon-core/packages/mini_pjt_bringup)
[2.456s] DEBUG:colcon.colcon_parallel_executor.executor.parallel:closing loop
[2.457s] DEBUG:colcon.colcon_parallel_executor.executor.parallel:loop closed
[2.457s] DEBUG:colcon.colcon_parallel_executor.executor.parallel:run_until_complete finished with '0'
[2.457s] DEBUG:colcon.colcon_core.event_reactor:joining thread
[2.460s] INFO:colcon.colcon_core.plugin_system:Skipping extension 'colcon_notification.desktop_notification.terminal_notifier': Not used on non-Darwin systems
[2.461s] INFO:colcon.colcon_core.plugin_system:Skipping extension 'colcon_notification.desktop_notification.win32': Not used on non-Windows systems
[2.461s] INFO:colcon.colcon_notification.desktop_notification:Sending desktop notification using 'notify2'
[2.468s] DEBUG:colcon.colcon_core.event_reactor:joined thread
[2.469s] INFO:colcon.colcon_core.shell:Creating prefix script '/home/rokey/mini_pjt_ws/install/local_setup.ps1'
[2.469s] INFO:colcon.colcon_core.shell:Creating prefix util module '/home/rokey/mini_pjt_ws/install/_local_setup_util_ps1.py'
[2.470s] INFO:colcon.colcon_core.shell:Creating prefix chain script '/home/rokey/mini_pjt_ws/install/setup.ps1'
[2.471s] INFO:colcon.colcon_core.shell:Creating prefix script '/home/rokey/mini_pjt_ws/install/local_setup.sh'
[2.472s] INFO:colcon.colcon_core.shell:Creating prefix util module '/home/rokey/mini_pjt_ws/install/_local_setup_util_sh.py'
[2.472s] INFO:colcon.colcon_core.shell:Creating prefix chain script '/home/rokey/mini_pjt_ws/install/setup.sh'
[2.473s] INFO:colcon.colcon_core.shell:Creating prefix script '/home/rokey/mini_pjt_ws/install/local_setup.bash'
[2.473s] INFO:colcon.colcon_core.shell:Creating prefix chain script '/home/rokey/mini_pjt_ws/install/setup.bash'
[2.474s] INFO:colcon.colcon_core.shell:Creating prefix script '/home/rokey/mini_pjt_ws/install/local_setup.zsh'
[2.474s] INFO:colcon.colcon_core.shell:Creating prefix chain script '/home/rokey/mini_pjt_ws/install/setup.zsh'
