[0.056s] DEBUG:colcon:Command line arguments: ['/usr/bin/colcon', 'build', '--symlink-install']
[0.056s] DEBUG:colcon:Parsed command line arguments: Namespace(log_base=None, log_level=None, verb_name='build', build_base='build', install_base='install', merge_install=False, symlink_install=True, test_result_base=None, continue_on_error=False, executor='parallel', parallel_workers=22, event_handlers=None, ignore_user_meta=False, metas=['./colcon.meta'], base_paths=['.'], packages_ignore=None, packages_ignore_regex=None, paths=None, packages_up_to=None, packages_up_to_regex=None, packages_above=None, packages_above_and_dependencies=None, packages_above_depth=None, packages_select_by_dep=None, packages_skip_by_dep=None, packages_skip_up_to=None, packages_select_build_failed=False, packages_skip_build_finished=False, packages_select_test_failures=False, packages_skip_test_passed=False, packages_select=None, packages_skip=None, packages_select_regex=None, packages_skip_regex=None, packages_start=None, packages_end=None, allow_overriding=[], cmake_args=None, cmake_target=None, cmake_target_skip_unavailable=False, cmake_clean_cache=False, cmake_clean_first=False, cmake_force_configure=False, ament_cmake_args=None, catkin_cmake_args=None, catkin_skip_building_tests=False, mixin_files=None, mixin=None, verb_parser=<colcon_mixin.mixin.mixin_argument.MixinArgumentDecorator object at 0x746fd8c72e30>, verb_extension=<colcon_core.verb.build.BuildVerb object at 0x746fd8c72440>, main=<bound method BuildVerb.main of <colcon_core.verb.build.BuildVerb object at 0x746fd8c72440>>, mixin_verb=('build',))
[0.151s] Level 1:colcon.colcon_core.package_discovery:discover_packages(colcon_meta) check parameters
[0.151s] Level 1:colcon.colcon_core.package_discovery:discover_packages(recursive) check parameters
[0.151s] Level 1:colcon.colcon_core.package_discovery:discover_packages(ignore) check parameters
[0.151s] Level 1:colcon.colcon_core.package_discovery:discover_packages(path) check parameters
[0.151s] Level 1:colcon.colcon_core.package_discovery:discover_packages(colcon_meta) discover
[0.151s] Level 1:colcon.colcon_core.package_discovery:discover_packages(recursive) discover
[0.151s] INFO:colcon.colcon_core.package_discovery:Crawling recursively for packages in '/home/rokey/mini_pjt_ws'
[0.151s] Level 1:colcon.colcon_core.package_identification:_identify(.) by extensions ['ignore', 'ignore_ament_install']
[0.151s] Level 1:colcon.colcon_core.package_identification:_identify(.) by extension 'ignore'
[0.151s] Level 1:colcon.colcon_core.package_identification:_identify(.) by extension 'ignore_ament_install'
[0.151s] Level 1:colcon.colcon_core.package_identification:_identify(.) by extensions ['colcon_pkg']
[0.151s] Level 1:colcon.colcon_core.package_identification:_identify(.) by extension 'colcon_pkg'
[0.151s] Level 1:colcon.colcon_core.package_identification:_identify(.) by extensions ['colcon_meta']
[0.151s] Level 1:colcon.colcon_core.package_identification:_identify(.) by extension 'colcon_meta'
[0.151s] Level 1:colcon.colcon_core.package_identification:_identify(.) by extensions ['ros']
[0.151s] Level 1:colcon.colcon_core.package_identification:_identify(.) by extension 'ros'
[0.162s] Level 1:colcon.colcon_core.package_identification:_identify(.) by extensions ['cmake', 'python']
[0.163s] Level 1:colcon.colcon_core.package_identification:_identify(.) by extension 'cmake'
[0.163s] Level 1:colcon.colcon_core.package_identification:_identify(.) by extension 'python'
[0.163s] Level 1:colcon.colcon_core.package_identification:_identify(.) by extensions ['python_setup_py']
[0.163s] Level 1:colcon.colcon_core.package_identification:_identify(.) by extension 'python_setup_py'
[0.163s] Level 1:colcon.colcon_core.package_identification:_identify(build) by extensions ['ignore', 'ignore_ament_install']
[0.163s] Level 1:colcon.colcon_core.package_identification:_identify(build) by extension 'ignore'
[0.163s] Level 1:colcon.colcon_core.package_identification:_identify(build) ignored
[0.163s] Level 1:colcon.colcon_core.package_identification:_identify(install) by extensions ['ignore', 'ignore_ament_install']
[0.163s] Level 1:colcon.colcon_core.package_identification:_identify(install) by extension 'ignore'
[0.163s] Level 1:colcon.colcon_core.package_identification:_identify(install) ignored
[0.163s] Level 1:colcon.colcon_core.package_identification:_identify(log) by extensions ['ignore', 'ignore_ament_install']
[0.163s] Level 1:colcon.colcon_core.package_identification:_identify(log) by extension 'ignore'
[0.163s] Level 1:colcon.colcon_core.package_identification:_identify(log) ignored
[0.163s] Level 1:colcon.colcon_core.package_identification:_identify(maps) by extensions ['ignore', 'ignore_ament_install']
[0.163s] Level 1:colcon.colcon_core.package_identification:_identify(maps) by extension 'ignore'
[0.163s] Level 1:colcon.colcon_core.package_identification:_identify(maps) by extension 'ignore_ament_install'
[0.163s] Level 1:colcon.colcon_core.package_identification:_identify(maps) by extensions ['colcon_pkg']
[0.163s] Level 1:colcon.colcon_core.package_identification:_identify(maps) by extension 'colcon_pkg'
[0.163s] Level 1:colcon.colcon_core.package_identification:_identify(maps) by extensions ['colcon_meta']
[0.163s] Level 1:colcon.colcon_core.package_identification:_identify(maps) by extension 'colcon_meta'
[0.163s] Level 1:colcon.colcon_core.package_identification:_identify(maps) by extensions ['ros']
[0.163s] Level 1:colcon.colcon_core.package_identification:_identify(maps) by extension 'ros'
[0.163s] Level 1:colcon.colcon_core.package_identification:_identify(maps) by extensions ['cmake', 'python']
[0.163s] Level 1:colcon.colcon_core.package_identification:_identify(maps) by extension 'cmake'
[0.163s] Level 1:colcon.colcon_core.package_identification:_identify(maps) by extension 'python'
[0.163s] Level 1:colcon.colcon_core.package_identification:_identify(maps) by extensions ['python_setup_py']
[0.163s] Level 1:colcon.colcon_core.package_identification:_identify(maps) by extension 'python_setup_py'
[0.163s] Level 1:colcon.colcon_core.package_identification:_identify(src) by extensions ['ignore', 'ignore_ament_install']
[0.163s] Level 1:colcon.colcon_core.package_identification:_identify(src) by extension 'ignore'
[0.163s] Level 1:colcon.colcon_core.package_identification:_identify(src) by extension 'ignore_ament_install'
[0.163s] Level 1:colcon.colcon_core.package_identification:_identify(src) by extensions ['colcon_pkg']
[0.163s] Level 1:colcon.colcon_core.package_identification:_identify(src) by extension 'colcon_pkg'
[0.163s] Level 1:colcon.colcon_core.package_identification:_identify(src) by extensions ['colcon_meta']
[0.163s] Level 1:colcon.colcon_core.package_identification:_identify(src) by extension 'colcon_meta'
[0.163s] Level 1:colcon.colcon_core.package_identification:_identify(src) by extensions ['ros']
[0.163s] Level 1:colcon.colcon_core.package_identification:_identify(src) by extension 'ros'
[0.163s] Level 1:colcon.colcon_core.package_identification:_identify(src) by extensions ['cmake', 'python']
[0.163s] Level 1:colcon.colcon_core.package_identification:_identify(src) by extension 'cmake'
[0.164s] Level 1:colcon.colcon_core.package_identification:_identify(src) by extension 'python'
[0.164s] Level 1:colcon.colcon_core.package_identification:_identify(src) by extensions ['python_setup_py']
[0.164s] Level 1:colcon.colcon_core.package_identification:_identify(src) by extension 'python_setup_py'
[0.164s] Level 1:colcon.colcon_core.package_identification:_identify(src/mini_pjt_bringup) by extensions ['ignore', 'ignore_ament_install']
[0.164s] Level 1:colcon.colcon_core.package_identification:_identify(src/mini_pjt_bringup) by extension 'ignore'
[0.164s] Level 1:colcon.colcon_core.package_identification:_identify(src/mini_pjt_bringup) by extension 'ignore_ament_install'
[0.164s] Level 1:colcon.colcon_core.package_identification:_identify(src/mini_pjt_bringup) by extensions ['colcon_pkg']
[0.164s] Level 1:colcon.colcon_core.package_identification:_identify(src/mini_pjt_bringup) by extension 'colcon_pkg'
[0.164s] Level 1:colcon.colcon_core.package_identification:_identify(src/mini_pjt_bringup) by extensions ['colcon_meta']
[0.164s] Level 1:colcon.colcon_core.package_identification:_identify(src/mini_pjt_bringup) by extension 'colcon_meta'
[0.164s] Level 1:colcon.colcon_core.package_identification:_identify(src/mini_pjt_bringup) by extensions ['ros']
[0.164s] Level 1:colcon.colcon_core.package_identification:_identify(src/mini_pjt_bringup) by extension 'ros'
[0.165s] DEBUG:colcon.colcon_core.package_identification:Package 'src/mini_pjt_bringup' with type 'ros.ament_python' and name 'mini_pjt_bringup'
[0.165s] Level 1:colcon.colcon_core.package_identification:_identify(src/mini_pjt_control) by extensions ['ignore', 'ignore_ament_install']
[0.165s] Level 1:colcon.colcon_core.package_identification:_identify(src/mini_pjt_control) by extension 'ignore'
[0.165s] Level 1:colcon.colcon_core.package_identification:_identify(src/mini_pjt_control) by extension 'ignore_ament_install'
[0.165s] Level 1:colcon.colcon_core.package_identification:_identify(src/mini_pjt_control) by extensions ['colcon_pkg']
[0.165s] Level 1:colcon.colcon_core.package_identification:_identify(src/mini_pjt_control) by extension 'colcon_pkg'
[0.165s] Level 1:colcon.colcon_core.package_identification:_identify(src/mini_pjt_control) by extensions ['colcon_meta']
[0.165s] Level 1:colcon.colcon_core.package_identification:_identify(src/mini_pjt_control) by extension 'colcon_meta'
[0.165s] Level 1:colcon.colcon_core.package_identification:_identify(src/mini_pjt_control) by extensions ['ros']
[0.165s] Level 1:colcon.colcon_core.package_identification:_identify(src/mini_pjt_control) by extension 'ros'
[0.166s] DEBUG:colcon.colcon_core.package_identification:Package 'src/mini_pjt_control' with type 'ros.ament_python' and name 'mini_pjt_control'
[0.166s] Level 1:colcon.colcon_core.package_identification:_identify(src/mini_pjt_interfaces) by extensions ['ignore', 'ignore_ament_install']
[0.166s] Level 1:colcon.colcon_core.package_identification:_identify(src/mini_pjt_interfaces) by extension 'ignore'
[0.166s] Level 1:colcon.colcon_core.package_identification:_identify(src/mini_pjt_interfaces) by extension 'ignore_ament_install'
[0.166s] Level 1:colcon.colcon_core.package_identification:_identify(src/mini_pjt_interfaces) by extensions ['colcon_pkg']
[0.166s] Level 1:colcon.colcon_core.package_identification:_identify(src/mini_pjt_interfaces) by extension 'colcon_pkg'
[0.166s] Level 1:colcon.colcon_core.package_identification:_identify(src/mini_pjt_interfaces) by extensions ['colcon_meta']
[0.166s] Level 1:colcon.colcon_core.package_identification:_identify(src/mini_pjt_interfaces) by extension 'colcon_meta'
[0.166s] Level 1:colcon.colcon_core.package_identification:_identify(src/mini_pjt_interfaces) by extensions ['ros']
[0.166s] Level 1:colcon.colcon_core.package_identification:_identify(src/mini_pjt_interfaces) by extension 'ros'
[0.166s] DEBUG:colcon.colcon_core.package_identification:Package 'src/mini_pjt_interfaces' with type 'ros.ament_cmake' and name 'mini_pjt_interfaces'
[0.166s] Level 1:colcon.colcon_core.package_identification:_identify(src/mini_pjt_vision) by extensions ['ignore', 'ignore_ament_install']
[0.166s] Level 1:colcon.colcon_core.package_identification:_identify(src/mini_pjt_vision) by extension 'ignore'
[0.166s] Level 1:colcon.colcon_core.package_identification:_identify(src/mini_pjt_vision) by extension 'ignore_ament_install'
[0.166s] Level 1:colcon.colcon_core.package_identification:_identify(src/mini_pjt_vision) by extensions ['colcon_pkg']
[0.166s] Level 1:colcon.colcon_core.package_identification:_identify(src/mini_pjt_vision) by extension 'colcon_pkg'
[0.166s] Level 1:colcon.colcon_core.package_identification:_identify(src/mini_pjt_vision) by extensions ['colcon_meta']
[0.166s] Level 1:colcon.colcon_core.package_identification:_identify(src/mini_pjt_vision) by extension 'colcon_meta'
[0.166s] Level 1:colcon.colcon_core.package_identification:_identify(src/mini_pjt_vision) by extensions ['ros']
[0.166s] Level 1:colcon.colcon_core.package_identification:_identify(src/mini_pjt_vision) by extension 'ros'
[0.167s] DEBUG:colcon.colcon_core.package_identification:Package 'src/mini_pjt_vision' with type 'ros.ament_python' and name 'mini_pjt_vision'
[0.167s] Level 1:colcon.colcon_core.package_identification:_identify(test_data) by extensions ['ignore', 'ignore_ament_install']
[0.167s] Level 1:colcon.colcon_core.package_identification:_identify(test_data) by extension 'ignore'
[0.167s] Level 1:colcon.colcon_core.package_identification:_identify(test_data) by extension 'ignore_ament_install'
[0.167s] Level 1:colcon.colcon_core.package_identification:_identify(test_data) by extensions ['colcon_pkg']
[0.167s] Level 1:colcon.colcon_core.package_identification:_identify(test_data) by extension 'colcon_pkg'
[0.167s] Level 1:colcon.colcon_core.package_identification:_identify(test_data) by extensions ['colcon_meta']
[0.167s] Level 1:colcon.colcon_core.package_identification:_identify(test_data) by extension 'colcon_meta'
[0.167s] Level 1:colcon.colcon_core.package_identification:_identify(test_data) by extensions ['ros']
[0.167s] Level 1:colcon.colcon_core.package_identification:_identify(test_data) by extension 'ros'
[0.167s] Level 1:colcon.colcon_core.package_identification:_identify(test_data) by extensions ['cmake', 'python']
[0.167s] Level 1:colcon.colcon_core.package_identification:_identify(test_data) by extension 'cmake'
[0.167s] Level 1:colcon.colcon_core.package_identification:_identify(test_data) by extension 'python'
[0.167s] Level 1:colcon.colcon_core.package_identification:_identify(test_data) by extensions ['python_setup_py']
[0.167s] Level 1:colcon.colcon_core.package_identification:_identify(test_data) by extension 'python_setup_py'
[0.167s] Level 1:colcon.colcon_core.package_discovery:discover_packages(recursive) using defaults
[0.167s] Level 1:colcon.colcon_core.package_discovery:discover_packages(ignore) discover
[0.167s] Level 1:colcon.colcon_core.package_discovery:discover_packages(ignore) using defaults
[0.167s] Level 1:colcon.colcon_core.package_discovery:discover_packages(path) discover
[0.167s] Level 1:colcon.colcon_core.package_discovery:discover_packages(path) using defaults
[0.178s] Level 1:colcon.colcon_core.package_discovery:discover_packages(prefix_path) check parameters
[0.178s] Level 1:colcon.colcon_core.package_discovery:discover_packages(prefix_path) discover
[0.180s] DEBUG:colcon.colcon_installed_package_information.package_discovery:Found 390 installed packages in /opt/ros/humble
[0.181s] Level 1:colcon.colcon_core.package_discovery:discover_packages(prefix_path) using defaults
[0.204s] Level 5:colcon.colcon_core.verb:set package 'mini_pjt_interfaces' build argument 'cmake_args' from command line to 'None'
[0.204s] Level 5:colcon.colcon_core.verb:set package 'mini_pjt_interfaces' build argument 'cmake_target' from command line to 'None'
[0.204s] Level 5:colcon.colcon_core.verb:set package 'mini_pjt_interfaces' build argument 'cmake_target_skip_unavailable' from command line to 'False'
[0.204s] Level 5:colcon.colcon_core.verb:set package 'mini_pjt_interfaces' build argument 'cmake_clean_cache' from command line to 'False'
[0.204s] Level 5:colcon.colcon_core.verb:set package 'mini_pjt_interfaces' build argument 'cmake_clean_first' from command line to 'False'
[0.204s] Level 5:colcon.colcon_core.verb:set package 'mini_pjt_interfaces' build argument 'cmake_force_configure' from command line to 'False'
[0.204s] Level 5:colcon.colcon_core.verb:set package 'mini_pjt_interfaces' build argument 'ament_cmake_args' from command line to 'None'
[0.204s] Level 5:colcon.colcon_core.verb:set package 'mini_pjt_interfaces' build argument 'catkin_cmake_args' from command line to 'None'
[0.204s] Level 5:colcon.colcon_core.verb:set package 'mini_pjt_interfaces' build argument 'catkin_skip_building_tests' from command line to 'False'
[0.204s] DEBUG:colcon.colcon_core.verb:Building package 'mini_pjt_interfaces' with the following arguments: {'ament_cmake_args': None, 'build_base': '/home/rokey/mini_pjt_ws/build/mini_pjt_interfaces', 'catkin_cmake_args': None, 'catkin_skip_building_tests': False, 'cmake_args': None, 'cmake_clean_cache': False, 'cmake_clean_first': False, 'cmake_force_configure': False, 'cmake_target': None, 'cmake_target_skip_unavailable': False, 'install_base': '/home/rokey/mini_pjt_ws/install/mini_pjt_interfaces', 'merge_install': False, 'path': '/home/rokey/mini_pjt_ws/src/mini_pjt_interfaces', 'symlink_install': True, 'test_result_base': None}
[0.204s] Level 5:colcon.colcon_core.verb:set package 'mini_pjt_control' build argument 'cmake_args' from command line to 'None'
[0.204s] Level 5:colcon.colcon_core.verb:set package 'mini_pjt_control' build argument 'cmake_target' from command line to 'None'
[0.204s] Level 5:colcon.colcon_core.verb:set package 'mini_pjt_control' build argument 'cmake_target_skip_unavailable' from command line to 'False'
[0.204s] Level 5:colcon.colcon_core.verb:set package 'mini_pjt_control' build argument 'cmake_clean_cache' from command line to 'False'
[0.205s] Level 5:colcon.colcon_core.verb:set package 'mini_pjt_control' build argument 'cmake_clean_first' from command line to 'False'
[0.205s] Level 5:colcon.colcon_core.verb:set package 'mini_pjt_control' build argument 'cmake_force_configure' from command line to 'False'
[0.205s] Level 5:colcon.colcon_core.verb:set package 'mini_pjt_control' build argument 'ament_cmake_args' from command line to 'None'
[0.205s] Level 5:colcon.colcon_core.verb:set package 'mini_pjt_control' build argument 'catkin_cmake_args' from command line to 'None'
[0.205s] Level 5:colcon.colcon_core.verb:set package 'mini_pjt_control' build argument 'catkin_skip_building_tests' from command line to 'False'
[0.205s] DEBUG:colcon.colcon_core.verb:Building package 'mini_pjt_control' with the following arguments: {'ament_cmake_args': None, 'build_base': '/home/rokey/mini_pjt_ws/build/mini_pjt_control', 'catkin_cmake_args': None, 'catkin_skip_building_tests': False, 'cmake_args': None, 'cmake_clean_cache': False, 'cmake_clean_first': False, 'cmake_force_configure': False, 'cmake_target': None, 'cmake_target_skip_unavailable': False, 'install_base': '/home/rokey/mini_pjt_ws/install/mini_pjt_control', 'merge_install': False, 'path': '/home/rokey/mini_pjt_ws/src/mini_pjt_control', 'symlink_install': True, 'test_result_base': None}
[0.205s] Level 5:colcon.colcon_core.verb:set package 'mini_pjt_vision' build argument 'cmake_args' from command line to 'None'
[0.205s] Level 5:colcon.colcon_core.verb:set package 'mini_pjt_vision' build argument 'cmake_target' from command line to 'None'
[0.205s] Level 5:colcon.colcon_core.verb:set package 'mini_pjt_vision' build argument 'cmake_target_skip_unavailable' from command line to 'False'
[0.205s] Level 5:colcon.colcon_core.verb:set package 'mini_pjt_vision' build argument 'cmake_clean_cache' from command line to 'False'
[0.205s] Level 5:colcon.colcon_core.verb:set package 'mini_pjt_vision' build argument 'cmake_clean_first' from command line to 'False'
[0.205s] Level 5:colcon.colcon_core.verb:set package 'mini_pjt_vision' build argument 'cmake_force_configure' from command line to 'False'
[0.205s] Level 5:colcon.colcon_core.verb:set package 'mini_pjt_vision' build argument 'ament_cmake_args' from command line to 'None'
[0.205s] Level 5:colcon.colcon_core.verb:set package 'mini_pjt_vision' build argument 'catkin_cmake_args' from command line to 'None'
[0.205s] Level 5:colcon.colcon_core.verb:set package 'mini_pjt_vision' build argument 'catkin_skip_building_tests' from command line to 'False'
[0.205s] DEBUG:colcon.colcon_core.verb:Building package 'mini_pjt_vision' with the following arguments: {'ament_cmake_args': None, 'build_base': '/home/rokey/mini_pjt_ws/build/mini_pjt_vision', 'catkin_cmake_args': None, 'catkin_skip_building_tests': False, 'cmake_args': None, 'cmake_clean_cache': False, 'cmake_clean_first': False, 'cmake_force_configure': False, 'cmake_target': None, 'cmake_target_skip_unavailable': False, 'install_base': '/home/rokey/mini_pjt_ws/install/mini_pjt_vision', 'merge_install': False, 'path': '/home/rokey/mini_pjt_ws/src/mini_pjt_vision', 'symlink_install': True, 'test_result_base': None}
[0.205s] Level 5:colcon.colcon_core.verb:set package 'mini_pjt_bringup' build argument 'cmake_args' from command line to 'None'
[0.205s] Level 5:colcon.colcon_core.verb:set package 'mini_pjt_bringup' build argument 'cmake_target' from command line to 'None'
[0.205s] Level 5:colcon.colcon_core.verb:set package 'mini_pjt_bringup' build argument 'cmake_target_skip_unavailable' from command line to 'False'
[0.205s] Level 5:colcon.colcon_core.verb:set package 'mini_pjt_bringup' build argument 'cmake_clean_cache' from command line to 'False'
[0.205s] Level 5:colcon.colcon_core.verb:set package 'mini_pjt_bringup' build argument 'cmake_clean_first' from command line to 'False'
[0.205s] Level 5:colcon.colcon_core.verb:set package 'mini_pjt_bringup' build argument 'cmake_force_configure' from command line to 'False'
[0.205s] Level 5:colcon.colcon_core.verb:set package 'mini_pjt_bringup' build argument 'ament_cmake_args' from command line to 'None'
[0.205s] Level 5:colcon.colcon_core.verb:set package 'mini_pjt_bringup' build argument 'catkin_cmake_args' from command line to 'None'
[0.205s] Level 5:colcon.colcon_core.verb:set package 'mini_pjt_bringup' build argument 'catkin_skip_building_tests' from command line to 'False'
[0.205s] DEBUG:colcon.colcon_core.verb:Building package 'mini_pjt_bringup' with the following arguments: {'ament_cmake_args': None, 'build_base': '/home/rokey/mini_pjt_ws/build/mini_pjt_bringup', 'catkin_cmake_args': None, 'catkin_skip_building_tests': False, 'cmake_args': None, 'cmake_clean_cache': False, 'cmake_clean_first': False, 'cmake_force_configure': False, 'cmake_target': None, 'cmake_target_skip_unavailable': False, 'install_base': '/home/rokey/mini_pjt_ws/install/mini_pjt_bringup', 'merge_install': False, 'path': '/home/rokey/mini_pjt_ws/src/mini_pjt_bringup', 'symlink_install': True, 'test_result_base': None}
[0.205s] INFO:colcon.colcon_core.executor:Executing jobs using 'parallel' executor
[0.206s] DEBUG:colcon.colcon_parallel_executor.executor.parallel:run_until_complete
[0.206s] INFO:colcon.colcon_ros.task.ament_cmake.build:Building ROS package in '/home/rokey/mini_pjt_ws/src/mini_pjt_interfaces' with build type 'ament_cmake'
[0.207s] INFO:colcon.colcon_cmake.task.cmake.build:Building CMake package in '/home/rokey/mini_pjt_ws/src/mini_pjt_interfaces'
[0.208s] INFO:colcon.colcon_core.plugin_system:Skipping extension 'colcon_core.shell.bat': Not used on non-Windows systems
[0.208s] INFO:colcon.colcon_core.shell:Skip shell extension 'powershell' for command environment: Not usable outside of PowerShell
[0.208s] DEBUG:colcon.colcon_core.shell:Skip shell extension 'dsv' for command environment
[0.214s] DEBUG:colcon.colcon_core.event_handler.log_command:Invoking command in '/home/rokey/mini_pjt_ws/build/mini_pjt_interfaces': CMAKE_PREFIX_PATH=/opt/ros/humble /usr/bin/cmake --build /home/rokey/mini_pjt_ws/build/mini_pjt_interfaces -- -j22 -l22
[0.431s] DEBUG:colcon.colcon_core.event_handler.log_command:Invoked command in '/home/rokey/mini_pjt_ws/build/mini_pjt_interfaces' returned '0': CMAKE_PREFIX_PATH=/opt/ros/humble /usr/bin/cmake --build /home/rokey/mini_pjt_ws/build/mini_pjt_interfaces -- -j22 -l22
[0.439s] DEBUG:colcon.colcon_core.event_handler.log_command:Invoking command in '/home/rokey/mini_pjt_ws/build/mini_pjt_interfaces': CMAKE_PREFIX_PATH=/opt/ros/humble /usr/bin/cmake --install /home/rokey/mini_pjt_ws/build/mini_pjt_interfaces
[0.482s] Level 1:colcon.colcon_core.environment:create_environment_scripts_only(mini_pjt_interfaces)
[0.482s] DEBUG:colcon.colcon_core.event_handler.log_command:Invoked command in '/home/rokey/mini_pjt_ws/build/mini_pjt_interfaces' returned '0': CMAKE_PREFIX_PATH=/opt/ros/humble /usr/bin/cmake --install /home/rokey/mini_pjt_ws/build/mini_pjt_interfaces
[0.484s] Level 1:colcon.colcon_core.environment:checking '/home/rokey/mini_pjt_ws/install/mini_pjt_interfaces' for CMake module files
[0.484s] Level 1:colcon.colcon_core.environment:checking '/home/rokey/mini_pjt_ws/install/mini_pjt_interfaces' for CMake config files
[0.484s] Level 1:colcon.colcon_core.shell:create_environment_hook('mini_pjt_interfaces', 'cmake_prefix_path')
[0.485s] INFO:colcon.colcon_core.shell:Creating environment hook '/home/rokey/mini_pjt_ws/install/mini_pjt_interfaces/share/mini_pjt_interfaces/hook/cmake_prefix_path.ps1'
[0.485s] INFO:colcon.colcon_core.shell:Creating environment descriptor '/home/rokey/mini_pjt_ws/install/mini_pjt_interfaces/share/mini_pjt_interfaces/hook/cmake_prefix_path.dsv'
[0.485s] INFO:colcon.colcon_core.shell:Creating environment hook '/home/rokey/mini_pjt_ws/install/mini_pjt_interfaces/share/mini_pjt_interfaces/hook/cmake_prefix_path.sh'
[0.486s] Level 1:colcon.colcon_core.environment:checking '/home/rokey/mini_pjt_ws/install/mini_pjt_interfaces/lib'
[0.486s] Level 1:colcon.colcon_core.shell:create_environment_hook('mini_pjt_interfaces', 'ld_library_path_lib')
[0.486s] INFO:colcon.colcon_core.shell:Creating environment hook '/home/rokey/mini_pjt_ws/install/mini_pjt_interfaces/share/mini_pjt_interfaces/hook/ld_library_path_lib.ps1'
[0.486s] INFO:colcon.colcon_core.shell:Creating environment descriptor '/home/rokey/mini_pjt_ws/install/mini_pjt_interfaces/share/mini_pjt_interfaces/hook/ld_library_path_lib.dsv'
[0.486s] INFO:colcon.colcon_core.shell:Creating environment hook '/home/rokey/mini_pjt_ws/install/mini_pjt_interfaces/share/mini_pjt_interfaces/hook/ld_library_path_lib.sh'
[0.487s] Level 1:colcon.colcon_core.environment:checking '/home/rokey/mini_pjt_ws/install/mini_pjt_interfaces/bin'
[0.487s] Level 1:colcon.colcon_core.environment:checking '/home/rokey/mini_pjt_ws/install/mini_pjt_interfaces/lib/pkgconfig/mini_pjt_interfaces.pc'
[0.487s] Level 1:colcon.colcon_core.environment:checking '/home/rokey/mini_pjt_ws/install/mini_pjt_interfaces/lib/python3.10/site-packages'
[0.487s] Level 1:colcon.colcon_core.environment:checking '/home/rokey/mini_pjt_ws/install/mini_pjt_interfaces/bin'
[0.487s] INFO:colcon.colcon_core.shell:Creating package script '/home/rokey/mini_pjt_ws/install/mini_pjt_interfaces/share/mini_pjt_interfaces/package.ps1'
[0.488s] INFO:colcon.colcon_core.shell:Creating package descriptor '/home/rokey/mini_pjt_ws/install/mini_pjt_interfaces/share/mini_pjt_interfaces/package.dsv'
[0.488s] INFO:colcon.colcon_core.shell:Creating package script '/home/rokey/mini_pjt_ws/install/mini_pjt_interfaces/share/mini_pjt_interfaces/package.sh'
[0.488s] INFO:colcon.colcon_core.shell:Creating package script '/home/rokey/mini_pjt_ws/install/mini_pjt_interfaces/share/mini_pjt_interfaces/package.bash'
[0.489s] INFO:colcon.colcon_core.shell:Creating package script '/home/rokey/mini_pjt_ws/install/mini_pjt_interfaces/share/mini_pjt_interfaces/package.zsh'
[0.489s] Level 1:colcon.colcon_core.environment:create_file_with_runtime_dependencies(/home/rokey/mini_pjt_ws/install/mini_pjt_interfaces/share/colcon-core/packages/mini_pjt_interfaces)
[0.489s] Level 1:colcon.colcon_core.environment:create_environment_scripts_only(mini_pjt_interfaces)
[0.490s] Level 1:colcon.colcon_core.environment:checking '/home/rokey/mini_pjt_ws/install/mini_pjt_interfaces' for CMake module files
[0.490s] Level 1:colcon.colcon_core.environment:checking '/home/rokey/mini_pjt_ws/install/mini_pjt_interfaces' for CMake config files
[0.490s] Level 1:colcon.colcon_core.shell:create_environment_hook('mini_pjt_interfaces', 'cmake_prefix_path')
[0.490s] INFO:colcon.colcon_core.shell:Creating environment hook '/home/rokey/mini_pjt_ws/install/mini_pjt_interfaces/share/mini_pjt_interfaces/hook/cmake_prefix_path.ps1'
[0.490s] INFO:colcon.colcon_core.shell:Creating environment descriptor '/home/rokey/mini_pjt_ws/install/mini_pjt_interfaces/share/mini_pjt_interfaces/hook/cmake_prefix_path.dsv'
[0.491s] INFO:colcon.colcon_core.shell:Creating environment hook '/home/rokey/mini_pjt_ws/install/mini_pjt_interfaces/share/mini_pjt_interfaces/hook/cmake_prefix_path.sh'
[0.491s] Level 1:colcon.colcon_core.environment:checking '/home/rokey/mini_pjt_ws/install/mini_pjt_interfaces/lib'
[0.491s] Level 1:colcon.colcon_core.shell:create_environment_hook('mini_pjt_interfaces', 'ld_library_path_lib')
[0.491s] INFO:colcon.colcon_core.shell:Creating environment hook '/home/rokey/mini_pjt_ws/install/mini_pjt_interfaces/share/mini_pjt_interfaces/hook/ld_library_path_lib.ps1'
[0.491s] INFO:colcon.colcon_core.shell:Creating environment descriptor '/home/rokey/mini_pjt_ws/install/mini_pjt_interfaces/share/mini_pjt_interfaces/hook/ld_library_path_lib.dsv'
[0.491s] INFO:colcon.colcon_core.shell:Creating environment hook '/home/rokey/mini_pjt_ws/install/mini_pjt_interfaces/share/mini_pjt_interfaces/hook/ld_library_path_lib.sh'
[0.491s] Level 1:colcon.colcon_core.environment:checking '/home/rokey/mini_pjt_ws/install/mini_pjt_interfaces/bin'
[0.492s] Level 1:colcon.colcon_core.environment:checking '/home/rokey/mini_pjt_ws/install/mini_pjt_interfaces/lib/pkgconfig/mini_pjt_interfaces.pc'
[0.492s] Level 1:colcon.colcon_core.environment:checking '/home/rokey/mini_pjt_ws/install/mini_pjt_interfaces/lib/python3.10/site-packages'
[0.492s] Level 1:colcon.colcon_core.environment:checking '/home/rokey/mini_pjt_ws/install/mini_pjt_interfaces/bin'
[0.492s] INFO:colcon.colcon_core.shell:Creating package script '/home/rokey/mini_pjt_ws/install/mini_pjt_interfaces/share/mini_pjt_interfaces/package.ps1'
[0.492s] INFO:colcon.colcon_core.shell:Creating package descriptor '/home/rokey/mini_pjt_ws/install/mini_pjt_interfaces/share/mini_pjt_interfaces/package.dsv'
[0.492s] INFO:colcon.colcon_core.shell:Creating package script '/home/rokey/mini_pjt_ws/install/mini_pjt_interfaces/share/mini_pjt_interfaces/package.sh'
[0.493s] INFO:colcon.colcon_core.shell:Creating package script '/home/rokey/mini_pjt_ws/install/mini_pjt_interfaces/share/mini_pjt_interfaces/package.bash'
[0.493s] INFO:colcon.colcon_core.shell:Creating package script '/home/rokey/mini_pjt_ws/install/mini_pjt_interfaces/share/mini_pjt_interfaces/package.zsh'
[0.493s] Level 1:colcon.colcon_core.environment:create_file_with_runtime_dependencies(/home/rokey/mini_pjt_ws/install/mini_pjt_interfaces/share/colcon-core/packages/mini_pjt_interfaces)
[0.493s] INFO:colcon.colcon_ros.task.ament_python.build:Building ROS package in '/home/rokey/mini_pjt_ws/src/mini_pjt_control' with build type 'ament_python'
[0.493s] Level 1:colcon.colcon_core.shell:create_environment_hook('mini_pjt_control', 'ament_prefix_path')
[0.493s] INFO:colcon.colcon_core.shell:Creating environment hook '/home/rokey/mini_pjt_ws/install/mini_pjt_control/share/mini_pjt_control/hook/ament_prefix_path.ps1'
[0.494s] INFO:colcon.colcon_core.shell:Creating environment descriptor '/home/rokey/mini_pjt_ws/install/mini_pjt_control/share/mini_pjt_control/hook/ament_prefix_path.dsv'
[0.494s] INFO:colcon.colcon_core.shell:Creating environment hook '/home/rokey/mini_pjt_ws/install/mini_pjt_control/share/mini_pjt_control/hook/ament_prefix_path.sh'
[0.494s] INFO:colcon.colcon_core.shell:Skip shell extension 'powershell' for command environment: Not usable outside of PowerShell
[0.494s] DEBUG:colcon.colcon_core.shell:Skip shell extension 'dsv' for command environment
[0.496s] INFO:colcon.colcon_ros.task.ament_python.build:Building ROS package in '/home/rokey/mini_pjt_ws/src/mini_pjt_vision' with build type 'ament_python'
[0.496s] Level 1:colcon.colcon_core.shell:create_environment_hook('mini_pjt_vision', 'ament_prefix_path')
[0.496s] INFO:colcon.colcon_core.shell:Creating environment hook '/home/rokey/mini_pjt_ws/install/mini_pjt_vision/share/mini_pjt_vision/hook/ament_prefix_path.ps1'
[0.496s] INFO:colcon.colcon_core.shell:Creating environment descriptor '/home/rokey/mini_pjt_ws/install/mini_pjt_vision/share/mini_pjt_vision/hook/ament_prefix_path.dsv'
[0.496s] INFO:colcon.colcon_core.shell:Creating environment hook '/home/rokey/mini_pjt_ws/install/mini_pjt_vision/share/mini_pjt_vision/hook/ament_prefix_path.sh'
[0.497s] INFO:colcon.colcon_core.shell:Skip shell extension 'powershell' for command environment: Not usable outside of PowerShell
[0.497s] DEBUG:colcon.colcon_core.shell:Skip shell extension 'dsv' for command environment
[0.645s] INFO:colcon.colcon_core.task.python.build:Building Python package in '/home/rokey/mini_pjt_ws/src/mini_pjt_control'
[0.645s] INFO:colcon.colcon_core.shell:Skip shell extension 'powershell' for command environment: Not usable outside of PowerShell
[0.645s] DEBUG:colcon.colcon_core.shell:Skip shell extension 'dsv' for command environment
[0.788s] INFO:colcon.colcon_core.task.python.build:Building Python package in '/home/rokey/mini_pjt_ws/src/mini_pjt_vision'
[0.789s] INFO:colcon.colcon_core.shell:Skip shell extension 'powershell' for command environment: Not usable outside of PowerShell
[0.789s] DEBUG:colcon.colcon_core.shell:Skip shell extension 'dsv' for command environment
[1.001s] DEBUG:colcon.colcon_core.task.python.build:Available setuptools commands: rotate, bdist_rpm, build_clib, install, clean, dist_info, install_data, bdist, build_py, upload, symlink_data, install_lib, build, egg_info, install_egg_info, init_catalog, build_ext, upload_docs, saveopts, sdist, bdist_wheel, bdist_egg, compile_catalog, install_headers, register, extract_messages, bdist_dumb, build_scripts, test, install_scripts, alias, setopt, update_catalog, easy_install, check, develop
[1.002s] DEBUG:colcon.colcon_core.task.python.build:Available setuptools commands: rotate, bdist_rpm, build_clib, install, clean, dist_info, install_data, bdist, build_py, upload, symlink_data, install_lib, build, egg_info, install_egg_info, init_catalog, build_ext, upload_docs, saveopts, sdist, bdist_wheel, bdist_egg, compile_catalog, install_headers, register, extract_messages, bdist_dumb, build_scripts, test, install_scripts, alias, setopt, update_catalog, easy_install, check, develop
[1.164s] DEBUG:colcon.colcon_core.task.python.build:Available setuptools 'develop' options: --local-snapshots-ok, --editable, --script-dir, --multi-version, --always-unzip, --exclude-scripts, --prefix, --build-directory, --help, --optimize, --dry-run, --index-url, --user, --egg-path, --zip-ok, --record, --no-user-cfg, --upgrade, --find-links, --version, --no-deps, --verbose, --quiet, --install-dir, --allow-hosts, --uninstall, --no-find-links, --always-copy, --site-dirs
[1.165s] DEBUG:colcon.colcon_core.task.python.build:Available setuptools 'develop' options: --local-snapshots-ok, --editable, --script-dir, --multi-version, --always-unzip, --exclude-scripts, --prefix, --build-directory, --help, --optimize, --dry-run, --index-url, --user, --egg-path, --zip-ok, --record, --no-user-cfg, --upgrade, --find-links, --version, --no-deps, --verbose, --quiet, --install-dir, --allow-hosts, --uninstall, --no-find-links, --always-copy, --site-dirs
[1.166s] DEBUG:colcon.colcon_core.event_handler.log_command:Invoking command in '/home/rokey/mini_pjt_ws/build/mini_pjt_vision': AMENT_PREFIX_PATH=/home/rokey/mini_pjt_ws/install/mini_pjt_interfaces:${AMENT_PREFIX_PATH} CMAKE_PREFIX_PATH=/home/rokey/mini_pjt_ws/install/mini_pjt_interfaces LD_LIBRARY_PATH=/home/rokey/mini_pjt_ws/install/mini_pjt_interfaces/lib:${LD_LIBRARY_PATH} PYTHONPATH=/home/rokey/mini_pjt_ws/build/mini_pjt_vision/prefix_override:/usr/lib/python3/dist-packages/colcon_core/task/python/colcon_distutils_commands:/home/rokey/mini_pjt_ws/install/mini_pjt_vision/lib/python3.10/site-packages:/home/rokey/mini_pjt_ws/install/mini_pjt_interfaces/local/lib/python3.10/dist-packages:${PYTHONPATH} /usr/bin/python3 -W ignore:setup.py install is deprecated -W ignore:easy_install command is deprecated setup.py develop --editable --build-directory /home/rokey/mini_pjt_ws/build/mini_pjt_vision/build --no-deps symlink_data
[1.167s] DEBUG:colcon.colcon_core.event_handler.log_command:Invoking command in '/home/rokey/mini_pjt_ws/build/mini_pjt_control': AMENT_PREFIX_PATH=/home/rokey/mini_pjt_ws/install/mini_pjt_interfaces:${AMENT_PREFIX_PATH} CMAKE_PREFIX_PATH=/home/rokey/mini_pjt_ws/install/mini_pjt_interfaces LD_LIBRARY_PATH=/home/rokey/mini_pjt_ws/install/mini_pjt_interfaces/lib:${LD_LIBRARY_PATH} PYTHONPATH=/home/rokey/mini_pjt_ws/build/mini_pjt_control/prefix_override:/usr/lib/python3/dist-packages/colcon_core/task/python/colcon_distutils_commands:/home/rokey/mini_pjt_ws/install/mini_pjt_control/lib/python3.10/site-packages:/home/rokey/mini_pjt_ws/install/mini_pjt_interfaces/local/lib/python3.10/dist-packages:${PYTHONPATH} /usr/bin/python3 -W ignore:setup.py install is deprecated -W ignore:easy_install command is deprecated setup.py develop --editable --build-directory /home/rokey/mini_pjt_ws/build/mini_pjt_control/build --no-deps symlink_data
[1.423s] Level 1:colcon.colcon_core.shell:create_environment_hook('mini_pjt_control', 'pythonpath_develop')
[1.424s] INFO:colcon.colcon_core.shell:Creating environment hook '/home/rokey/mini_pjt_ws/build/mini_pjt_control/share/mini_pjt_control/hook/pythonpath_develop.ps1'
[1.424s] DEBUG:colcon.colcon_core.event_handler.log_command:Invoked command in '/home/rokey/mini_pjt_ws/build/mini_pjt_control' returned '0': AMENT_PREFIX_PATH=/home/rokey/mini_pjt_ws/install/mini_pjt_interfaces:${AMENT_PREFIX_PATH} CMAKE_PREFIX_PATH=/home/rokey/mini_pjt_ws/install/mini_pjt_interfaces LD_LIBRARY_PATH=/home/rokey/mini_pjt_ws/install/mini_pjt_interfaces/lib:${LD_LIBRARY_PATH} PYTHONPATH=/home/rokey/mini_pjt_ws/build/mini_pjt_control/prefix_override:/usr/lib/python3/dist-packages/colcon_core/task/python/colcon_distutils_commands:/home/rokey/mini_pjt_ws/install/mini_pjt_control/lib/python3.10/site-packages:/home/rokey/mini_pjt_ws/install/mini_pjt_interfaces/local/lib/python3.10/dist-packages:${PYTHONPATH} /usr/bin/python3 -W ignore:setup.py install is deprecated -W ignore:easy_install command is deprecated setup.py develop --editable --build-directory /home/rokey/mini_pjt_ws/build/mini_pjt_control/build --no-deps symlink_data
[1.424s] INFO:colcon.colcon_core.shell:Creating environment descriptor '/home/rokey/mini_pjt_ws/build/mini_pjt_control/share/mini_pjt_control/hook/pythonpath_develop.dsv'
[1.425s] INFO:colcon.colcon_core.shell:Creating environment hook '/home/rokey/mini_pjt_ws/build/mini_pjt_control/share/mini_pjt_control/hook/pythonpath_develop.sh'
[1.425s] Level 1:colcon.colcon_core.environment:checking '/home/rokey/mini_pjt_ws/install/mini_pjt_control' for CMake module files
[1.425s] Level 1:colcon.colcon_core.environment:checking '/home/rokey/mini_pjt_ws/install/mini_pjt_control' for CMake config files
[1.425s] Level 1:colcon.colcon_core.environment:checking '/home/rokey/mini_pjt_ws/install/mini_pjt_control/lib'
[1.425s] Level 1:colcon.colcon_core.environment:checking '/home/rokey/mini_pjt_ws/install/mini_pjt_control/bin'
[1.425s] Level 1:colcon.colcon_core.environment:checking '/home/rokey/mini_pjt_ws/install/mini_pjt_control/lib/pkgconfig/mini_pjt_control.pc'
[1.426s] Level 1:colcon.colcon_core.environment:checking '/home/rokey/mini_pjt_ws/install/mini_pjt_control/lib/python3.10/site-packages'
[1.426s] Level 1:colcon.colcon_core.shell:create_environment_hook('mini_pjt_control', 'pythonpath')
[1.426s] INFO:colcon.colcon_core.shell:Creating environment hook '/home/rokey/mini_pjt_ws/install/mini_pjt_control/share/mini_pjt_control/hook/pythonpath.ps1'
[1.426s] INFO:colcon.colcon_core.shell:Creating environment descriptor '/home/rokey/mini_pjt_ws/install/mini_pjt_control/share/mini_pjt_control/hook/pythonpath.dsv'
[1.426s] INFO:colcon.colcon_core.shell:Creating environment hook '/home/rokey/mini_pjt_ws/install/mini_pjt_control/share/mini_pjt_control/hook/pythonpath.sh'
[1.427s] Level 1:colcon.colcon_core.environment:checking '/home/rokey/mini_pjt_ws/install/mini_pjt_control/bin'
[1.427s] Level 1:colcon.colcon_core.environment:create_environment_scripts_only(mini_pjt_control)
[1.427s] INFO:colcon.colcon_core.shell:Creating package script '/home/rokey/mini_pjt_ws/install/mini_pjt_control/share/mini_pjt_control/package.ps1'
[1.427s] INFO:colcon.colcon_core.shell:Creating package descriptor '/home/rokey/mini_pjt_ws/install/mini_pjt_control/share/mini_pjt_control/package.dsv'
[1.427s] INFO:colcon.colcon_core.shell:Creating package script '/home/rokey/mini_pjt_ws/install/mini_pjt_control/share/mini_pjt_control/package.sh'
[1.427s] INFO:colcon.colcon_core.shell:Creating package script '/home/rokey/mini_pjt_ws/install/mini_pjt_control/share/mini_pjt_control/package.bash'
[1.428s] INFO:colcon.colcon_core.shell:Creating package script '/home/rokey/mini_pjt_ws/install/mini_pjt_control/share/mini_pjt_control/package.zsh'
[1.428s] Level 1:colcon.colcon_core.environment:create_file_with_runtime_dependencies(/home/rokey/mini_pjt_ws/install/mini_pjt_control/share/colcon-core/packages/mini_pjt_control)
[1.428s] Level 1:colcon.colcon_core.shell:create_environment_hook('mini_pjt_vision', 'pythonpath_develop')
[1.428s] INFO:colcon.colcon_core.shell:Creating environment hook '/home/rokey/mini_pjt_ws/build/mini_pjt_vision/share/mini_pjt_vision/hook/pythonpath_develop.ps1'
[1.429s] INFO:colcon.colcon_core.shell:Creating environment descriptor '/home/rokey/mini_pjt_ws/build/mini_pjt_vision/share/mini_pjt_vision/hook/pythonpath_develop.dsv'
[1.429s] DEBUG:colcon.colcon_core.event_handler.log_command:Invoked command in '/home/rokey/mini_pjt_ws/build/mini_pjt_vision' returned '0': AMENT_PREFIX_PATH=/home/rokey/mini_pjt_ws/install/mini_pjt_interfaces:${AMENT_PREFIX_PATH} CMAKE_PREFIX_PATH=/home/rokey/mini_pjt_ws/install/mini_pjt_interfaces LD_LIBRARY_PATH=/home/rokey/mini_pjt_ws/install/mini_pjt_interfaces/lib:${LD_LIBRARY_PATH} PYTHONPATH=/home/rokey/mini_pjt_ws/build/mini_pjt_vision/prefix_override:/usr/lib/python3/dist-packages/colcon_core/task/python/colcon_distutils_commands:/home/rokey/mini_pjt_ws/install/mini_pjt_vision/lib/python3.10/site-packages:/home/rokey/mini_pjt_ws/install/mini_pjt_interfaces/local/lib/python3.10/dist-packages:${PYTHONPATH} /usr/bin/python3 -W ignore:setup.py install is deprecated -W ignore:easy_install command is deprecated setup.py develop --editable --build-directory /home/rokey/mini_pjt_ws/build/mini_pjt_vision/build --no-deps symlink_data
[1.429s] INFO:colcon.colcon_core.shell:Creating environment hook '/home/rokey/mini_pjt_ws/build/mini_pjt_vision/share/mini_pjt_vision/hook/pythonpath_develop.sh'
[1.429s] Level 1:colcon.colcon_core.environment:checking '/home/rokey/mini_pjt_ws/install/mini_pjt_vision' for CMake module files
[1.429s] Level 1:colcon.colcon_core.environment:checking '/home/rokey/mini_pjt_ws/install/mini_pjt_vision' for CMake config files
[1.430s] Level 1:colcon.colcon_core.environment:checking '/home/rokey/mini_pjt_ws/install/mini_pjt_vision/lib'
[1.430s] Level 1:colcon.colcon_core.environment:checking '/home/rokey/mini_pjt_ws/install/mini_pjt_vision/bin'
[1.430s] Level 1:colcon.colcon_core.environment:checking '/home/rokey/mini_pjt_ws/install/mini_pjt_vision/lib/pkgconfig/mini_pjt_vision.pc'
[1.430s] Level 1:colcon.colcon_core.environment:checking '/home/rokey/mini_pjt_ws/install/mini_pjt_vision/lib/python3.10/site-packages'
[1.430s] Level 1:colcon.colcon_core.shell:create_environment_hook('mini_pjt_vision', 'pythonpath')
[1.430s] INFO:colcon.colcon_core.shell:Creating environment hook '/home/rokey/mini_pjt_ws/install/mini_pjt_vision/share/mini_pjt_vision/hook/pythonpath.ps1'
[1.430s] INFO:colcon.colcon_core.shell:Creating environment descriptor '/home/rokey/mini_pjt_ws/install/mini_pjt_vision/share/mini_pjt_vision/hook/pythonpath.dsv'
[1.430s] INFO:colcon.colcon_core.shell:Creating environment hook '/home/rokey/mini_pjt_ws/install/mini_pjt_vision/share/mini_pjt_vision/hook/pythonpath.sh'
[1.430s] Level 1:colcon.colcon_core.environment:checking '/home/rokey/mini_pjt_ws/install/mini_pjt_vision/bin'
[1.431s] Level 1:colcon.colcon_core.environment:create_environment_scripts_only(mini_pjt_vision)
[1.431s] INFO:colcon.colcon_core.shell:Creating package script '/home/rokey/mini_pjt_ws/install/mini_pjt_vision/share/mini_pjt_vision/package.ps1'
[1.431s] INFO:colcon.colcon_core.shell:Creating package descriptor '/home/rokey/mini_pjt_ws/install/mini_pjt_vision/share/mini_pjt_vision/package.dsv'
[1.431s] INFO:colcon.colcon_core.shell:Creating package script '/home/rokey/mini_pjt_ws/install/mini_pjt_vision/share/mini_pjt_vision/package.sh'
[1.431s] INFO:colcon.colcon_core.shell:Creating package script '/home/rokey/mini_pjt_ws/install/mini_pjt_vision/share/mini_pjt_vision/package.bash'
[1.432s] INFO:colcon.colcon_core.shell:Creating package script '/home/rokey/mini_pjt_ws/install/mini_pjt_vision/share/mini_pjt_vision/package.zsh'
[1.432s] Level 1:colcon.colcon_core.environment:create_file_with_runtime_dependencies(/home/rokey/mini_pjt_ws/install/mini_pjt_vision/share/colcon-core/packages/mini_pjt_vision)
[1.432s] INFO:colcon.colcon_ros.task.ament_python.build:Building ROS package in '/home/rokey/mini_pjt_ws/src/mini_pjt_bringup' with build type 'ament_python'
[1.432s] Level 1:colcon.colcon_core.shell:create_environment_hook('mini_pjt_bringup', 'ament_prefix_path')
[1.432s] INFO:colcon.colcon_core.shell:Creating environment hook '/home/rokey/mini_pjt_ws/install/mini_pjt_bringup/share/mini_pjt_bringup/hook/ament_prefix_path.ps1'
[1.432s] INFO:colcon.colcon_core.shell:Creating environment descriptor '/home/rokey/mini_pjt_ws/install/mini_pjt_bringup/share/mini_pjt_bringup/hook/ament_prefix_path.dsv'
[1.433s] INFO:colcon.colcon_core.shell:Creating environment hook '/home/rokey/mini_pjt_ws/install/mini_pjt_bringup/share/mini_pjt_bringup/hook/ament_prefix_path.sh'
[1.433s] INFO:colcon.colcon_core.shell:Skip shell extension 'powershell' for command environment: Not usable outside of PowerShell
[1.433s] DEBUG:colcon.colcon_core.shell:Skip shell extension 'dsv' for command environment
[1.584s] INFO:colcon.colcon_core.task.python.build:Building Python package in '/home/rokey/mini_pjt_ws/src/mini_pjt_bringup'
[1.584s] INFO:colcon.colcon_core.shell:Skip shell extension 'powershell' for command environment: Not usable outside of PowerShell
[1.585s] DEBUG:colcon.colcon_core.shell:Skip shell extension 'dsv' for command environment
[1.793s] DEBUG:colcon.colcon_core.task.python.build:Available setuptools commands: rotate, bdist_rpm, build_clib, install, clean, dist_info, install_data, bdist, build_py, upload, symlink_data, install_lib, build, egg_info, install_egg_info, init_catalog, build_ext, upload_docs, saveopts, sdist, bdist_wheel, bdist_egg, compile_catalog, install_headers, register, extract_messages, bdist_dumb, build_scripts, test, install_scripts, alias, setopt, update_catalog, easy_install, check, develop
[1.954s] DEBUG:colcon.colcon_core.task.python.build:Available setuptools 'develop' options: --local-snapshots-ok, --editable, --script-dir, --multi-version, --always-unzip, --exclude-scripts, --prefix, --build-directory, --help, --optimize, --dry-run, --index-url, --user, --egg-path, --zip-ok, --record, --no-user-cfg, --upgrade, --find-links, --version, --no-deps, --verbose, --quiet, --install-dir, --allow-hosts, --uninstall, --no-find-links, --always-copy, --site-dirs
[1.957s] DEBUG:colcon.colcon_core.event_handler.log_command:Invoking command in '/home/rokey/mini_pjt_ws/build/mini_pjt_bringup': AMENT_PREFIX_PATH=/home/rokey/mini_pjt_ws/install/mini_pjt_vision:/home/rokey/mini_pjt_ws/install/mini_pjt_control:/home/rokey/mini_pjt_ws/install/mini_pjt_interfaces:${AMENT_PREFIX_PATH} CMAKE_PREFIX_PATH=/home/rokey/mini_pjt_ws/install/mini_pjt_interfaces LD_LIBRARY_PATH=/home/rokey/mini_pjt_ws/install/mini_pjt_interfaces/lib:${LD_LIBRARY_PATH} PYTHONPATH=/home/rokey/mini_pjt_ws/build/mini_pjt_bringup/prefix_override:/usr/lib/python3/dist-packages/colcon_core/task/python/colcon_distutils_commands:/home/rokey/mini_pjt_ws/install/mini_pjt_bringup/lib/python3.10/site-packages:/home/rokey/mini_pjt_ws/build/mini_pjt_vision:/home/rokey/mini_pjt_ws/install/mini_pjt_vision/lib/python3.10/site-packages:/home/rokey/mini_pjt_ws/build/mini_pjt_control:/home/rokey/mini_pjt_ws/install/mini_pjt_control/lib/python3.10/site-packages:/home/rokey/mini_pjt_ws/install/mini_pjt_interfaces/local/lib/python3.10/dist-packages:${PYTHONPATH} /usr/bin/python3 -W ignore:setup.py install is deprecated -W ignore:easy_install command is deprecated setup.py develop --editable --build-directory /home/rokey/mini_pjt_ws/build/mini_pjt_bringup/build --no-deps symlink_data
[2.214s] Level 1:colcon.colcon_core.shell:create_environment_hook('mini_pjt_bringup', 'pythonpath_develop')
[2.214s] INFO:colcon.colcon_core.shell:Creating environment hook '/home/rokey/mini_pjt_ws/build/mini_pjt_bringup/share/mini_pjt_bringup/hook/pythonpath_develop.ps1'
[2.214s] INFO:colcon.colcon_core.shell:Creating environment descriptor '/home/rokey/mini_pjt_ws/build/mini_pjt_bringup/share/mini_pjt_bringup/hook/pythonpath_develop.dsv'
[2.215s] DEBUG:colcon.colcon_core.event_handler.log_command:Invoked command in '/home/rokey/mini_pjt_ws/build/mini_pjt_bringup' returned '0': AMENT_PREFIX_PATH=/home/rokey/mini_pjt_ws/install/mini_pjt_vision:/home/rokey/mini_pjt_ws/install/mini_pjt_control:/home/rokey/mini_pjt_ws/install/mini_pjt_interfaces:${AMENT_PREFIX_PATH} CMAKE_PREFIX_PATH=/home/rokey/mini_pjt_ws/install/mini_pjt_interfaces LD_LIBRARY_PATH=/home/rokey/mini_pjt_ws/install/mini_pjt_interfaces/lib:${LD_LIBRARY_PATH} PYTHONPATH=/home/rokey/mini_pjt_ws/build/mini_pjt_bringup/prefix_override:/usr/lib/python3/dist-packages/colcon_core/task/python/colcon_distutils_commands:/home/rokey/mini_pjt_ws/install/mini_pjt_bringup/lib/python3.10/site-packages:/home/rokey/mini_pjt_ws/build/mini_pjt_vision:/home/rokey/mini_pjt_ws/install/mini_pjt_vision/lib/python3.10/site-packages:/home/rokey/mini_pjt_ws/build/mini_pjt_control:/home/rokey/mini_pjt_ws/install/mini_pjt_control/lib/python3.10/site-packages:/home/rokey/mini_pjt_ws/install/mini_pjt_interfaces/local/lib/python3.10/dist-packages:${PYTHONPATH} /usr/bin/python3 -W ignore:setup.py install is deprecated -W ignore:easy_install command is deprecated setup.py develop --editable --build-directory /home/rokey/mini_pjt_ws/build/mini_pjt_bringup/build --no-deps symlink_data
[2.215s] INFO:colcon.colcon_core.shell:Creating environment hook '/home/rokey/mini_pjt_ws/build/mini_pjt_bringup/share/mini_pjt_bringup/hook/pythonpath_develop.sh'
[2.215s] Level 1:colcon.colcon_core.environment:checking '/home/rokey/mini_pjt_ws/install/mini_pjt_bringup' for CMake module files
[2.215s] Level 1:colcon.colcon_core.environment:checking '/home/rokey/mini_pjt_ws/install/mini_pjt_bringup' for CMake config files
[2.216s] Level 1:colcon.colcon_core.environment:checking '/home/rokey/mini_pjt_ws/install/mini_pjt_bringup/lib'
[2.216s] Level 1:colcon.colcon_core.environment:checking '/home/rokey/mini_pjt_ws/install/mini_pjt_bringup/bin'
[2.216s] Level 1:colcon.colcon_core.environment:checking '/home/rokey/mini_pjt_ws/install/mini_pjt_bringup/lib/pkgconfig/mini_pjt_bringup.pc'
[2.216s] Level 1:colcon.colcon_core.environment:checking '/home/rokey/mini_pjt_ws/install/mini_pjt_bringup/lib/python3.10/site-packages'
[2.216s] Level 1:colcon.colcon_core.shell:create_environment_hook('mini_pjt_bringup', 'pythonpath')
[2.216s] INFO:colcon.colcon_core.shell:Creating environment hook '/home/rokey/mini_pjt_ws/install/mini_pjt_bringup/share/mini_pjt_bringup/hook/pythonpath.ps1'
[2.216s] INFO:colcon.colcon_core.shell:Creating environment descriptor '/home/rokey/mini_pjt_ws/install/mini_pjt_bringup/share/mini_pjt_bringup/hook/pythonpath.dsv'
[2.216s] INFO:colcon.colcon_core.shell:Creating environment hook '/home/rokey/mini_pjt_ws/install/mini_pjt_bringup/share/mini_pjt_bringup/hook/pythonpath.sh'
[2.217s] Level 1:colcon.colcon_core.environment:checking '/home/rokey/mini_pjt_ws/install/mini_pjt_bringup/bin'
[2.217s] Level 1:colcon.colcon_core.environment:create_environment_scripts_only(mini_pjt_bringup)
[2.217s] INFO:colcon.colcon_core.shell:Creating package script '/home/rokey/mini_pjt_ws/install/mini_pjt_bringup/share/mini_pjt_bringup/package.ps1'
[2.217s] INFO:colcon.colcon_core.shell:Creating package descriptor '/home/rokey/mini_pjt_ws/install/mini_pjt_bringup/share/mini_pjt_bringup/package.dsv'
[2.217s] INFO:colcon.colcon_core.shell:Creating package script '/home/rokey/mini_pjt_ws/install/mini_pjt_bringup/share/mini_pjt_bringup/package.sh'
[2.218s] INFO:colcon.colcon_core.shell:Creating package script '/home/rokey/mini_pjt_ws/install/mini_pjt_bringup/share/mini_pjt_bringup/package.bash'
[2.218s] INFO:colcon.colcon_core.shell:Creating package script '/home/rokey/mini_pjt_ws/install/mini_pjt_bringup/share/mini_pjt_bringup/package.zsh'
[2.218s] Level 1:colcon.colcon_core.environment:create_file_with_runtime_dependencies(/home/rokey/mini_pjt_ws/install/mini_pjt_bringup/share/colcon-core/packages/mini_pjt_bringup)
[2.218s] DEBUG:colcon.colcon_parallel_executor.executor.parallel:closing loop
[2.218s] DEBUG:colcon.colcon_parallel_executor.executor.parallel:loop closed
[2.218s] DEBUG:colcon.colcon_parallel_executor.executor.parallel:run_until_complete finished with '0'
[2.218s] DEBUG:colcon.colcon_core.event_reactor:joining thread
[2.221s] INFO:colcon.colcon_core.plugin_system:Skipping extension 'colcon_notification.desktop_notification.terminal_notifier': Not used on non-Darwin systems
[2.221s] INFO:colcon.colcon_core.plugin_system:Skipping extension 'colcon_notification.desktop_notification.win32': Not used on non-Windows systems
[2.221s] INFO:colcon.colcon_notification.desktop_notification:Sending desktop notification using 'notify2'
[2.232s] DEBUG:colcon.colcon_core.event_reactor:joined thread
[2.232s] INFO:colcon.colcon_core.shell:Creating prefix script '/home/rokey/mini_pjt_ws/install/local_setup.ps1'
[2.232s] INFO:colcon.colcon_core.shell:Creating prefix util module '/home/rokey/mini_pjt_ws/install/_local_setup_util_ps1.py'
[2.233s] INFO:colcon.colcon_core.shell:Creating prefix chain script '/home/rokey/mini_pjt_ws/install/setup.ps1'
[2.234s] INFO:colcon.colcon_core.shell:Creating prefix script '/home/rokey/mini_pjt_ws/install/local_setup.sh'
[2.234s] INFO:colcon.colcon_core.shell:Creating prefix util module '/home/rokey/mini_pjt_ws/install/_local_setup_util_sh.py'
[2.234s] INFO:colcon.colcon_core.shell:Creating prefix chain script '/home/rokey/mini_pjt_ws/install/setup.sh'
[2.235s] INFO:colcon.colcon_core.shell:Creating prefix script '/home/rokey/mini_pjt_ws/install/local_setup.bash'
[2.235s] INFO:colcon.colcon_core.shell:Creating prefix chain script '/home/rokey/mini_pjt_ws/install/setup.bash'
[2.235s] INFO:colcon.colcon_core.shell:Creating prefix script '/home/rokey/mini_pjt_ws/install/local_setup.zsh'
[2.236s] INFO:colcon.colcon_core.shell:Creating prefix chain script '/home/rokey/mini_pjt_ws/install/setup.zsh'
