running develop
running egg_info
creating mini_pjt_vision.egg-info
writing mini_pjt_vision.egg-info/PKG-INFO
writing dependency_links to mini_pjt_vision.egg-info/dependency_links.txt
writing entry points to mini_pjt_vision.egg-info/entry_points.txt
writing requirements to mini_pjt_vision.egg-info/requires.txt
writing top-level names to mini_pjt_vision.egg-info/top_level.txt
writing manifest file 'mini_pjt_vision.egg-info/SOURCES.txt'
reading manifest file 'mini_pjt_vision.egg-info/SOURCES.txt'
writing manifest file 'mini_pjt_vision.egg-info/SOURCES.txt'
running build_ext
Creating /home/rokey/mini_pjt_ws/install/mini_pjt_vision/lib/python3.10/site-packages/mini-pjt-vision.egg-link (link to .)
Installing onboard_detector script to /home/rokey/mini_pjt_ws/install/mini_pjt_vision/lib/mini_pjt_vision
Installing webcam_detector script to /home/rokey/mini_pjt_ws/install/mini_pjt_vision/lib/mini_pjt_vision

Installed /home/rokey/mini_pjt_ws/build/mini_pjt_vision
running symlink_data
creating /home/rokey/mini_pjt_ws/install/mini_pjt_vision/share/ament_index
creating /home/rokey/mini_pjt_ws/install/mini_pjt_vision/share/ament_index/resource_index
creating /home/rokey/mini_pjt_ws/install/mini_pjt_vision/share/ament_index/resource_index/packages
symbolically linking /home/rokey/mini_pjt_ws/build/mini_pjt_vision/resource/mini_pjt_vision -> /home/rokey/mini_pjt_ws/install/mini_pjt_vision/share/ament_index/resource_index/packages
symbolically linking /home/rokey/mini_pjt_ws/build/mini_pjt_vision/package.xml -> /home/rokey/mini_pjt_ws/install/mini_pjt_vision/share/mini_pjt_vision
