[0.056s] DEBUG:colcon:Command line arguments: ['/usr/bin/colcon', 'build', '--symlink-install', '--packages-select', 'mini_pjt_control']
[0.056s] DEBUG:colcon:Parsed command line arguments: Namespace(log_base=None, log_level=None, verb_name='build', build_base='build', install_base='install', merge_install=False, symlink_install=True, test_result_base=None, continue_on_error=False, executor='parallel', parallel_workers=22, event_handlers=None, ignore_user_meta=False, metas=['./colcon.meta'], base_paths=['.'], packages_ignore=None, packages_ignore_regex=None, paths=None, packages_up_to=None, packages_up_to_regex=None, packages_above=None, packages_above_and_dependencies=None, packages_above_depth=None, packages_select_by_dep=None, packages_skip_by_dep=None, packages_skip_up_to=None, packages_select_build_failed=False, packages_skip_build_finished=False, packages_select_test_failures=False, packages_skip_test_passed=False, packages_select=['mini_pjt_control'], packages_skip=None, packages_select_regex=None, packages_skip_regex=None, packages_start=None, packages_end=None, allow_overriding=[], cmake_args=None, cmake_target=None, cmake_target_skip_unavailable=False, cmake_clean_cache=False, cmake_clean_first=False, cmake_force_configure=False, ament_cmake_args=None, catkin_cmake_args=None, catkin_skip_building_tests=False, mixin_files=None, mixin=None, verb_parser=<colcon_mixin.mixin.mixin_argument.MixinArgumentDecorator object at 0x7c28ac0a0400>, verb_extension=<colcon_core.verb.build.BuildVerb object at 0x7c28ac06b940>, main=<bound method BuildVerb.main of <colcon_core.verb.build.BuildVerb object at 0x7c28ac06b940>>, mixin_verb=('build',))
[0.155s] Level 1:colcon.colcon_core.package_discovery:discover_packages(colcon_meta) check parameters
[0.156s] Level 1:colcon.colcon_core.package_discovery:discover_packages(recursive) check parameters
[0.156s] Level 1:colcon.colcon_core.package_discovery:discover_packages(ignore) check parameters
[0.156s] Level 1:colcon.colcon_core.package_discovery:discover_packages(path) check parameters
[0.156s] Level 1:colcon.colcon_core.package_discovery:discover_packages(colcon_meta) discover
[0.156s] Level 1:colcon.colcon_core.package_discovery:discover_packages(recursive) discover
[0.156s] INFO:colcon.colcon_core.package_discovery:Crawling recursively for packages in '/home/rokey/mini_pjt_ws'
[0.156s] Level 1:colcon.colcon_core.package_identification:_identify(.) by extensions ['ignore', 'ignore_ament_install']
[0.156s] Level 1:colcon.colcon_core.package_identification:_identify(.) by extension 'ignore'
[0.156s] Level 1:colcon.colcon_core.package_identification:_identify(.) by extension 'ignore_ament_install'
[0.156s] Level 1:colcon.colcon_core.package_identification:_identify(.) by extensions ['colcon_pkg']
[0.156s] Level 1:colcon.colcon_core.package_identification:_identify(.) by extension 'colcon_pkg'
[0.156s] Level 1:colcon.colcon_core.package_identification:_identify(.) by extensions ['colcon_meta']
[0.156s] Level 1:colcon.colcon_core.package_identification:_identify(.) by extension 'colcon_meta'
[0.156s] Level 1:colcon.colcon_core.package_identification:_identify(.) by extensions ['ros']
[0.156s] Level 1:colcon.colcon_core.package_identification:_identify(.) by extension 'ros'
[0.168s] Level 1:colcon.colcon_core.package_identification:_identify(.) by extensions ['cmake', 'python']
[0.168s] Level 1:colcon.colcon_core.package_identification:_identify(.) by extension 'cmake'
[0.168s] Level 1:colcon.colcon_core.package_identification:_identify(.) by extension 'python'
[0.168s] Level 1:colcon.colcon_core.package_identification:_identify(.) by extensions ['python_setup_py']
[0.168s] Level 1:colcon.colcon_core.package_identification:_identify(.) by extension 'python_setup_py'
[0.168s] Level 1:colcon.colcon_core.package_identification:_identify(build) by extensions ['ignore', 'ignore_ament_install']
[0.168s] Level 1:colcon.colcon_core.package_identification:_identify(build) by extension 'ignore'
[0.168s] Level 1:colcon.colcon_core.package_identification:_identify(build) ignored
[0.168s] Level 1:colcon.colcon_core.package_identification:_identify(install) by extensions ['ignore', 'ignore_ament_install']
[0.168s] Level 1:colcon.colcon_core.package_identification:_identify(install) by extension 'ignore'
[0.168s] Level 1:colcon.colcon_core.package_identification:_identify(install) ignored
[0.168s] Level 1:colcon.colcon_core.package_identification:_identify(log) by extensions ['ignore', 'ignore_ament_install']
[0.168s] Level 1:colcon.colcon_core.package_identification:_identify(log) by extension 'ignore'
[0.168s] Level 1:colcon.colcon_core.package_identification:_identify(log) ignored
[0.168s] Level 1:colcon.colcon_core.package_identification:_identify(maps) by extensions ['ignore', 'ignore_ament_install']
[0.168s] Level 1:colcon.colcon_core.package_identification:_identify(maps) by extension 'ignore'
[0.168s] Level 1:colcon.colcon_core.package_identification:_identify(maps) by extension 'ignore_ament_install'
[0.168s] Level 1:colcon.colcon_core.package_identification:_identify(maps) by extensions ['colcon_pkg']
[0.169s] Level 1:colcon.colcon_core.package_identification:_identify(maps) by extension 'colcon_pkg'
[0.169s] Level 1:colcon.colcon_core.package_identification:_identify(maps) by extensions ['colcon_meta']
[0.169s] Level 1:colcon.colcon_core.package_identification:_identify(maps) by extension 'colcon_meta'
[0.169s] Level 1:colcon.colcon_core.package_identification:_identify(maps) by extensions ['ros']
[0.169s] Level 1:colcon.colcon_core.package_identification:_identify(maps) by extension 'ros'
[0.169s] Level 1:colcon.colcon_core.package_identification:_identify(maps) by extensions ['cmake', 'python']
[0.169s] Level 1:colcon.colcon_core.package_identification:_identify(maps) by extension 'cmake'
[0.169s] Level 1:colcon.colcon_core.package_identification:_identify(maps) by extension 'python'
[0.169s] Level 1:colcon.colcon_core.package_identification:_identify(maps) by extensions ['python_setup_py']
[0.169s] Level 1:colcon.colcon_core.package_identification:_identify(maps) by extension 'python_setup_py'
[0.169s] Level 1:colcon.colcon_core.package_identification:_identify(src) by extensions ['ignore', 'ignore_ament_install']
[0.169s] Level 1:colcon.colcon_core.package_identification:_identify(src) by extension 'ignore'
[0.169s] Level 1:colcon.colcon_core.package_identification:_identify(src) by extension 'ignore_ament_install'
[0.169s] Level 1:colcon.colcon_core.package_identification:_identify(src) by extensions ['colcon_pkg']
[0.169s] Level 1:colcon.colcon_core.package_identification:_identify(src) by extension 'colcon_pkg'
[0.169s] Level 1:colcon.colcon_core.package_identification:_identify(src) by extensions ['colcon_meta']
[0.169s] Level 1:colcon.colcon_core.package_identification:_identify(src) by extension 'colcon_meta'
[0.169s] Level 1:colcon.colcon_core.package_identification:_identify(src) by extensions ['ros']
[0.169s] Level 1:colcon.colcon_core.package_identification:_identify(src) by extension 'ros'
[0.169s] Level 1:colcon.colcon_core.package_identification:_identify(src) by extensions ['cmake', 'python']
[0.169s] Level 1:colcon.colcon_core.package_identification:_identify(src) by extension 'cmake'
[0.169s] Level 1:colcon.colcon_core.package_identification:_identify(src) by extension 'python'
[0.169s] Level 1:colcon.colcon_core.package_identification:_identify(src) by extensions ['python_setup_py']
[0.169s] Level 1:colcon.colcon_core.package_identification:_identify(src) by extension 'python_setup_py'
[0.169s] Level 1:colcon.colcon_core.package_identification:_identify(src/mini_pjt_bringup) by extensions ['ignore', 'ignore_ament_install']
[0.169s] Level 1:colcon.colcon_core.package_identification:_identify(src/mini_pjt_bringup) by extension 'ignore'
[0.169s] Level 1:colcon.colcon_core.package_identification:_identify(src/mini_pjt_bringup) by extension 'ignore_ament_install'
[0.169s] Level 1:colcon.colcon_core.package_identification:_identify(src/mini_pjt_bringup) by extensions ['colcon_pkg']
[0.169s] Level 1:colcon.colcon_core.package_identification:_identify(src/mini_pjt_bringup) by extension 'colcon_pkg'
[0.169s] Level 1:colcon.colcon_core.package_identification:_identify(src/mini_pjt_bringup) by extensions ['colcon_meta']
[0.169s] Level 1:colcon.colcon_core.package_identification:_identify(src/mini_pjt_bringup) by extension 'colcon_meta'
[0.169s] Level 1:colcon.colcon_core.package_identification:_identify(src/mini_pjt_bringup) by extensions ['ros']
[0.169s] Level 1:colcon.colcon_core.package_identification:_identify(src/mini_pjt_bringup) by extension 'ros'
[0.170s] DEBUG:colcon.colcon_core.package_identification:Package 'src/mini_pjt_bringup' with type 'ros.ament_python' and name 'mini_pjt_bringup'
[0.171s] Level 1:colcon.colcon_core.package_identification:_identify(src/mini_pjt_control) by extensions ['ignore', 'ignore_ament_install']
[0.171s] Level 1:colcon.colcon_core.package_identification:_identify(src/mini_pjt_control) by extension 'ignore'
[0.171s] Level 1:colcon.colcon_core.package_identification:_identify(src/mini_pjt_control) by extension 'ignore_ament_install'
[0.171s] Level 1:colcon.colcon_core.package_identification:_identify(src/mini_pjt_control) by extensions ['colcon_pkg']
[0.171s] Level 1:colcon.colcon_core.package_identification:_identify(src/mini_pjt_control) by extension 'colcon_pkg'
[0.171s] Level 1:colcon.colcon_core.package_identification:_identify(src/mini_pjt_control) by extensions ['colcon_meta']
[0.171s] Level 1:colcon.colcon_core.package_identification:_identify(src/mini_pjt_control) by extension 'colcon_meta'
[0.171s] Level 1:colcon.colcon_core.package_identification:_identify(src/mini_pjt_control) by extensions ['ros']
[0.171s] Level 1:colcon.colcon_core.package_identification:_identify(src/mini_pjt_control) by extension 'ros'
[0.171s] DEBUG:colcon.colcon_core.package_identification:Package 'src/mini_pjt_control' with type 'ros.ament_python' and name 'mini_pjt_control'
[0.171s] Level 1:colcon.colcon_core.package_identification:_identify(src/mini_pjt_interfaces) by extensions ['ignore', 'ignore_ament_install']
[0.171s] Level 1:colcon.colcon_core.package_identification:_identify(src/mini_pjt_interfaces) by extension 'ignore'
[0.171s] Level 1:colcon.colcon_core.package_identification:_identify(src/mini_pjt_interfaces) by extension 'ignore_ament_install'
[0.171s] Level 1:colcon.colcon_core.package_identification:_identify(src/mini_pjt_interfaces) by extensions ['colcon_pkg']
[0.171s] Level 1:colcon.colcon_core.package_identification:_identify(src/mini_pjt_interfaces) by extension 'colcon_pkg'
[0.171s] Level 1:colcon.colcon_core.package_identification:_identify(src/mini_pjt_interfaces) by extensions ['colcon_meta']
[0.171s] Level 1:colcon.colcon_core.package_identification:_identify(src/mini_pjt_interfaces) by extension 'colcon_meta'
[0.171s] Level 1:colcon.colcon_core.package_identification:_identify(src/mini_pjt_interfaces) by extensions ['ros']
[0.171s] Level 1:colcon.colcon_core.package_identification:_identify(src/mini_pjt_interfaces) by extension 'ros'
[0.172s] DEBUG:colcon.colcon_core.package_identification:Package 'src/mini_pjt_interfaces' with type 'ros.ament_cmake' and name 'mini_pjt_interfaces'
[0.172s] Level 1:colcon.colcon_core.package_identification:_identify(src/mini_pjt_vision) by extensions ['ignore', 'ignore_ament_install']
[0.172s] Level 1:colcon.colcon_core.package_identification:_identify(src/mini_pjt_vision) by extension 'ignore'
[0.172s] Level 1:colcon.colcon_core.package_identification:_identify(src/mini_pjt_vision) by extension 'ignore_ament_install'
[0.172s] Level 1:colcon.colcon_core.package_identification:_identify(src/mini_pjt_vision) by extensions ['colcon_pkg']
[0.172s] Level 1:colcon.colcon_core.package_identification:_identify(src/mini_pjt_vision) by extension 'colcon_pkg'
[0.172s] Level 1:colcon.colcon_core.package_identification:_identify(src/mini_pjt_vision) by extensions ['colcon_meta']
[0.172s] Level 1:colcon.colcon_core.package_identification:_identify(src/mini_pjt_vision) by extension 'colcon_meta'
[0.172s] Level 1:colcon.colcon_core.package_identification:_identify(src/mini_pjt_vision) by extensions ['ros']
[0.172s] Level 1:colcon.colcon_core.package_identification:_identify(src/mini_pjt_vision) by extension 'ros'
[0.172s] DEBUG:colcon.colcon_core.package_identification:Package 'src/mini_pjt_vision' with type 'ros.ament_python' and name 'mini_pjt_vision'
[0.172s] Level 1:colcon.colcon_core.package_identification:_identify(test_data) by extensions ['ignore', 'ignore_ament_install']
[0.172s] Level 1:colcon.colcon_core.package_identification:_identify(test_data) by extension 'ignore'
[0.172s] Level 1:colcon.colcon_core.package_identification:_identify(test_data) by extension 'ignore_ament_install'
[0.172s] Level 1:colcon.colcon_core.package_identification:_identify(test_data) by extensions ['colcon_pkg']
[0.172s] Level 1:colcon.colcon_core.package_identification:_identify(test_data) by extension 'colcon_pkg'
[0.172s] Level 1:colcon.colcon_core.package_identification:_identify(test_data) by extensions ['colcon_meta']
[0.172s] Level 1:colcon.colcon_core.package_identification:_identify(test_data) by extension 'colcon_meta'
[0.172s] Level 1:colcon.colcon_core.package_identification:_identify(test_data) by extensions ['ros']
[0.172s] Level 1:colcon.colcon_core.package_identification:_identify(test_data) by extension 'ros'
[0.172s] Level 1:colcon.colcon_core.package_identification:_identify(test_data) by extensions ['cmake', 'python']
[0.173s] Level 1:colcon.colcon_core.package_identification:_identify(test_data) by extension 'cmake'
[0.173s] Level 1:colcon.colcon_core.package_identification:_identify(test_data) by extension 'python'
[0.173s] Level 1:colcon.colcon_core.package_identification:_identify(test_data) by extensions ['python_setup_py']
[0.173s] Level 1:colcon.colcon_core.package_identification:_identify(test_data) by extension 'python_setup_py'
[0.173s] Level 1:colcon.colcon_core.package_discovery:discover_packages(recursive) using defaults
[0.173s] Level 1:colcon.colcon_core.package_discovery:discover_packages(ignore) discover
[0.173s] Level 1:colcon.colcon_core.package_discovery:discover_packages(ignore) using defaults
[0.173s] Level 1:colcon.colcon_core.package_discovery:discover_packages(path) discover
[0.173s] Level 1:colcon.colcon_core.package_discovery:discover_packages(path) using defaults
[0.185s] INFO:colcon.colcon_core.package_selection:Skipping not selected package 'mini_pjt_interfaces' in 'src/mini_pjt_interfaces'
[0.185s] INFO:colcon.colcon_core.package_selection:Skipping not selected package 'mini_pjt_vision' in 'src/mini_pjt_vision'
[0.185s] INFO:colcon.colcon_core.package_selection:Skipping not selected package 'mini_pjt_bringup' in 'src/mini_pjt_bringup'
[0.185s] Level 1:colcon.colcon_core.package_discovery:discover_packages(prefix_path) check parameters
[0.185s] Level 1:colcon.colcon_core.package_discovery:discover_packages(prefix_path) discover
[0.186s] DEBUG:colcon.colcon_installed_package_information.package_discovery:Found 17 installed packages in /home/rokey/turtlebot4_ws/install
[0.187s] DEBUG:colcon.colcon_installed_package_information.package_discovery:Found 390 installed packages in /opt/ros/humble
[0.188s] Level 1:colcon.colcon_core.package_discovery:discover_packages(prefix_path) using defaults
[0.213s] Level 5:colcon.colcon_core.verb:set package 'mini_pjt_control' build argument 'cmake_args' from command line to 'None'
[0.213s] Level 5:colcon.colcon_core.verb:set package 'mini_pjt_control' build argument 'cmake_target' from command line to 'None'
[0.213s] Level 5:colcon.colcon_core.verb:set package 'mini_pjt_control' build argument 'cmake_target_skip_unavailable' from command line to 'False'
[0.213s] Level 5:colcon.colcon_core.verb:set package 'mini_pjt_control' build argument 'cmake_clean_cache' from command line to 'False'
[0.213s] Level 5:colcon.colcon_core.verb:set package 'mini_pjt_control' build argument 'cmake_clean_first' from command line to 'False'
[0.213s] Level 5:colcon.colcon_core.verb:set package 'mini_pjt_control' build argument 'cmake_force_configure' from command line to 'False'
[0.213s] Level 5:colcon.colcon_core.verb:set package 'mini_pjt_control' build argument 'ament_cmake_args' from command line to 'None'
[0.213s] Level 5:colcon.colcon_core.verb:set package 'mini_pjt_control' build argument 'catkin_cmake_args' from command line to 'None'
[0.213s] Level 5:colcon.colcon_core.verb:set package 'mini_pjt_control' build argument 'catkin_skip_building_tests' from command line to 'False'
[0.213s] DEBUG:colcon.colcon_core.verb:Building package 'mini_pjt_control' with the following arguments: {'ament_cmake_args': None, 'build_base': '/home/rokey/mini_pjt_ws/build/mini_pjt_control', 'catkin_cmake_args': None, 'catkin_skip_building_tests': False, 'cmake_args': None, 'cmake_clean_cache': False, 'cmake_clean_first': False, 'cmake_force_configure': False, 'cmake_target': None, 'cmake_target_skip_unavailable': False, 'install_base': '/home/rokey/mini_pjt_ws/install/mini_pjt_control', 'merge_install': False, 'path': '/home/rokey/mini_pjt_ws/src/mini_pjt_control', 'symlink_install': True, 'test_result_base': None}
[0.213s] INFO:colcon.colcon_core.executor:Executing jobs using 'parallel' executor
[0.214s] DEBUG:colcon.colcon_parallel_executor.executor.parallel:run_until_complete
[0.214s] INFO:colcon.colcon_ros.task.ament_python.build:Building ROS package in '/home/rokey/mini_pjt_ws/src/mini_pjt_control' with build type 'ament_python'
[0.214s] Level 1:colcon.colcon_core.shell:create_environment_hook('mini_pjt_control', 'ament_prefix_path')
[0.215s] INFO:colcon.colcon_core.plugin_system:Skipping extension 'colcon_core.shell.bat': Not used on non-Windows systems
[0.216s] INFO:colcon.colcon_core.shell:Creating environment hook '/home/rokey/mini_pjt_ws/install/mini_pjt_control/share/mini_pjt_control/hook/ament_prefix_path.ps1'
[0.216s] INFO:colcon.colcon_core.shell:Creating environment descriptor '/home/rokey/mini_pjt_ws/install/mini_pjt_control/share/mini_pjt_control/hook/ament_prefix_path.dsv'
[0.216s] INFO:colcon.colcon_core.shell:Creating environment hook '/home/rokey/mini_pjt_ws/install/mini_pjt_control/share/mini_pjt_control/hook/ament_prefix_path.sh'
[0.216s] INFO:colcon.colcon_core.shell:Skip shell extension 'powershell' for command environment: Not usable outside of PowerShell
[0.217s] DEBUG:colcon.colcon_core.shell:Skip shell extension 'dsv' for command environment
[0.390s] INFO:colcon.colcon_core.task.python.build:Building Python package in '/home/rokey/mini_pjt_ws/src/mini_pjt_control'
[0.391s] INFO:colcon.colcon_core.shell:Skip shell extension 'powershell' for command environment: Not usable outside of PowerShell
[0.391s] DEBUG:colcon.colcon_core.shell:Skip shell extension 'dsv' for command environment
[0.600s] DEBUG:colcon.colcon_core.task.python.build:Available setuptools commands: install_lib, install_egg_info, build_scripts, symlink_data, update_catalog, upload_docs, bdist_wheel, setopt, compile_catalog, alias, install_data, build_ext, install_scripts, register, check, sdist, easy_install, build, build_clib, egg_info, init_catalog, clean, saveopts, upload, develop, bdist_rpm, install, rotate, build_py, bdist, bdist_dumb, bdist_egg, dist_info, test, extract_messages, install_headers
[0.777s] DEBUG:colcon.colcon_core.task.python.build:Available setuptools 'develop' options: --zip-ok, --exclude-scripts, --no-deps, --upgrade, --always-unzip, --record, --dry-run, --build-directory, --help, --version, --install-dir, --find-links, --allow-hosts, --quiet, --script-dir, --always-copy, --no-find-links, --index-url, --no-user-cfg, --prefix, --local-snapshots-ok, --egg-path, --uninstall, --verbose, --site-dirs, --editable, --multi-version, --optimize, --user
[0.779s] DEBUG:colcon.colcon_core.event_handler.log_command:Invoking command in '/home/rokey/mini_pjt_ws/build/mini_pjt_control': AMENT_PREFIX_PATH=/home/rokey/mini_pjt_ws/install/mini_pjt_interfaces:${AMENT_PREFIX_PATH} CMAKE_PREFIX_PATH=/home/rokey/mini_pjt_ws/install/mini_pjt_interfaces:${CMAKE_PREFIX_PATH} LD_LIBRARY_PATH=/home/rokey/mini_pjt_ws/install/mini_pjt_interfaces/lib:${LD_LIBRARY_PATH} PYTHONPATH=/home/rokey/mini_pjt_ws/build/mini_pjt_control/prefix_override:/usr/lib/python3/dist-packages/colcon_core/task/python/colcon_distutils_commands:/home/rokey/mini_pjt_ws/install/mini_pjt_control/lib/python3.10/site-packages:/home/rokey/mini_pjt_ws/install/mini_pjt_interfaces/local/lib/python3.10/dist-packages:${PYTHONPATH} /usr/bin/python3 -W ignore:setup.py install is deprecated -W ignore:easy_install command is deprecated setup.py develop --editable --build-directory /home/rokey/mini_pjt_ws/build/mini_pjt_control/build --no-deps symlink_data
[1.048s] Level 1:colcon.colcon_core.shell:create_environment_hook('mini_pjt_control', 'pythonpath_develop')
[1.048s] INFO:colcon.colcon_core.shell:Creating environment hook '/home/rokey/mini_pjt_ws/build/mini_pjt_control/share/mini_pjt_control/hook/pythonpath_develop.ps1'
[1.048s] DEBUG:colcon.colcon_core.event_handler.log_command:Invoked command in '/home/rokey/mini_pjt_ws/build/mini_pjt_control' returned '0': AMENT_PREFIX_PATH=/home/rokey/mini_pjt_ws/install/mini_pjt_interfaces:${AMENT_PREFIX_PATH} CMAKE_PREFIX_PATH=/home/rokey/mini_pjt_ws/install/mini_pjt_interfaces:${CMAKE_PREFIX_PATH} LD_LIBRARY_PATH=/home/rokey/mini_pjt_ws/install/mini_pjt_interfaces/lib:${LD_LIBRARY_PATH} PYTHONPATH=/home/rokey/mini_pjt_ws/build/mini_pjt_control/prefix_override:/usr/lib/python3/dist-packages/colcon_core/task/python/colcon_distutils_commands:/home/rokey/mini_pjt_ws/install/mini_pjt_control/lib/python3.10/site-packages:/home/rokey/mini_pjt_ws/install/mini_pjt_interfaces/local/lib/python3.10/dist-packages:${PYTHONPATH} /usr/bin/python3 -W ignore:setup.py install is deprecated -W ignore:easy_install command is deprecated setup.py develop --editable --build-directory /home/rokey/mini_pjt_ws/build/mini_pjt_control/build --no-deps symlink_data
[1.049s] INFO:colcon.colcon_core.shell:Creating environment descriptor '/home/rokey/mini_pjt_ws/build/mini_pjt_control/share/mini_pjt_control/hook/pythonpath_develop.dsv'
[1.049s] INFO:colcon.colcon_core.shell:Creating environment hook '/home/rokey/mini_pjt_ws/build/mini_pjt_control/share/mini_pjt_control/hook/pythonpath_develop.sh'
[1.050s] Level 1:colcon.colcon_core.environment:checking '/home/rokey/mini_pjt_ws/install/mini_pjt_control' for CMake module files
[1.050s] Level 1:colcon.colcon_core.environment:checking '/home/rokey/mini_pjt_ws/install/mini_pjt_control' for CMake config files
[1.051s] Level 1:colcon.colcon_core.environment:checking '/home/rokey/mini_pjt_ws/install/mini_pjt_control/lib'
[1.051s] Level 1:colcon.colcon_core.environment:checking '/home/rokey/mini_pjt_ws/install/mini_pjt_control/bin'
[1.051s] Level 1:colcon.colcon_core.environment:checking '/home/rokey/mini_pjt_ws/install/mini_pjt_control/lib/pkgconfig/mini_pjt_control.pc'
[1.051s] Level 1:colcon.colcon_core.environment:checking '/home/rokey/mini_pjt_ws/install/mini_pjt_control/lib/python3.10/site-packages'
[1.051s] Level 1:colcon.colcon_core.shell:create_environment_hook('mini_pjt_control', 'pythonpath')
[1.051s] INFO:colcon.colcon_core.shell:Creating environment hook '/home/rokey/mini_pjt_ws/install/mini_pjt_control/share/mini_pjt_control/hook/pythonpath.ps1'
[1.051s] INFO:colcon.colcon_core.shell:Creating environment descriptor '/home/rokey/mini_pjt_ws/install/mini_pjt_control/share/mini_pjt_control/hook/pythonpath.dsv'
[1.052s] INFO:colcon.colcon_core.shell:Creating environment hook '/home/rokey/mini_pjt_ws/install/mini_pjt_control/share/mini_pjt_control/hook/pythonpath.sh'
[1.052s] Level 1:colcon.colcon_core.environment:checking '/home/rokey/mini_pjt_ws/install/mini_pjt_control/bin'
[1.052s] Level 1:colcon.colcon_core.environment:create_environment_scripts_only(mini_pjt_control)
[1.052s] INFO:colcon.colcon_core.shell:Creating package script '/home/rokey/mini_pjt_ws/install/mini_pjt_control/share/mini_pjt_control/package.ps1'
[1.053s] INFO:colcon.colcon_core.shell:Creating package descriptor '/home/rokey/mini_pjt_ws/install/mini_pjt_control/share/mini_pjt_control/package.dsv'
[1.053s] INFO:colcon.colcon_core.shell:Creating package script '/home/rokey/mini_pjt_ws/install/mini_pjt_control/share/mini_pjt_control/package.sh'
[1.053s] INFO:colcon.colcon_core.shell:Creating package script '/home/rokey/mini_pjt_ws/install/mini_pjt_control/share/mini_pjt_control/package.bash'
[1.054s] INFO:colcon.colcon_core.shell:Creating package script '/home/rokey/mini_pjt_ws/install/mini_pjt_control/share/mini_pjt_control/package.zsh'
[1.054s] Level 1:colcon.colcon_core.environment:create_file_with_runtime_dependencies(/home/rokey/mini_pjt_ws/install/mini_pjt_control/share/colcon-core/packages/mini_pjt_control)
[1.054s] DEBUG:colcon.colcon_parallel_executor.executor.parallel:closing loop
[1.054s] DEBUG:colcon.colcon_parallel_executor.executor.parallel:loop closed
[1.054s] DEBUG:colcon.colcon_parallel_executor.executor.parallel:run_until_complete finished with '0'
[1.054s] DEBUG:colcon.colcon_core.event_reactor:joining thread
[1.057s] INFO:colcon.colcon_core.plugin_system:Skipping extension 'colcon_notification.desktop_notification.terminal_notifier': Not used on non-Darwin systems
[1.057s] INFO:colcon.colcon_core.plugin_system:Skipping extension 'colcon_notification.desktop_notification.win32': Not used on non-Windows systems
[1.057s] INFO:colcon.colcon_notification.desktop_notification:Sending desktop notification using 'notify2'
[1.070s] DEBUG:colcon.colcon_core.event_reactor:joined thread
[1.071s] INFO:colcon.colcon_core.shell:Creating prefix script '/home/rokey/mini_pjt_ws/install/local_setup.ps1'
[1.071s] INFO:colcon.colcon_core.shell:Creating prefix util module '/home/rokey/mini_pjt_ws/install/_local_setup_util_ps1.py'
[1.072s] INFO:colcon.colcon_core.shell:Creating prefix chain script '/home/rokey/mini_pjt_ws/install/setup.ps1'
[1.073s] INFO:colcon.colcon_core.shell:Creating prefix script '/home/rokey/mini_pjt_ws/install/local_setup.sh'
[1.073s] INFO:colcon.colcon_core.shell:Creating prefix util module '/home/rokey/mini_pjt_ws/install/_local_setup_util_sh.py'
[1.073s] INFO:colcon.colcon_core.shell:Creating prefix chain script '/home/rokey/mini_pjt_ws/install/setup.sh'
[1.074s] INFO:colcon.colcon_core.shell:Creating prefix script '/home/rokey/mini_pjt_ws/install/local_setup.bash'
[1.074s] INFO:colcon.colcon_core.shell:Creating prefix chain script '/home/rokey/mini_pjt_ws/install/setup.bash'
[1.075s] INFO:colcon.colcon_core.shell:Creating prefix script '/home/rokey/mini_pjt_ws/install/local_setup.zsh'
[1.075s] INFO:colcon.colcon_core.shell:Creating prefix chain script '/home/rokey/mini_pjt_ws/install/setup.zsh'
