running develop
running egg_info
creating mini_pjt_bringup.egg-info
writing mini_pjt_bringup.egg-info/PKG-INFO
writing dependency_links to mini_pjt_bringup.egg-info/dependency_links.txt
writing entry points to mini_pjt_bringup.egg-info/entry_points.txt
writing requirements to mini_pjt_bringup.egg-info/requires.txt
writing top-level names to mini_pjt_bringup.egg-info/top_level.txt
writing manifest file 'mini_pjt_bringup.egg-info/SOURCES.txt'
reading manifest file 'mini_pjt_bringup.egg-info/SOURCES.txt'
writing manifest file 'mini_pjt_bringup.egg-info/SOURCES.txt'
running build_ext
Creating /home/rokey/mini_pjt_ws/install/mini_pjt_bringup/lib/python3.10/site-packages/mini-pjt-bringup.egg-link (link to .)

Installed /home/rokey/mini_pjt_ws/build/mini_pjt_bringup
running symlink_data
creating /home/rokey/mini_pjt_ws/install/mini_pjt_bringup/share/ament_index
creating /home/rokey/mini_pjt_ws/install/mini_pjt_bringup/share/ament_index/resource_index
creating /home/rokey/mini_pjt_ws/install/mini_pjt_bringup/share/ament_index/resource_index/packages
symbolically linking /home/rokey/mini_pjt_ws/build/mini_pjt_bringup/resource/mini_pjt_bringup -> /home/rokey/mini_pjt_ws/install/mini_pjt_bringup/share/ament_index/resource_index/packages
symbolically linking /home/rokey/mini_pjt_ws/build/mini_pjt_bringup/package.xml -> /home/rokey/mini_pjt_ws/install/mini_pjt_bringup/share/mini_pjt_bringup
creating /home/rokey/mini_pjt_ws/install/mini_pjt_bringup/share/mini_pjt_bringup/launch
symbolically linking /home/rokey/mini_pjt_ws/build/mini_pjt_bringup/launch/mini_pjt.launch.py -> /home/rokey/mini_pjt_ws/install/mini_pjt_bringup/share/mini_pjt_bringup/launch
creating /home/rokey/mini_pjt_ws/install/mini_pjt_bringup/share/mini_pjt_bringup/config
symbolically linking /home/rokey/mini_pjt_ws/build/mini_pjt_bringup/config/params.yaml -> /home/rokey/mini_pjt_ws/install/mini_pjt_bringup/share/mini_pjt_bringup/config
creating /home/rokey/mini_pjt_ws/install/mini_pjt_bringup/share/mini_pjt_bringup/maps
symbolically linking /home/rokey/mini_pjt_ws/build/mini_pjt_bringup/maps/basic_map.yaml -> /home/rokey/mini_pjt_ws/install/mini_pjt_bringup/share/mini_pjt_bringup/maps
symbolically linking /home/rokey/mini_pjt_ws/build/mini_pjt_bringup/maps/basic_map.pgm -> /home/rokey/mini_pjt_ws/install/mini_pjt_bringup/share/mini_pjt_bringup/maps
