[0.564s] Invoking command in '/home/rokey/mini_pjt_ws/build/mini_pjt_control': AMENT_PREFIX_PATH=/home/rokey/mini_pjt_ws/install/mini_pjt_interfaces:${AMENT_PREFIX_PATH} CMAKE_PREFIX_PATH=/home/rokey/mini_pjt_ws/install/mini_pjt_interfaces:${CMAKE_PREFIX_PATH} LD_LIBRARY_PATH=/home/rokey/mini_pjt_ws/install/mini_pjt_interfaces/lib:${LD_LIBRARY_PATH} PYTHONPATH=/home/rokey/mini_pjt_ws/build/mini_pjt_control/prefix_override:/usr/lib/python3/dist-packages/colcon_core/task/python/colcon_distutils_commands:/home/rokey/mini_pjt_ws/install/mini_pjt_control/lib/python3.10/site-packages:/home/rokey/mini_pjt_ws/install/mini_pjt_interfaces/local/lib/python3.10/dist-packages:${PYTHONPATH} /usr/bin/python3 -W ignore:setup.py install is deprecated -W ignore:easy_install command is deprecated setup.py develop --editable --build-directory /home/rokey/mini_pjt_ws/build/mini_pjt_control/build --no-deps symlink_data
[0.716s] running develop
[0.813s] running egg_info
[0.813s] writing mini_pjt_control.egg-info/PKG-INFO
[0.813s] writing dependency_links to mini_pjt_control.egg-info/dependency_links.txt
[0.813s] writing entry points to mini_pjt_control.egg-info/entry_points.txt
[0.813s] writing requirements to mini_pjt_control.egg-info/requires.txt
[0.813s] writing top-level names to mini_pjt_control.egg-info/top_level.txt
[0.814s] reading manifest file 'mini_pjt_control.egg-info/SOURCES.txt'
[0.815s] writing manifest file 'mini_pjt_control.egg-info/SOURCES.txt'
[0.816s] running build_ext
[0.816s] Creating /home/rokey/mini_pjt_ws/install/mini_pjt_control/lib/python3.10/site-packages/mini-pjt-control.egg-link (link to .)
[0.816s] Installing approach_controller script to /home/rokey/mini_pjt_ws/install/mini_pjt_control/lib/mini_pjt_control
[0.816s] Installing car_approach_node script to /home/rokey/mini_pjt_ws/install/mini_pjt_control/lib/mini_pjt_control
[0.816s] Installing mission_manager_node script to /home/rokey/mini_pjt_ws/install/mini_pjt_control/lib/mini_pjt_control
[0.816s] Installing target_seeker_node script to /home/rokey/mini_pjt_ws/install/mini_pjt_control/lib/mini_pjt_control
[0.816s] 
[0.816s] Installed /home/rokey/mini_pjt_ws/build/mini_pjt_control
[0.817s] running symlink_data
[0.834s] Invoked command in '/home/rokey/mini_pjt_ws/build/mini_pjt_control' returned '0': AMENT_PREFIX_PATH=/home/rokey/mini_pjt_ws/install/mini_pjt_interfaces:${AMENT_PREFIX_PATH} CMAKE_PREFIX_PATH=/home/rokey/mini_pjt_ws/install/mini_pjt_interfaces:${CMAKE_PREFIX_PATH} LD_LIBRARY_PATH=/home/rokey/mini_pjt_ws/install/mini_pjt_interfaces/lib:${LD_LIBRARY_PATH} PYTHONPATH=/home/rokey/mini_pjt_ws/build/mini_pjt_control/prefix_override:/usr/lib/python3/dist-packages/colcon_core/task/python/colcon_distutils_commands:/home/rokey/mini_pjt_ws/install/mini_pjt_control/lib/python3.10/site-packages:/home/rokey/mini_pjt_ws/install/mini_pjt_interfaces/local/lib/python3.10/dist-packages:${PYTHONPATH} /usr/bin/python3 -W ignore:setup.py install is deprecated -W ignore:easy_install command is deprecated setup.py develop --editable --build-directory /home/rokey/mini_pjt_ws/build/mini_pjt_control/build --no-deps symlink_data
