-- The C compiler identification is GNU 11.4.0
-- The CXX compiler identification is GNU 11.4.0
-- Detecting C compiler ABI info
-- Detecting C compiler ABI info - done
-- Check for working C compiler: /usr/bin/cc - skipped
-- Detecting C compile features
-- Detecting C compile features - done
-- Detecting CXX compiler ABI info
-- Detecting CXX compiler ABI info - done
-- Check for working CXX compiler: /usr/bin/c++ - skipped
-- Detecting CXX compile features
-- Detecting CXX compile features - done
-- Found ament_cmake: 1.3.14 (/opt/ros/humble/share/ament_cmake/cmake)
-- Found Python3: /usr/bin/python3 (found version "3.10.12") found components: Interpreter 
-- Override CMake install command with custom implementation using symlinks instead of copying resources
-- Found rosidl_default_generators: 1.2.1 (/opt/ros/humble/share/rosidl_default_generators/cmake)
-- Using all available rosidl_typesupport_c: rosidl_typesupport_fastrtps_c;rosidl_typesupport_introspection_c
-- Found rosidl_adapter: 3.1.9 (/opt/ros/humble/share/rosidl_adapter/cmake)
-- Using all available rosidl_typesupport_cpp: rosidl_typesupport_fastrtps_cpp;rosidl_typesupport_introspection_cpp
-- Found std_msgs: 4.9.1 (/opt/ros/humble/share/std_msgs/cmake)
-- Found ament_cmake_ros: 0.10.0 (/opt/ros/humble/share/ament_cmake_ros/cmake)
-- Using all available rosidl_typesupport_c: rosidl_typesupport_fastrtps_c;rosidl_typesupport_introspection_c
-- Using all available rosidl_typesupport_cpp: rosidl_typesupport_fastrtps_cpp;rosidl_typesupport_introspection_cpp
-- Found PythonInterp: /usr/bin/python3 (found suitable version "3.10.12", minimum required is "3.6") 
-- Found python_cmake_module: 0.10.0 (/opt/ros/humble/share/python_cmake_module/cmake)
-- Found PythonLibs: /usr/lib/x86_64-linux-gnu/libpython3.10.so (found suitable version "3.10.12", minimum required is "3.5") 
-- Using PYTHON_EXECUTABLE: /usr/bin/python3
-- Using PYTHON_INCLUDE_DIRS: /usr/include/python3.10
-- Using PYTHON_LIBRARIES: /usr/lib/x86_64-linux-gnu/libpython3.10.so
-- Found PythonExtra: .so  
-- Configuring done
-- Generating done
-- Build files have been written to: /home/rokey/mini_pjt_ws/build/mini_pjt_interfaces
[  2%] Generating C code for ROS interfaces
[  4%] Generating Rust code for ROS interfaces
[  6%] Generating C++ code for ROS interfaces
[  6%] Built target ament_cmake_python_symlink_mini_pjt_interfaces
running egg_info
creating mini_pjt_interfaces.egg-info
writing mini_pjt_interfaces.egg-info/PKG-INFO
writing dependency_links to mini_pjt_interfaces.egg-info/dependency_links.txt
writing top-level names to mini_pjt_interfaces.egg-info/top_level.txt
writing manifest file 'mini_pjt_interfaces.egg-info/SOURCES.txt'
reading manifest file 'mini_pjt_interfaces.egg-info/SOURCES.txt'
writing manifest file 'mini_pjt_interfaces.egg-info/SOURCES.txt'
[  6%] Built target ament_cmake_python_build_mini_pjt_interfaces_egg
[  6%] Built target mini_pjt_interfaces__rs
[  6%] Built target mini_pjt_interfaces__cpp
[ 10%] Generating C++ type support for eProsima Fast-RTPS
[ 10%] Generating C++ type support dispatch for ROS interfaces
[ 12%] Generating C++ introspection for ROS interfaces
[ 14%] Building C object CMakeFiles/mini_pjt_interfaces__rosidl_generator_c.dir/rosidl_generator_c/mini_pjt_interfaces/msg/detail/robot_state__functions.c.o
[ 16%] Building C object CMakeFiles/mini_pjt_interfaces__rosidl_generator_c.dir/rosidl_generator_c/mini_pjt_interfaces/msg/detail/detection_array__functions.c.o
[ 18%] Building C object CMakeFiles/mini_pjt_interfaces__rosidl_generator_c.dir/rosidl_generator_c/mini_pjt_interfaces/msg/detail/detection__functions.c.o
[ 20%] Linking C shared library libmini_pjt_interfaces__rosidl_generator_c.so
[ 20%] Built target mini_pjt_interfaces__rosidl_generator_c
[ 27%] Generating C type support dispatch for ROS interfaces
[ 27%] Generating C type support for eProsima Fast-RTPS
[ 27%] Generating C introspection for ROS interfaces
[ 29%] Building CXX object CMakeFiles/mini_pjt_interfaces__rosidl_typesupport_cpp.dir/rosidl_typesupport_cpp/mini_pjt_interfaces/msg/detection_array__type_support.cpp.o
[ 31%] Building CXX object CMakeFiles/mini_pjt_interfaces__rosidl_typesupport_cpp.dir/rosidl_typesupport_cpp/mini_pjt_interfaces/msg/robot_state__type_support.cpp.o
[ 33%] Building CXX object CMakeFiles/mini_pjt_interfaces__rosidl_typesupport_cpp.dir/rosidl_typesupport_cpp/mini_pjt_interfaces/msg/detection__type_support.cpp.o
[ 39%] Building CXX object CMakeFiles/mini_pjt_interfaces__rosidl_typesupport_introspection_cpp.dir/rosidl_typesupport_introspection_cpp/mini_pjt_interfaces/msg/detail/robot_state__type_support.cpp.o
[ 39%] Building CXX object CMakeFiles/mini_pjt_interfaces__rosidl_typesupport_introspection_cpp.dir/rosidl_typesupport_introspection_cpp/mini_pjt_interfaces/msg/detail/detection_array__type_support.cpp.o
[ 39%] Building CXX object CMakeFiles/mini_pjt_interfaces__rosidl_typesupport_introspection_cpp.dir/rosidl_typesupport_introspection_cpp/mini_pjt_interfaces/msg/detail/detection__type_support.cpp.o
[ 41%] Building CXX object CMakeFiles/mini_pjt_interfaces__rosidl_typesupport_fastrtps_cpp.dir/rosidl_typesupport_fastrtps_cpp/mini_pjt_interfaces/msg/detail/dds_fastrtps/robot_state__type_support.cpp.o
[ 43%] Building CXX object CMakeFiles/mini_pjt_interfaces__rosidl_typesupport_fastrtps_cpp.dir/rosidl_typesupport_fastrtps_cpp/mini_pjt_interfaces/msg/detail/dds_fastrtps/detection_array__type_support.cpp.o
[ 45%] Building CXX object CMakeFiles/mini_pjt_interfaces__rosidl_typesupport_fastrtps_cpp.dir/rosidl_typesupport_fastrtps_cpp/mini_pjt_interfaces/msg/detail/dds_fastrtps/detection__type_support.cpp.o
[ 52%] Building C object CMakeFiles/mini_pjt_interfaces__rosidl_typesupport_introspection_c.dir/rosidl_typesupport_introspection_c/mini_pjt_interfaces/msg/detail/detection_array__type_support.c.o
[ 52%] Building C object CMakeFiles/mini_pjt_interfaces__rosidl_typesupport_introspection_c.dir/rosidl_typesupport_introspection_c/mini_pjt_interfaces/msg/detail/robot_state__type_support.c.o
[ 52%] Building C object CMakeFiles/mini_pjt_interfaces__rosidl_typesupport_introspection_c.dir/rosidl_typesupport_introspection_c/mini_pjt_interfaces/msg/detail/detection__type_support.c.o
[ 58%] Building CXX object CMakeFiles/mini_pjt_interfaces__rosidl_typesupport_fastrtps_c.dir/rosidl_typesupport_fastrtps_c/mini_pjt_interfaces/msg/detail/robot_state__type_support_c.cpp.o
[ 58%] Building CXX object CMakeFiles/mini_pjt_interfaces__rosidl_typesupport_fastrtps_c.dir/rosidl_typesupport_fastrtps_c/mini_pjt_interfaces/msg/detail/detection_array__type_support_c.cpp.o
[ 58%] Building CXX object CMakeFiles/mini_pjt_interfaces__rosidl_typesupport_fastrtps_c.dir/rosidl_typesupport_fastrtps_c/mini_pjt_interfaces/msg/detail/detection__type_support_c.cpp.o
[ 60%] Linking C shared library libmini_pjt_interfaces__rosidl_typesupport_introspection_c.so
[ 66%] Building CXX object CMakeFiles/mini_pjt_interfaces__rosidl_typesupport_c.dir/rosidl_typesupport_c/mini_pjt_interfaces/msg/robot_state__type_support.cpp.o
[ 66%] Building CXX object CMakeFiles/mini_pjt_interfaces__rosidl_typesupport_c.dir/rosidl_typesupport_c/mini_pjt_interfaces/msg/detection__type_support.cpp.o
[ 66%] Building CXX object CMakeFiles/mini_pjt_interfaces__rosidl_typesupport_c.dir/rosidl_typesupport_c/mini_pjt_interfaces/msg/detection_array__type_support.cpp.o
[ 66%] Built target mini_pjt_interfaces__rosidl_typesupport_introspection_c
[ 68%] Linking CXX shared library libmini_pjt_interfaces__rosidl_typesupport_c.so
[ 68%] Built target mini_pjt_interfaces__rosidl_typesupport_c
[ 70%] Linking CXX shared library libmini_pjt_interfaces__rosidl_typesupport_cpp.so
[ 70%] Built target mini_pjt_interfaces__rosidl_typesupport_cpp
[ 72%] Linking CXX shared library libmini_pjt_interfaces__rosidl_typesupport_fastrtps_cpp.so
[ 75%] Linking CXX shared library libmini_pjt_interfaces__rosidl_typesupport_introspection_cpp.so
[ 77%] Linking CXX shared library libmini_pjt_interfaces__rosidl_typesupport_fastrtps_c.so
[ 77%] Built target mini_pjt_interfaces__rosidl_typesupport_fastrtps_cpp
[ 77%] Built target mini_pjt_interfaces__rosidl_typesupport_introspection_cpp
[ 77%] Built target mini_pjt_interfaces__rosidl_typesupport_fastrtps_c
[ 77%] Built target mini_pjt_interfaces
[ 79%] Generating Python code for ROS interfaces
[ 79%] Built target mini_pjt_interfaces__py
[ 83%] Building C object CMakeFiles/mini_pjt_interfaces__rosidl_generator_py.dir/rosidl_generator_py/mini_pjt_interfaces/msg/_robot_state_s.c.o
[ 83%] Building C object CMakeFiles/mini_pjt_interfaces__rosidl_generator_py.dir/rosidl_generator_py/mini_pjt_interfaces/msg/_detection_s.c.o
[ 85%] Building C object CMakeFiles/mini_pjt_interfaces__rosidl_generator_py.dir/rosidl_generator_py/mini_pjt_interfaces/msg/_detection_array_s.c.o
[ 87%] Linking C shared library rosidl_generator_py/mini_pjt_interfaces/libmini_pjt_interfaces__rosidl_generator_py.so
[ 87%] Built target mini_pjt_interfaces__rosidl_generator_py
[ 89%] Building C object CMakeFiles/mini_pjt_interfaces__rosidl_typesupport_introspection_c__pyext.dir/rosidl_generator_py/mini_pjt_interfaces/_mini_pjt_interfaces_s.ep.rosidl_typesupport_introspection_c.c.o
[ 91%] Building C object CMakeFiles/mini_pjt_interfaces__rosidl_typesupport_fastrtps_c__pyext.dir/rosidl_generator_py/mini_pjt_interfaces/_mini_pjt_interfaces_s.ep.rosidl_typesupport_fastrtps_c.c.o
[ 93%] Building C object CMakeFiles/mini_pjt_interfaces__rosidl_typesupport_c__pyext.dir/rosidl_generator_py/mini_pjt_interfaces/_mini_pjt_interfaces_s.ep.rosidl_typesupport_c.c.o
[100%] Linking C shared library rosidl_generator_py/mini_pjt_interfaces/mini_pjt_interfaces_s__rosidl_typesupport_fastrtps_c.cpython-310-x86_64-linux-gnu.so
[100%] Linking C shared library rosidl_generator_py/mini_pjt_interfaces/mini_pjt_interfaces_s__rosidl_typesupport_c.cpython-310-x86_64-linux-gnu.so
[100%] Linking C shared library rosidl_generator_py/mini_pjt_interfaces/mini_pjt_interfaces_s__rosidl_typesupport_introspection_c.cpython-310-x86_64-linux-gnu.so
[100%] Built target mini_pjt_interfaces__rosidl_typesupport_c__pyext
[100%] Built target mini_pjt_interfaces__rosidl_typesupport_fastrtps_c__pyext
[100%] Built target mini_pjt_interfaces__rosidl_typesupport_introspection_c__pyext
-- Install configuration: ""
-- Execute custom install script
-- Symlinking: /home/rokey/mini_pjt_ws/install/mini_pjt_interfaces/share/ament_index/resource_index/rosidl_interfaces/mini_pjt_interfaces
-- Symlinking: /home/rokey/mini_pjt_ws/install/mini_pjt_interfaces/include/mini_pjt_interfaces/mini_pjt_interfaces/msg/detail/detection__functions.h
-- Symlinking: /home/rokey/mini_pjt_ws/install/mini_pjt_interfaces/include/mini_pjt_interfaces/mini_pjt_interfaces/msg/detail/detection__struct.h
-- Symlinking: /home/rokey/mini_pjt_ws/install/mini_pjt_interfaces/include/mini_pjt_interfaces/mini_pjt_interfaces/msg/detail/detection__type_support.h
-- Symlinking: /home/rokey/mini_pjt_ws/install/mini_pjt_interfaces/include/mini_pjt_interfaces/mini_pjt_interfaces/msg/detail/detection_array__functions.h
-- Symlinking: /home/rokey/mini_pjt_ws/install/mini_pjt_interfaces/include/mini_pjt_interfaces/mini_pjt_interfaces/msg/detail/detection_array__struct.h
-- Symlinking: /home/rokey/mini_pjt_ws/install/mini_pjt_interfaces/include/mini_pjt_interfaces/mini_pjt_interfaces/msg/detail/detection_array__type_support.h
-- Symlinking: /home/rokey/mini_pjt_ws/install/mini_pjt_interfaces/include/mini_pjt_interfaces/mini_pjt_interfaces/msg/detail/robot_state__functions.h
-- Symlinking: /home/rokey/mini_pjt_ws/install/mini_pjt_interfaces/include/mini_pjt_interfaces/mini_pjt_interfaces/msg/detail/robot_state__struct.h
-- Symlinking: /home/rokey/mini_pjt_ws/install/mini_pjt_interfaces/include/mini_pjt_interfaces/mini_pjt_interfaces/msg/detail/robot_state__type_support.h
-- Symlinking: /home/rokey/mini_pjt_ws/install/mini_pjt_interfaces/include/mini_pjt_interfaces/mini_pjt_interfaces/msg/detection.h
-- Symlinking: /home/rokey/mini_pjt_ws/install/mini_pjt_interfaces/include/mini_pjt_interfaces/mini_pjt_interfaces/msg/detection_array.h
-- Symlinking: /home/rokey/mini_pjt_ws/install/mini_pjt_interfaces/include/mini_pjt_interfaces/mini_pjt_interfaces/msg/robot_state.h
-- Symlinking: /home/rokey/mini_pjt_ws/install/mini_pjt_interfaces/include/mini_pjt_interfaces/mini_pjt_interfaces/msg/rosidl_generator_c__visibility_control.h
-- Symlinking: /home/rokey/mini_pjt_ws/install/mini_pjt_interfaces/share/mini_pjt_interfaces/environment/library_path.sh
-- Symlinking: /home/rokey/mini_pjt_ws/install/mini_pjt_interfaces/share/mini_pjt_interfaces/environment/library_path.dsv
-- Symlinking: /home/rokey/mini_pjt_ws/install/mini_pjt_interfaces/include/mini_pjt_interfaces/mini_pjt_interfaces/msg/detail/detection__rosidl_typesupport_fastrtps_c.h
-- Symlinking: /home/rokey/mini_pjt_ws/install/mini_pjt_interfaces/include/mini_pjt_interfaces/mini_pjt_interfaces/msg/detail/detection_array__rosidl_typesupport_fastrtps_c.h
-- Symlinking: /home/rokey/mini_pjt_ws/install/mini_pjt_interfaces/include/mini_pjt_interfaces/mini_pjt_interfaces/msg/detail/robot_state__rosidl_typesupport_fastrtps_c.h
-- Symlinking: /home/rokey/mini_pjt_ws/install/mini_pjt_interfaces/include/mini_pjt_interfaces/mini_pjt_interfaces/msg/rosidl_typesupport_fastrtps_c__visibility_control.h
-- Symlinking: /home/rokey/mini_pjt_ws/install/mini_pjt_interfaces/include/mini_pjt_interfaces/mini_pjt_interfaces/msg/detail/detection__rosidl_typesupport_introspection_c.h
-- Symlinking: /home/rokey/mini_pjt_ws/install/mini_pjt_interfaces/include/mini_pjt_interfaces/mini_pjt_interfaces/msg/detail/detection_array__rosidl_typesupport_introspection_c.h
-- Symlinking: /home/rokey/mini_pjt_ws/install/mini_pjt_interfaces/include/mini_pjt_interfaces/mini_pjt_interfaces/msg/detail/robot_state__rosidl_typesupport_introspection_c.h
-- Symlinking: /home/rokey/mini_pjt_ws/install/mini_pjt_interfaces/include/mini_pjt_interfaces/mini_pjt_interfaces/msg/rosidl_typesupport_introspection_c__visibility_control.h
-- Symlinking: /home/rokey/mini_pjt_ws/install/mini_pjt_interfaces/include/mini_pjt_interfaces/mini_pjt_interfaces/msg/detail/detection__builder.hpp
-- Symlinking: /home/rokey/mini_pjt_ws/install/mini_pjt_interfaces/include/mini_pjt_interfaces/mini_pjt_interfaces/msg/detail/detection__struct.hpp
-- Symlinking: /home/rokey/mini_pjt_ws/install/mini_pjt_interfaces/include/mini_pjt_interfaces/mini_pjt_interfaces/msg/detail/detection__traits.hpp
-- Symlinking: /home/rokey/mini_pjt_ws/install/mini_pjt_interfaces/include/mini_pjt_interfaces/mini_pjt_interfaces/msg/detail/detection__type_support.hpp
-- Symlinking: /home/rokey/mini_pjt_ws/install/mini_pjt_interfaces/include/mini_pjt_interfaces/mini_pjt_interfaces/msg/detail/detection_array__builder.hpp
-- Symlinking: /home/rokey/mini_pjt_ws/install/mini_pjt_interfaces/include/mini_pjt_interfaces/mini_pjt_interfaces/msg/detail/detection_array__struct.hpp
-- Symlinking: /home/rokey/mini_pjt_ws/install/mini_pjt_interfaces/include/mini_pjt_interfaces/mini_pjt_interfaces/msg/detail/detection_array__traits.hpp
-- Symlinking: /home/rokey/mini_pjt_ws/install/mini_pjt_interfaces/include/mini_pjt_interfaces/mini_pjt_interfaces/msg/detail/detection_array__type_support.hpp
-- Symlinking: /home/rokey/mini_pjt_ws/install/mini_pjt_interfaces/include/mini_pjt_interfaces/mini_pjt_interfaces/msg/detail/robot_state__builder.hpp
-- Symlinking: /home/rokey/mini_pjt_ws/install/mini_pjt_interfaces/include/mini_pjt_interfaces/mini_pjt_interfaces/msg/detail/robot_state__struct.hpp
-- Symlinking: /home/rokey/mini_pjt_ws/install/mini_pjt_interfaces/include/mini_pjt_interfaces/mini_pjt_interfaces/msg/detail/robot_state__traits.hpp
-- Symlinking: /home/rokey/mini_pjt_ws/install/mini_pjt_interfaces/include/mini_pjt_interfaces/mini_pjt_interfaces/msg/detail/robot_state__type_support.hpp
-- Symlinking: /home/rokey/mini_pjt_ws/install/mini_pjt_interfaces/include/mini_pjt_interfaces/mini_pjt_interfaces/msg/detection.hpp
-- Symlinking: /home/rokey/mini_pjt_ws/install/mini_pjt_interfaces/include/mini_pjt_interfaces/mini_pjt_interfaces/msg/detection_array.hpp
-- Symlinking: /home/rokey/mini_pjt_ws/install/mini_pjt_interfaces/include/mini_pjt_interfaces/mini_pjt_interfaces/msg/robot_state.hpp
-- Symlinking: /home/rokey/mini_pjt_ws/install/mini_pjt_interfaces/include/mini_pjt_interfaces/mini_pjt_interfaces/msg/rosidl_generator_cpp__visibility_control.hpp
-- Symlinking: /home/rokey/mini_pjt_ws/install/mini_pjt_interfaces/include/mini_pjt_interfaces/mini_pjt_interfaces/msg/detail/detection__rosidl_typesupport_fastrtps_cpp.hpp
-- Symlinking: /home/rokey/mini_pjt_ws/install/mini_pjt_interfaces/include/mini_pjt_interfaces/mini_pjt_interfaces/msg/detail/detection_array__rosidl_typesupport_fastrtps_cpp.hpp
-- Symlinking: /home/rokey/mini_pjt_ws/install/mini_pjt_interfaces/include/mini_pjt_interfaces/mini_pjt_interfaces/msg/detail/robot_state__rosidl_typesupport_fastrtps_cpp.hpp
-- Symlinking: /home/rokey/mini_pjt_ws/install/mini_pjt_interfaces/include/mini_pjt_interfaces/mini_pjt_interfaces/msg/rosidl_typesupport_fastrtps_cpp__visibility_control.h
-- Symlinking: /home/rokey/mini_pjt_ws/install/mini_pjt_interfaces/include/mini_pjt_interfaces/mini_pjt_interfaces/msg/detail/detection__rosidl_typesupport_introspection_cpp.hpp
-- Symlinking: /home/rokey/mini_pjt_ws/install/mini_pjt_interfaces/include/mini_pjt_interfaces/mini_pjt_interfaces/msg/detail/detection_array__rosidl_typesupport_introspection_cpp.hpp
-- Symlinking: /home/rokey/mini_pjt_ws/install/mini_pjt_interfaces/include/mini_pjt_interfaces/mini_pjt_interfaces/msg/detail/robot_state__rosidl_typesupport_introspection_cpp.hpp
-- Symlinking: /home/rokey/mini_pjt_ws/install/mini_pjt_interfaces/share/mini_pjt_interfaces/environment/pythonpath.sh
-- Symlinking: /home/rokey/mini_pjt_ws/install/mini_pjt_interfaces/share/mini_pjt_interfaces/environment/pythonpath.dsv
-- Symlinking: /home/rokey/mini_pjt_ws/install/mini_pjt_interfaces/local/lib/python3.10/dist-packages/mini_pjt_interfaces-0.0.1-py3.10.egg-info/PKG-INFO
-- Symlinking: /home/rokey/mini_pjt_ws/install/mini_pjt_interfaces/local/lib/python3.10/dist-packages/mini_pjt_interfaces-0.0.1-py3.10.egg-info/SOURCES.txt
-- Symlinking: /home/rokey/mini_pjt_ws/install/mini_pjt_interfaces/local/lib/python3.10/dist-packages/mini_pjt_interfaces-0.0.1-py3.10.egg-info/dependency_links.txt
-- Symlinking: /home/rokey/mini_pjt_ws/install/mini_pjt_interfaces/local/lib/python3.10/dist-packages/mini_pjt_interfaces-0.0.1-py3.10.egg-info/top_level.txt
-- Symlinking: /home/rokey/mini_pjt_ws/install/mini_pjt_interfaces/local/lib/python3.10/dist-packages/mini_pjt_interfaces/__init__.py
-- Symlinking: /home/rokey/mini_pjt_ws/install/mini_pjt_interfaces/local/lib/python3.10/dist-packages/mini_pjt_interfaces/_mini_pjt_interfaces_s.ep.rosidl_typesupport_c.c
-- Symlinking: /home/rokey/mini_pjt_ws/install/mini_pjt_interfaces/local/lib/python3.10/dist-packages/mini_pjt_interfaces/_mini_pjt_interfaces_s.ep.rosidl_typesupport_fastrtps_c.c
-- Symlinking: /home/rokey/mini_pjt_ws/install/mini_pjt_interfaces/local/lib/python3.10/dist-packages/mini_pjt_interfaces/_mini_pjt_interfaces_s.ep.rosidl_typesupport_introspection_c.c
-- Symlinking: /home/rokey/mini_pjt_ws/install/mini_pjt_interfaces/local/lib/python3.10/dist-packages/mini_pjt_interfaces/libmini_pjt_interfaces__rosidl_generator_py.so
-- Symlinking: /home/rokey/mini_pjt_ws/install/mini_pjt_interfaces/local/lib/python3.10/dist-packages/mini_pjt_interfaces/mini_pjt_interfaces_s__rosidl_typesupport_c.cpython-310-x86_64-linux-gnu.so
-- Symlinking: /home/rokey/mini_pjt_ws/install/mini_pjt_interfaces/local/lib/python3.10/dist-packages/mini_pjt_interfaces/mini_pjt_interfaces_s__rosidl_typesupport_fastrtps_c.cpython-310-x86_64-linux-gnu.so
-- Symlinking: /home/rokey/mini_pjt_ws/install/mini_pjt_interfaces/local/lib/python3.10/dist-packages/mini_pjt_interfaces/mini_pjt_interfaces_s__rosidl_typesupport_introspection_c.cpython-310-x86_64-linux-gnu.so
-- Symlinking: /home/rokey/mini_pjt_ws/install/mini_pjt_interfaces/local/lib/python3.10/dist-packages/mini_pjt_interfaces/msg/__init__.py
-- Symlinking: /home/rokey/mini_pjt_ws/install/mini_pjt_interfaces/local/lib/python3.10/dist-packages/mini_pjt_interfaces/msg/_detection.py
-- Symlinking: /home/rokey/mini_pjt_ws/install/mini_pjt_interfaces/local/lib/python3.10/dist-packages/mini_pjt_interfaces/msg/_detection_array.py
-- Symlinking: /home/rokey/mini_pjt_ws/install/mini_pjt_interfaces/local/lib/python3.10/dist-packages/mini_pjt_interfaces/msg/_detection_array_s.c
-- Symlinking: /home/rokey/mini_pjt_ws/install/mini_pjt_interfaces/local/lib/python3.10/dist-packages/mini_pjt_interfaces/msg/_detection_s.c
-- Symlinking: /home/rokey/mini_pjt_ws/install/mini_pjt_interfaces/local/lib/python3.10/dist-packages/mini_pjt_interfaces/msg/_robot_state.py
-- Symlinking: /home/rokey/mini_pjt_ws/install/mini_pjt_interfaces/local/lib/python3.10/dist-packages/mini_pjt_interfaces/msg/_robot_state_s.c
-- Up-to-date symlink: /home/rokey/mini_pjt_ws/install/mini_pjt_interfaces/local/lib/python3.10/dist-packages/mini_pjt_interfaces/mini_pjt_interfaces_s__rosidl_typesupport_fastrtps_c.cpython-310-x86_64-linux-gnu.so
-- Up-to-date symlink: /home/rokey/mini_pjt_ws/install/mini_pjt_interfaces/local/lib/python3.10/dist-packages/mini_pjt_interfaces/mini_pjt_interfaces_s__rosidl_typesupport_introspection_c.cpython-310-x86_64-linux-gnu.so
-- Up-to-date symlink: /home/rokey/mini_pjt_ws/install/mini_pjt_interfaces/local/lib/python3.10/dist-packages/mini_pjt_interfaces/mini_pjt_interfaces_s__rosidl_typesupport_c.cpython-310-x86_64-linux-gnu.so
-- Symlinking: /home/rokey/mini_pjt_ws/install/mini_pjt_interfaces/share/ament_index/resource_index/rust_packages/mini_pjt_interfaces
-- Symlinking: /home/rokey/mini_pjt_ws/install/mini_pjt_interfaces/share/mini_pjt_interfaces/rust/Cargo.toml
-- Symlinking: /home/rokey/mini_pjt_ws/install/mini_pjt_interfaces/share/mini_pjt_interfaces/rust/build.rs
-- Symlinking: /home/rokey/mini_pjt_ws/install/mini_pjt_interfaces/share/mini_pjt_interfaces/rust/src/lib.rs
-- Symlinking: /home/rokey/mini_pjt_ws/install/mini_pjt_interfaces/share/mini_pjt_interfaces/rust/src/msg.rs
-- Symlinking: /home/rokey/mini_pjt_ws/install/mini_pjt_interfaces/share/mini_pjt_interfaces/rust/src/msg/rmw.rs
-- Symlinking: /home/rokey/mini_pjt_ws/install/mini_pjt_interfaces/share/mini_pjt_interfaces/msg/Detection.idl
-- Symlinking: /home/rokey/mini_pjt_ws/install/mini_pjt_interfaces/share/mini_pjt_interfaces/msg/DetectionArray.idl
-- Symlinking: /home/rokey/mini_pjt_ws/install/mini_pjt_interfaces/share/mini_pjt_interfaces/msg/RobotState.idl
-- Symlinking: /home/rokey/mini_pjt_ws/install/mini_pjt_interfaces/share/mini_pjt_interfaces/msg/Detection.msg
-- Symlinking: /home/rokey/mini_pjt_ws/install/mini_pjt_interfaces/share/mini_pjt_interfaces/msg/DetectionArray.msg
-- Symlinking: /home/rokey/mini_pjt_ws/install/mini_pjt_interfaces/share/mini_pjt_interfaces/msg/RobotState.msg
-- Symlinking: /home/rokey/mini_pjt_ws/install/mini_pjt_interfaces/share/ament_index/resource_index/package_run_dependencies/mini_pjt_interfaces
-- Symlinking: /home/rokey/mini_pjt_ws/install/mini_pjt_interfaces/share/ament_index/resource_index/parent_prefix_path/mini_pjt_interfaces
-- Symlinking: /home/rokey/mini_pjt_ws/install/mini_pjt_interfaces/share/mini_pjt_interfaces/environment/ament_prefix_path.sh
-- Symlinking: /home/rokey/mini_pjt_ws/install/mini_pjt_interfaces/share/mini_pjt_interfaces/environment/ament_prefix_path.dsv
-- Symlinking: /home/rokey/mini_pjt_ws/install/mini_pjt_interfaces/share/mini_pjt_interfaces/environment/path.sh
-- Symlinking: /home/rokey/mini_pjt_ws/install/mini_pjt_interfaces/share/mini_pjt_interfaces/environment/path.dsv
-- Symlinking: /home/rokey/mini_pjt_ws/install/mini_pjt_interfaces/share/mini_pjt_interfaces/local_setup.bash
-- Symlinking: /home/rokey/mini_pjt_ws/install/mini_pjt_interfaces/share/mini_pjt_interfaces/local_setup.sh
-- Symlinking: /home/rokey/mini_pjt_ws/install/mini_pjt_interfaces/share/mini_pjt_interfaces/local_setup.zsh
-- Symlinking: /home/rokey/mini_pjt_ws/install/mini_pjt_interfaces/share/mini_pjt_interfaces/local_setup.dsv
-- Symlinking: /home/rokey/mini_pjt_ws/install/mini_pjt_interfaces/share/mini_pjt_interfaces/package.dsv
-- Symlinking: /home/rokey/mini_pjt_ws/install/mini_pjt_interfaces/share/ament_index/resource_index/packages/mini_pjt_interfaces
-- Symlinking: /home/rokey/mini_pjt_ws/install/mini_pjt_interfaces/share/mini_pjt_interfaces/cmake/rosidl_cmake-extras.cmake
-- Symlinking: /home/rokey/mini_pjt_ws/install/mini_pjt_interfaces/share/mini_pjt_interfaces/cmake/ament_cmake_export_dependencies-extras.cmake
-- Symlinking: /home/rokey/mini_pjt_ws/install/mini_pjt_interfaces/share/mini_pjt_interfaces/cmake/ament_cmake_export_include_directories-extras.cmake
-- Symlinking: /home/rokey/mini_pjt_ws/install/mini_pjt_interfaces/share/mini_pjt_interfaces/cmake/ament_cmake_export_libraries-extras.cmake
-- Symlinking: /home/rokey/mini_pjt_ws/install/mini_pjt_interfaces/share/mini_pjt_interfaces/cmake/ament_cmake_export_targets-extras.cmake
-- Symlinking: /home/rokey/mini_pjt_ws/install/mini_pjt_interfaces/share/mini_pjt_interfaces/cmake/rosidl_cmake_export_typesupport_targets-extras.cmake
-- Symlinking: /home/rokey/mini_pjt_ws/install/mini_pjt_interfaces/share/mini_pjt_interfaces/cmake/rosidl_cmake_export_typesupport_libraries-extras.cmake
-- Symlinking: /home/rokey/mini_pjt_ws/install/mini_pjt_interfaces/share/mini_pjt_interfaces/cmake/rosidl_cmake_aggregate_target-extras.cmake
-- Symlinking: /home/rokey/mini_pjt_ws/install/mini_pjt_interfaces/share/mini_pjt_interfaces/cmake/mini_pjt_interfacesConfig.cmake
-- Symlinking: /home/rokey/mini_pjt_ws/install/mini_pjt_interfaces/share/mini_pjt_interfaces/cmake/mini_pjt_interfacesConfig-version.cmake
-- Symlinking: /home/rokey/mini_pjt_ws/install/mini_pjt_interfaces/share/mini_pjt_interfaces/package.xml
-- Installing: /home/rokey/mini_pjt_ws/install/mini_pjt_interfaces/lib/libmini_pjt_interfaces__rosidl_generator_c.so
-- Set runtime path of "/home/rokey/mini_pjt_ws/install/mini_pjt_interfaces/lib/libmini_pjt_interfaces__rosidl_generator_c.so" to ""
-- Installing: /home/rokey/mini_pjt_ws/install/mini_pjt_interfaces/lib/libmini_pjt_interfaces__rosidl_typesupport_fastrtps_c.so
-- Set runtime path of "/home/rokey/mini_pjt_ws/install/mini_pjt_interfaces/lib/libmini_pjt_interfaces__rosidl_typesupport_fastrtps_c.so" to ""
-- Installing: /home/rokey/mini_pjt_ws/install/mini_pjt_interfaces/lib/libmini_pjt_interfaces__rosidl_typesupport_introspection_c.so
-- Set runtime path of "/home/rokey/mini_pjt_ws/install/mini_pjt_interfaces/lib/libmini_pjt_interfaces__rosidl_typesupport_introspection_c.so" to ""
-- Installing: /home/rokey/mini_pjt_ws/install/mini_pjt_interfaces/lib/libmini_pjt_interfaces__rosidl_typesupport_c.so
-- Set runtime path of "/home/rokey/mini_pjt_ws/install/mini_pjt_interfaces/lib/libmini_pjt_interfaces__rosidl_typesupport_c.so" to ""
-- Installing: /home/rokey/mini_pjt_ws/install/mini_pjt_interfaces/lib/libmini_pjt_interfaces__rosidl_typesupport_fastrtps_cpp.so
-- Set runtime path of "/home/rokey/mini_pjt_ws/install/mini_pjt_interfaces/lib/libmini_pjt_interfaces__rosidl_typesupport_fastrtps_cpp.so" to ""
-- Installing: /home/rokey/mini_pjt_ws/install/mini_pjt_interfaces/lib/libmini_pjt_interfaces__rosidl_typesupport_introspection_cpp.so
-- Set runtime path of "/home/rokey/mini_pjt_ws/install/mini_pjt_interfaces/lib/libmini_pjt_interfaces__rosidl_typesupport_introspection_cpp.so" to ""
-- Installing: /home/rokey/mini_pjt_ws/install/mini_pjt_interfaces/lib/libmini_pjt_interfaces__rosidl_typesupport_cpp.so
-- Set runtime path of "/home/rokey/mini_pjt_ws/install/mini_pjt_interfaces/lib/libmini_pjt_interfaces__rosidl_typesupport_cpp.so" to ""
Listing '/home/rokey/mini_pjt_ws/install/mini_pjt_interfaces/local/lib/python3.10/dist-packages/mini_pjt_interfaces'...
Compiling '/home/rokey/mini_pjt_ws/install/mini_pjt_interfaces/local/lib/python3.10/dist-packages/mini_pjt_interfaces/__init__.py'...
Listing '/home/rokey/mini_pjt_ws/install/mini_pjt_interfaces/local/lib/python3.10/dist-packages/mini_pjt_interfaces/msg'...
Compiling '/home/rokey/mini_pjt_ws/install/mini_pjt_interfaces/local/lib/python3.10/dist-packages/mini_pjt_interfaces/msg/__init__.py'...
Compiling '/home/rokey/mini_pjt_ws/install/mini_pjt_interfaces/local/lib/python3.10/dist-packages/mini_pjt_interfaces/msg/_detection.py'...
Compiling '/home/rokey/mini_pjt_ws/install/mini_pjt_interfaces/local/lib/python3.10/dist-packages/mini_pjt_interfaces/msg/_detection_array.py'...
Compiling '/home/rokey/mini_pjt_ws/install/mini_pjt_interfaces/local/lib/python3.10/dist-packages/mini_pjt_interfaces/msg/_robot_state.py'...
-- Installing: /home/rokey/mini_pjt_ws/install/mini_pjt_interfaces/lib/libmini_pjt_interfaces__rosidl_generator_py.so
-- Set runtime path of "/home/rokey/mini_pjt_ws/install/mini_pjt_interfaces/lib/libmini_pjt_interfaces__rosidl_generator_py.so" to ""
-- Installing: /home/rokey/mini_pjt_ws/install/mini_pjt_interfaces/share/mini_pjt_interfaces/cmake/export_mini_pjt_interfaces__rosidl_generator_cExport.cmake
-- Installing: /home/rokey/mini_pjt_ws/install/mini_pjt_interfaces/share/mini_pjt_interfaces/cmake/export_mini_pjt_interfaces__rosidl_generator_cExport-noconfig.cmake
-- Installing: /home/rokey/mini_pjt_ws/install/mini_pjt_interfaces/share/mini_pjt_interfaces/cmake/export_mini_pjt_interfaces__rosidl_typesupport_fastrtps_cExport.cmake
-- Installing: /home/rokey/mini_pjt_ws/install/mini_pjt_interfaces/share/mini_pjt_interfaces/cmake/export_mini_pjt_interfaces__rosidl_typesupport_fastrtps_cExport-noconfig.cmake
-- Installing: /home/rokey/mini_pjt_ws/install/mini_pjt_interfaces/share/mini_pjt_interfaces/cmake/mini_pjt_interfaces__rosidl_typesupport_introspection_cExport.cmake
-- Installing: /home/rokey/mini_pjt_ws/install/mini_pjt_interfaces/share/mini_pjt_interfaces/cmake/mini_pjt_interfaces__rosidl_typesupport_introspection_cExport-noconfig.cmake
-- Installing: /home/rokey/mini_pjt_ws/install/mini_pjt_interfaces/share/mini_pjt_interfaces/cmake/mini_pjt_interfaces__rosidl_typesupport_cExport.cmake
-- Installing: /home/rokey/mini_pjt_ws/install/mini_pjt_interfaces/share/mini_pjt_interfaces/cmake/mini_pjt_interfaces__rosidl_typesupport_cExport-noconfig.cmake
-- Installing: /home/rokey/mini_pjt_ws/install/mini_pjt_interfaces/share/mini_pjt_interfaces/cmake/export_mini_pjt_interfaces__rosidl_generator_cppExport.cmake
-- Installing: /home/rokey/mini_pjt_ws/install/mini_pjt_interfaces/share/mini_pjt_interfaces/cmake/export_mini_pjt_interfaces__rosidl_typesupport_fastrtps_cppExport.cmake
-- Installing: /home/rokey/mini_pjt_ws/install/mini_pjt_interfaces/share/mini_pjt_interfaces/cmake/export_mini_pjt_interfaces__rosidl_typesupport_fastrtps_cppExport-noconfig.cmake
-- Installing: /home/rokey/mini_pjt_ws/install/mini_pjt_interfaces/share/mini_pjt_interfaces/cmake/mini_pjt_interfaces__rosidl_typesupport_introspection_cppExport.cmake
-- Installing: /home/rokey/mini_pjt_ws/install/mini_pjt_interfaces/share/mini_pjt_interfaces/cmake/mini_pjt_interfaces__rosidl_typesupport_introspection_cppExport-noconfig.cmake
-- Installing: /home/rokey/mini_pjt_ws/install/mini_pjt_interfaces/share/mini_pjt_interfaces/cmake/mini_pjt_interfaces__rosidl_typesupport_cppExport.cmake
-- Installing: /home/rokey/mini_pjt_ws/install/mini_pjt_interfaces/share/mini_pjt_interfaces/cmake/mini_pjt_interfaces__rosidl_typesupport_cppExport-noconfig.cmake
-- Installing: /home/rokey/mini_pjt_ws/install/mini_pjt_interfaces/share/mini_pjt_interfaces/cmake/export_mini_pjt_interfaces__rosidl_generator_pyExport.cmake
-- Installing: /home/rokey/mini_pjt_ws/install/mini_pjt_interfaces/share/mini_pjt_interfaces/cmake/export_mini_pjt_interfaces__rosidl_generator_pyExport-noconfig.cmake
